Component: ARM Compiler 5.06 update 7 (build 960) Tool: armlink [4d3601]

==============================================================================

Section Cross References

    main.o(i.SysTick_Handler) refers to keyboard.o(i.keyboard_scan) for keyboard_scan
    main.o(i.SysTick_Handler) refers to rtc.o(i.RTC_GetDateTime) for RTC_GetDateTime
    main.o(i.SysTick_Handler) refers to lcd.o(i.lcd_update_time) for lcd_update_time
    main.o(i.SysTick_Handler) refers to uart.o(i.uart_send_time) for uart_send_time
    main.o(i.SysTick_Handler) refers to scheduler.o(i.scheduler_check) for scheduler_check
    main.o(i.SysTick_Handler) refers to main.o(.data) for tick_counter
    main.o(i.USART1_IRQHandler) refers to uart.o(i.uart_process_char) for uart_process_char
    main.o(i.main) refers to sysinit.o(i.sysClockTo72) for sysClockTo72
    main.o(i.main) refers to gpio.o(i.gpio_init) for gpio_init
    main.o(i.main) refers to rtc.o(i.rtc_init) for rtc_init
    main.o(i.main) refers to i2c.o(i.i2cInit) for i2cInit
    main.o(i.main) refers to lcd.o(i.lcd_init) for lcd_init
    main.o(i.main) refers to keyboard.o(i.keyboard_init) for keyboard_init
    main.o(i.main) refers to scheduler.o(i.scheduler_init) for scheduler_init
    main.o(i.main) refers to uart.o(i.uart_init) for uart_init
    main.o(i.main) refers to rtc.o(i.RTC_SetDateTime) for RTC_SetDateTime
    main.o(i.main) refers to rtc.o(i.RTC_GetDateTime) for RTC_GetDateTime
    main.o(i.main) refers to lcd.o(i.lcd_clear) for lcd_clear
    main.o(i.main) refers to lcd.o(i.lcd_print_string) for lcd_print_string
    main.o(i.main) refers to lcd.o(i.lcd_set_cursor) for lcd_set_cursor
    main.o(i.main) refers to delay.o(i.delay_ms) for delay_ms
    main.o(i.main) refers to uart.o(i.uart_send_string) for uart_send_string
    main.o(i.main) refers to uart.o(i.uart_process_command) for uart_process_command
    main.o(i.main) refers to keyboard.o(i.keyboard_get_key) for keyboard_get_key
    main.o(i.main) refers to keyboard.o(i.keyboard_process_key) for keyboard_process_key
    main.o(i.main) refers to main.o(i.delay_ms_simple) for delay_ms_simple
    main.o(i.main) refers to main.o(.data) for current_time
    rtc.o(i.RTC_GetDateTime) refers to rtc.o(.bss) for device_schedule
    rtc.o(i.RTC_SetDateTime) refers to rtc.o(.bss) for device_schedule
    uart.o(i.uart_help) refers to uart.o(i.uart_send_string) for uart_send_string
    uart.o(i.uart_process_char) refers to uart.o(i.uart_send_string) for uart_send_string
    uart.o(i.uart_process_char) refers to uart.o(.data) for uart_buffer_index
    uart.o(i.uart_process_char) refers to uart.o(.bss) for uart_buffer
    uart.o(i.uart_process_command) refers to _printf_pad.o(.text) for _printf_pre_padding
    uart.o(i.uart_process_command) refers to _printf_percent.o(.ARM.Collect$$_printf_percent$$00000000) for _printf_percent
    uart.o(i.uart_process_command) refers to _printf_d.o(.ARM.Collect$$_printf_percent$$00000009) for _printf_d
    uart.o(i.uart_process_command) refers to _printf_dec.o(.text) for _printf_int_dec
    uart.o(i.uart_process_command) refers to uart.o(i.uart_send_string) for uart_send_string
    uart.o(i.uart_process_command) refers to strstr.o(.text) for strstr
    uart.o(i.uart_process_command) refers to strtok_r.o(.text) for strtok_r
    uart.o(i.uart_process_command) refers to atoi.o(.text) for atoi
    uart.o(i.uart_process_command) refers to rtc.o(i.RTC_SetDateTime) for RTC_SetDateTime
    uart.o(i.uart_process_command) refers to uart.o(i.uart_send_time) for uart_send_time
    uart.o(i.uart_process_command) refers to noretval__2sprintf.o(.text) for __2sprintf
    uart.o(i.uart_process_command) refers to uart.o(i.uart_help) for uart_help
    uart.o(i.uart_process_command) refers to strlen.o(.text) for strlen
    uart.o(i.uart_process_command) refers to rt_memclr.o(.text) for __aeabi_memclr
    uart.o(i.uart_process_command) refers to uart.o(.data) for command_ready
    uart.o(i.uart_process_command) refers to uart.o(.bss) for uart_buffer
    uart.o(i.uart_process_command) refers to main.o(.data) for current_time
    uart.o(i.uart_process_command) refers to rtc.o(.bss) for device_schedule
    uart.o(i.uart_send_string) refers to uart.o(i.uart_send_char) for uart_send_char
    uart.o(i.uart_send_time) refers to _printf_pad.o(.text) for _printf_pre_padding
    uart.o(i.uart_send_time) refers to _printf_percent.o(.ARM.Collect$$_printf_percent$$00000000) for _printf_percent
    uart.o(i.uart_send_time) refers to _printf_d.o(.ARM.Collect$$_printf_percent$$00000009) for _printf_d
    uart.o(i.uart_send_time) refers to _printf_dec.o(.text) for _printf_int_dec
    uart.o(i.uart_send_time) refers to noretval__2sprintf.o(.text) for __2sprintf
    uart.o(i.uart_send_time) refers to uart.o(i.uart_send_string) for uart_send_string
    i2c.o(i.i2cInit) refers to delay.o(i.delay_ms) for delay_ms
    i2c.o(i.i2c_write_byte) refers to i2c.o(i.i2c_start) for i2c_start
[...]
    system_stm32f10x.o(i.SystemCoreClockUpdate) refers to system_stm32f10x.o(.data) for SystemCoreClock
    system_stm32f10x.o(i.SystemInit) refers to system_stm32f10x.o(i.SetSysClock) for SetSysClock
    __2sprintf.o(.text) refers to _printf_char_common.o(.text) for _printf_char_common
    __2sprintf.o(.text) refers to _sputc.o(.text) for _sputc
    noretval__2sprintf.o(.text) refers to _printf_char_common.o(.text) for _printf_char_common
    noretval__2sprintf.o(.text) refers to _sputc.o(.text) for _sputc
    __printf.o(.text) refers to _printf_percent.o(.ARM.Collect$$_printf_percent$$00000000) for _printf_percent
    _printf_dec.o(.text) refers to _printf_intcommon.o(.text) for _printf_int_common
    __printf_flags.o(.text) refers to _printf_percent.o(.ARM.Collect$$_printf_percent$$00000000) for _printf_percent
    __printf_flags.o(.text) refers to __printf_flags.o(.constdata) for .constdata
    __printf_ss.o(.text) refers to _printf_percent.o(.ARM.Collect$$_printf_percent$$00000000) for _printf_percent
    __printf_flags_ss.o(.text) refers to _printf_percent.o(.ARM.Collect$$_printf_percent$$00000000) for _printf_percent
    __printf_flags_ss.o(.text) refers to __printf_flags_ss.o(.constdata) for .constdata
    __printf_wp.o(.text) refers to __printf_wp.o(i._is_digit) for _is_digit
    __printf_wp.o(.text) refers to _printf_percent.o(.ARM.Collect$$_printf_percent$$00000000) for _printf_percent
    __printf_flags_wp.o(.text) refers to __printf_wp.o(i._is_digit) for _is_digit
    __printf_flags_wp.o(.text) refers to _printf_percent.o(.ARM.Collect$$_printf_percent$$00000000) for _printf_percent
    __printf_flags_wp.o(.text) refers to __printf_flags_wp.o(.constdata) for .constdata
    __printf_ss_wp.o(.text) refers to __printf_wp.o(i._is_digit) for _is_digit
    __printf_ss_wp.o(.text) refers to _printf_percent.o(.ARM.Collect$$_printf_percent$$00000000) for _printf_percent
    __printf_flags_ss_wp.o(.text) refers to __printf_wp.o(i._is_digit) for _is_digit
    __printf_flags_ss_wp.o(.text) refers to _printf_percent.o(.ARM.Collect$$_printf_percent$$00000000) for _printf_percent
    __printf_flags_ss_wp.o(.text) refers to __printf_flags_ss_wp.o(.constdata) for .constdata
    _printf_d.o(.ARM.Collect$$_printf_percent$$00000009) refers (Weak) to _printf_dec.o(.text) for _printf_int_dec
    _printf_percent.o(.ARM.Collect$$_printf_percent$$00000000) refers (Special) to _printf_percent_end.o(.ARM.Collect$$_printf_percent$$00000017) for _printf_percent_end
    atoi.o(.text) refers to rt_errno_addr_intlibspace.o(.text) for __aeabi_errno_addr
    atoi.o(.text) refers to strtol.o(.text) for strtol
    strtok_r.o(.text) refers to strtok_int.o(.text) for __strtok_internal
    rt_memclr.o(.text) refers to rt_memclr_w.o(.text) for _memset_w
    __main.o(!!!main) refers to __rtentry.o(.ARM.Collect$$rtentry$$00000000) for __rt_entry
    __rtentry.o(.ARM.Collect$$rtentry$$00000000) refers (Special) to __rtentry2.o(.ARM.Collect$$rtentry$$0000000A) for __rt_entry_li
    __rtentry.o(.ARM.Collect$$rtentry$$00000000) refers (Special) to __rtentry2.o(.ARM.Collect$$rtentry$$0000000D) for __rt_entry_main
    __rtentry.o(.ARM.Collect$$rtentry$$00000000) refers (Special) to __rtentry2.o(.ARM.Collect$$rtentry$$0000000C) for __rt_entry_postli_1
    __rtentry.o(.ARM.Collect$$rtentry$$00000000) refers (Special) to __rtentry2.o(.ARM.Collect$$rtentry$$00000009) for __rt_entry_postsh_1
    __rtentry.o(.ARM.Collect$$rtentry$$00000000) refers (Special) to __rtentry2.o(.ARM.Collect$$rtentry$$00000002) for __rt_entry_presh_1
    __rtentry.o(.ARM.Collect$$rtentry$$00000000) refers (Special) to __rtentry4.o(.ARM.Collect$$rtentry$$00000004) for __rt_entry_sh
    rt_errno_addr.o(.text) refers to rt_errno_addr.o(.bss) for __aeabi_errno_addr_data
    rt_errno_addr_intlibspace.o(.text) refers to libspace.o(.bss) for __libspace_start
    _printf_intcommon.o(.text) refers (Weak) to _printf_pad.o(.text) for _printf_pre_padding
    _printf_intcommon.o(.text) refers (Weak) to _printf_pad.o(.text) for _printf_pre_padding
    _printf_intcommon.o(.text) refers (Weak) to _printf_pad.o(.text) for _printf_post_padding
    _printf_char_common.o(.text) refers to __printf_flags_wp.o(.text) for __printf
    strtol.o(.text) refers to rt_ctype_table.o(.text) for __rt_ctype_table
    strtol.o(.text) refers to _strtoul.o(.text) for _strtoul
    strtol.o(.text) refers to rt_errno_addr_intlibspace.o(.text) for __aeabi_errno_addr
    strtok_int.o(.text) refers to strspn.o(.text) for strspn
    strtok_int.o(.text) refers to strcspn.o(.text) for strcspn
    libspace.o(.text) refers to libspace.o(.bss) for __libspace_start
    __rtentry2.o(.ARM.Collect$$rtentry$$00000008) refers to boardinit2.o(.text) for _platform_post_stackheap_init
    __rtentry2.o(.ARM.Collect$$rtentry$$0000000A) refers to libinit.o(.ARM.Collect$$libinit$$00000000) for __rt_lib_init
    __rtentry2.o(.ARM.Collect$$rtentry$$0000000B) refers to boardinit3.o(.text) for _platform_post_lib_init
    __rtentry2.o(.ARM.Collect$$rtentry$$0000000D) refers to main.o(i.main) for main
    __rtentry2.o(.ARM.Collect$$rtentry$$0000000D) refers to exit.o(.text) for exit
    __rtentry2.o(.ARM.exidx) refers to __rtentry2.o(.ARM.Collect$$rtentry$$00000001) for .ARM.Collect$$rtentry$$00000001
    __rtentry2.o(.ARM.exidx) refers to __rtentry2.o(.ARM.Collect$$rtentry$$00000008) for .ARM.Collect$$rtentry$$00000008
    __rtentry2.o(.ARM.exidx) refers to __rtentry2.o(.ARM.Collect$$rtentry$$0000000A) for .ARM.Collect$$rtentry$$0000000A
    __rtentry2.o(.ARM.exidx) refers to __rtentry2.o(.ARM.Collect$$rtentry$$0000000B) for .ARM.Collect$$rtentry$$0000000B
    __rtentry2.o(.ARM.exidx) refers to __rtentry2.o(.ARM.Collect$$rtentry$$0000000D) for .ARM.Collect$$rtentry$$0000000D
    __rtentry4.o(.ARM.Collect$$rtentry$$00000004) refers to sys_stackheap_outer.o(.text) for __user_setup_stackheap
    __rtentry4.o(.ARM.exidx) refers to __rtentry4.o(.ARM.Collect$$rtentry$$00000004) for .ARM.Collect$$rtentry$$00000004
    rt_ctype_table.o(.text) refers to rt_locale_intlibspace.o(.text) for __rt_locale
    rt_ctype_table.o(.text) refers to lc_ctype_c.o(locale$$code) for _get_lc_ctype
    _strtoul.o(.text) refers to _chval.o(.text) for _chval
    _strtoul.o(.text) refers to rt_errno_addr_intlibspace.o(.text) for __aeabi_errno_addr
    sys_stackheap_outer.o(.text) refers to libspace.o(.text) for __user_perproc_libspace
    sys_stackheap_outer.o(.text) refers to startup_stm32f10x_md.o(.text) for __user_initial_stackheap
    rt_locale.o(.text) refers to rt_locale.o(.bss) for __rt_locale_data
    rt_locale_intlibspace.o(.text) refers to libspace.o(.bss) for __libspace_start
    lc_ctype_c.o(locale$$data) refers (Special) to libinit2.o(.ARM.Collect$$libinit$$00000012) for __rt_lib_init_lc_ctype_2
    lc_ctype_c.o(locale$$code) refers (Special) to libinit2.o(.ARM.Collect$$libinit$$00000012) for __rt_lib_init_lc_ctype_2
    lc_ctype_c.o(locale$$code) refers to strcmpv7m.o(.text) for strcmp
    lc_ctype_c.o(locale$$code) refers to lc_ctype_c.o(locale$$data) for __lcctype_c_name
    exit.o(.text) refers to rtexit.o(.ARM.Collect$$rtexit$$00000000) for __rt_exit
    libinit.o(.ARM.Collect$$libinit$$00000000) refers (Special) to libinit2.o(.ARM.Collect$$libinit$$0000002E) for __rt_lib_init_alloca_1
    libinit.o(.ARM.Collect$$libinit$$00000000) refers (Special) to libinit2.o(.ARM.Collect$$libinit$$0000002C) for __rt_lib_init_argv_1
    libinit.o(.ARM.Collect$$libinit$$00000000) refers (Special) to libinit2.o(.ARM.Collect$$libinit$$0000001B) for __rt_lib_init_atexit_1
    libinit.o(.ARM.Collect$$libinit$$00000000) refers (Special) to libinit2.o(.ARM.Collect$$libinit$$00000021) for __rt_lib_init_clock_1
    libinit.o(.ARM.Collect$$libinit$$00000000) refers (Special) to libinit2.o(.ARM.Collect$$libinit$$00000032) for __rt_lib_init_cpp_1
    libinit.o(.ARM.Collect$$libinit$$00000000) refers (Special) to libinit2.o(.ARM.Collect$$libinit$$00000030) for __rt_lib_init_exceptions_1
    libinit.o(.ARM.Collect$$libinit$$00000000) refers (Special) to libinit2.o(.ARM.Collect$$libinit$$00000002) for __rt_lib_init_fp_1
    libinit.o(.ARM.Collect$$libinit$$00000000) refers (Special) to libinit2.o(.ARM.Collect$$libinit$$0000001F) for __rt_lib_init_fp_trap_1
    libinit.o(.ARM.Collect$$libinit$$00000000) refers (Special) to libinit2.o(.ARM.Collect$$libinit$$00000023) for __rt_lib_init_getenv_1
    libinit.o(.ARM.Collect$$libinit$$00000000) refers (Special) to libinit2.o(.ARM.Collect$$libinit$$0000000A) for __rt_lib_init_heap_1
    libinit.o(.ARM.Collect$$libinit$$00000000) refers (Special) to libinit2.o(.ARM.Collect$$libinit$$00000011) for __rt_lib_init_lc_collate_1
    libinit.o(.ARM.Collect$$libinit$$00000000) refers (Special) to libinit2.o(.ARM.Collect$$libinit$$00000013) for __rt_lib_init_lc_ctype_1
    libinit.o(.ARM.Collect$$libinit$$00000000) refers (Special) to libinit2.o(.ARM.Collect$$libinit$$00000015) for __rt_lib_init_lc_monetary_1
    libinit.o(.ARM.Collect$$libinit$$00000000) refers (Special) to libinit2.o(.ARM.Collect$$libinit$$00000017) for __rt_lib_init_lc_numeric_1
    libinit.o(.ARM.Collect$$libinit$$00000000) refers (Special) to libinit2.o(.ARM.Collect$$libinit$$00000019) for __rt_lib_init_lc_time_1
    libinit.o(.ARM.Collect$$libinit$$00000000) refers (Special) to libinit2.o(.ARM.Collect$$libinit$$00000004) for __rt_lib_init_preinit_1
    libinit.o(.ARM.Collect$$libinit$$00000000) refers (Special) to libinit2.o(.ARM.Collect$$libinit$$0000000E) for __rt_lib_init_rand_1
    libinit.o(.ARM.Collect$$libinit$$00000000) refers (Special) to libinit2.o(.ARM.Collect$$libinit$$00000033) for __rt_lib_init_return
    libinit.o(.ARM.Collect$$libinit$$00000000) refers (Special) to libinit2.o(.ARM.Collect$$libinit$$0000001D) for __rt_lib_init_signal_1
    libinit.o(.ARM.Collect$$libinit$$00000000) refers (Special) to libinit2.o(.ARM.Collect$$libinit$$00000025) for __rt_lib_init_stdio_1
    libinit.o(.ARM.Collect$$libinit$$00000000) refers (Special) to libinit2.o(.ARM.Collect$$libinit$$0000000C) for __rt_lib_init_user_alloc_1
    rtexit.o(.ARM.Collect$$rtexit$$00000000) refers (Special) to rtexit2.o(.ARM.Collect$$rtexit$$00000004) for __rt_exit_exit
    rtexit.o(.ARM.Collect$$rtexit$$00000000) refers (Special) to rtexit2.o(.ARM.Collect$$rtexit$$00000003) for __rt_exit_ls
    rtexit.o(.ARM.Collect$$rtexit$$00000000) refers (Special) to rtexit2.o(.ARM.Collect$$rtexit$$00000002) for __rt_exit_prels_1
    rtexit.o(.ARM.exidx) refers (Special) to rtexit2.o(.ARM.Collect$$rtexit$$00000004) for __rt_exit_exit
    rtexit.o(.ARM.exidx) refers (Special) to rtexit2.o(.ARM.Collect$$rtexit$$00000003) for __rt_exit_ls
    rtexit.o(.ARM.exidx) refers (Special) to rtexit2.o(.ARM.Collect$$rtexit$$00000002) for __rt_exit_prels_1
    rtexit.o(.ARM.exidx) refers to rtexit.o(.ARM.Collect$$rtexit$$00000000) for .ARM.Collect$$rtexit$$00000000
    libinit2.o(.ARM.Collect$$libinit$$0000000F) refers (Weak) to rt_locale_intlibspace.o(.text) for __rt_locale
    libinit2.o(.ARM.Collect$$libinit$$00000010) refers to libinit2.o(.ARM.Collect$$libinit$$0000000F) for .ARM.Collect$$libinit$$0000000F
    libinit2.o(.ARM.Collect$$libinit$$00000012) refers to libinit2.o(.ARM.Collect$$libinit$$0000000F) for .ARM.Collect$$libinit$$0000000F
    libinit2.o(.ARM.Collect$$libinit$$00000012) refers (Weak) to lc_ctype_c.o(locale$$code) for _get_lc_ctype
    libinit2.o(.ARM.Collect$$libinit$$00000014) refers to libinit2.o(.ARM.Collect$$libinit$$0000000F) for .ARM.Collect$$libinit$$0000000F
    libinit2.o(.ARM.Collect$$libinit$$00000016) refers to libinit2.o(.ARM.Collect$$libinit$$0000000F) for .ARM.Collect$$libinit$$0000000F
    libinit2.o(.ARM.Collect$$libinit$$00000018) refers to libinit2.o(.ARM.Collect$$libinit$$0000000F) for .ARM.Collect$$libinit$$0000000F
    libinit2.o(.ARM.Collect$$libinit$$00000026) refers to argv_veneer.o(.emb_text) for __ARM_argv_veneer
    libinit2.o(.ARM.Collect$$libinit$$00000027) refers to argv_veneer.o(.emb_text) for __ARM_argv_veneer
    rtexit2.o(.ARM.Collect$$rtexit$$00000003) refers to libshutdown.o(.ARM.Collect$$libshutdown$$00000000) for __rt_lib_shutdown
    rtexit2.o(.ARM.Collect$$rtexit$$00000004) refers to sys_exit.o(.text) for _sys_exit
    rtexit2.o(.ARM.exidx) refers to rtexit2.o(.ARM.Collect$$rtexit$$00000001) for .ARM.Collect$$rtexit$$00000001
    rtexit2.o(.ARM.exidx) refers to rtexit2.o(.ARM.Collect$$rtexit$$00000003) for .ARM.Collect$$rtexit$$00000003
    rtexit2.o(.ARM.exidx) refers to rtexit2.o(.ARM.Collect$$rtexit$$00000004) for .ARM.Collect$$rtexit$$00000004
    argv_veneer.o(.emb_text) refers to no_argv.o(.text) for __ARM_get_argv
    sys_exit.o(.text) refers (Special) to use_no_semi.o(.text) for __I$use$semihosting
    sys_exit.o(.text) refers (Special) to indicate_semi.o(.text) for __semihosting_library_function
    _get_argv_nomalloc.o(.text) refers (Special) to hrguard.o(.text) for __heap_region$guard
    _get_argv_nomalloc.o(.text) refers to defsig_rtmem_outer.o(.text) for __rt_SIGRTMEM
    _get_argv_nomalloc.o(.text) refers to sys_command.o(.text) for _sys_command_string
    libshutdown.o(.ARM.Collect$$libshutdown$$00000000) refers (Special) to libshutdown2.o(.ARM.Collect$$libshutdown$$00000004) for __rt_lib_shutdown_cpp_1
    libshutdown.o(.ARM.Collect$$libshutdown$$00000000) refers (Special) to libshutdown2.o(.ARM.Collect$$libshutdown$$00000002) for __rt_lib_shutdown_fini_1
    libshutdown.o(.ARM.Collect$$libshutdown$$00000000) refers (Special) to libshutdown2.o(.ARM.Collect$$libshutdown$$00000009) for __rt_lib_shutdown_fp_trap_1
    libshutdown.o(.ARM.Collect$$libshutdown$$00000000) refers (Special) to libshutdown2.o(.ARM.Collect$$libshutdown$$00000011) for __rt_lib_shutdown_heap_1
    libshutdown.o(.ARM.Collect$$libshutdown$$00000000) refers (Special) to libshutdown2.o(.ARM.Collect$$libshutdown$$00000012) for __rt_lib_shutdown_return
    libshutdown.o(.ARM.Collect$$libshutdown$$00000000) refers (Special) to libshutdown2.o(.ARM.Collect$$libshutdown$$0000000C) for __rt_lib_shutdown_signal_1
    libshutdown.o(.ARM.Collect$$libshutdown$$00000000) refers (Special) to libshutdown2.o(.ARM.Collect$$libshutdown$$00000006) for __rt_lib_shutdown_stdio_1
    libshutdown.o(.ARM.Collect$$libshutdown$$00000000) refers (Special) to libshutdown2.o(.ARM.Collect$$libshutdown$$0000000E) for __rt_lib_shutdown_user_alloc_1
    sys_command.o(.text) refers (Special) to use_no_semi.o(.text) for __I$use$semihosting
    sys_command.o(.text) refers (Special) to indicate_semi.o(.text) for __semihosting_library_function
    defsig_rtmem_outer.o(.text) refers to defsig_rtmem_inner.o(.text) for __rt_SIGRTMEM_inner
    defsig_rtmem_outer.o(.text) refers to defsig_exit.o(.text) for __sig_exit
    defsig_rtmem_formal.o(.text) refers to rt_raise.o(.text) for __rt_raise
    rt_raise.o(.text) refers to __raise.o(.text) for __raise
    rt_raise.o(.text) refers to sys_exit.o(.text) for _sys_exit
    defsig_exit.o(.text) refers to sys_exit.o(.text) for _sys_exit
    defsig_rtmem_inner.o(.text) refers to defsig_general.o(.text) for __default_signal_display
    __raise.o(.text) refers to defsig.o(CL$$defsig) for __default_signal_handler
    defsig_general.o(.text) refers to sys_wrch.o(.text) for _ttywrch
    sys_wrch.o(.text) refers (Special) to use_no_semi.o(.text) for __I$use$semihosting
    sys_wrch.o(.text) refers (Special) to indicate_semi.o(.text) for __semihosting_library_function
    defsig.o(CL$$defsig) refers to defsig_rtmem_inner.o(.text) for __rt_SIGRTMEM_inner
    defsig_abrt_inner.o(.text) refers to defsig_general.o(.text) for __default_signal_display
    defsig_fpe_inner.o(.text) refers to defsig_general.o(.text) for __default_signal_display
    defsig_rtred_inner.o(.text) refers to defsig_general.o(.text) for __default_signal_display
    defsig_stak_inner.o(.text) refers to defsig_general.o(.text) for __default_signal_display
    defsig_pvfn_inner.o(.text) refers to defsig_general.o(.text) for __default_signal_display
    defsig_cppl_inner.o(.text) refers to defsig_general.o(.text) for __default_signal_display
    defsig_segv_inner.o(.text) refers to defsig_general.o(.text) for __default_signal_display
    defsig_other.o(.text) refers to defsig_general.o(.text) for __default_signal_display


==============================================================================

Removing Unused input sections from the image.

    Removing main.o(.rev16_text), (4 bytes).
    Removing main.o(.revsh_text), (4 bytes).
    Removing main.o(.rrx_text), (6 bytes).
    Removing rtc.o(.rev16_text), (4 bytes).
    Removing rtc.o(.revsh_text), (4 bytes).
    Removing rtc.o(.rrx_text), (6 bytes).
    Removing rtc.o(i.rtc_convert_from_seconds), (44 bytes).
    Removing rtc.o(i.rtc_convert_to_seconds), (26 bytes).
    Removing uart.o(.rev16_text), (4 bytes).
    Removing uart.o(.revsh_text), (4 bytes).
    Removing uart.o(.rrx_text), (6 bytes).
    Removing i2c.o(.rev16_text), (4 bytes).
    Removing i2c.o(.revsh_text), (4 bytes).
    Removing i2c.o(.rrx_text), (6 bytes).
    Removing lcd.o(.rev16_text), (4 bytes).
    Removing lcd.o(.revsh_text), (4 bytes).
    Removing lcd.o(.rrx_text), (6 bytes).
    Removing keyboard.o(.rev16_text), (4 bytes).
    Removing keyboard.o(.revsh_text), (4 bytes).
    Removing keyboard.o(.rrx_text), (6 bytes).
    Removing scheduler.o(.rev16_text), (4 bytes).
    Removing scheduler.o(.revsh_text), (4 bytes).
    Removing scheduler.o(.rrx_text), (6 bytes).
    Removing scheduler.o(i.scheduler_get_device_state), (12 bytes).
    Removing scheduler.o(i.scheduler_set_date), (24 bytes).
    Removing scheduler.o(i.scheduler_set_off_time), (24 bytes).
    Removing scheduler.o(i.scheduler_set_on_time), (28 bytes).
    Removing gpio.o(.rev16_text), (4 bytes).
    Removing gpio.o(.revsh_text), (4 bytes).
    Removing gpio.o(.rrx_text), (6 bytes).
    Removing delay.o(.rev16_text), (4 bytes).
    Removing delay.o(.revsh_text), (4 bytes).
    Removing delay.o(.rrx_text), (6 bytes).
    Removing sysinit.o(.rev16_text), (4 bytes).
    Removing sysinit.o(.revsh_text), (4 bytes).
    Removing sysinit.o(.rrx_text), (6 bytes).
    Removing system_stm32f10x.o(.rev16_text), (4 bytes).
    Removing system_stm32f10x.o(.revsh_text), (4 bytes).
    Removing system_stm32f10x.o(.rrx_text), (6 bytes).
    Removing system_stm32f10x.o(i.SystemCoreClockUpdate), (164 bytes).
    Removing system_stm32f10x.o(.data), (20 bytes).

41 unused section(s) (total 496 bytes) removed from the image.

==============================================================================

Image Symbol Table

    Local Symbols

    Symbol Name                              Value     Ov Type        Size  Object(Section)

    ../clib/angel/boardlib.s                 0x00000000   Number         0  boardinit3.o ABSOLUTE
    ../clib/angel/boardlib.s                 0x00000000   Number         0  boardshut.o ABSOLUTE
    ../clib/angel/boardlib.s                 0x00000000   Number         0  boardinit1.o ABSOLUTE
    ../clib/angel/boardlib.s                 0x00000000   Number         0  boardinit2.o ABSOLUTE
    ../clib/angel/handlers.s                 0x00000000   Number         0  __scatter_copy.o ABSOLUTE
    ../clib/angel/handlers.s                 0x00000000   Number         0  __scatter_zi.o ABSOLUTE
    ../clib/angel/kernel.s                   0x00000000   Number         0  __rtentry2.o ABSOLUTE
    ../clib/angel/kernel.s                   0x00000000   Number         0  __rtentry4.o ABSOLUTE
    ../clib/angel/kernel.s                   0x00000000   Number         0  rtexit2.o ABSOLUTE
    ../clib/angel/kernel.s                   0x00000000   Number         0  rtexit.o ABSOLUTE
    ../clib/angel/kernel.s                   0x00000000   Number         0  __rtentry.o ABSOLUTE
    ../clib/angel/rt.s                       0x00000000   Number         0  rt_ctype_table.o ABSOLUTE
    ../clib/angel/rt.s                       0x00000000   Number         0  rt_raise.o ABSOLUTE
    ../clib/angel/rt.s                       0x00000000   Number         0  rt_errno_addr.o ABSOLUTE
    ../clib/angel/rt.s                       0x00000000   Number         0  rt_locale.o ABSOLUTE
    ../clib/angel/rt.s                       0x00000000   Number         0  rt_locale_intlibspace.o ABSOLUTE
    ../clib/angel/rt.s                       0x00000000   Number         0  rt_errno_addr_intlibspace.o ABSOLUTE
    ../clib/angel/scatter.s                  0x00000000   Number         0  __scatter.o ABSOLUTE
    ../clib/angel/startup.s                  0x00000000   Number         0  __main.o ABSOLUTE
    ../clib/angel/sys.s                      0x00000000   Number         0  use_no_semi.o ABSOLUTE
    ../clib/angel/sys.s                      0x00000000   Number         0  indicate_semi.o ABSOLUTE
    ../clib/angel/sys.s                      0x00000000   Number         0  sys_stackheap_outer.o ABSOLUTE
    ../clib/angel/sys.s                      0x00000000   Number         0  libspace.o ABSOLUTE
    ../clib/angel/sysapp.c                   0x00000000   Number         0  sys_wrch.o ABSOLUTE
    ../clib/angel/sysapp.c                   0x00000000   Number         0  sys_command.o ABSOLUTE
    ../clib/angel/sysapp.c                   0x00000000   Number         0  sys_exit.o ABSOLUTE
    ../clib/armsys.c                         0x00000000   Number         0  _get_argv_nomalloc.o ABSOLUTE
    ../clib/armsys.c                         0x00000000   Number         0  argv_veneer.o ABSOLUTE
    ../clib/armsys.c                         0x00000000   Number         0  argv_veneer.o ABSOLUTE
    ../clib/armsys.c                         0x00000000   Number         0  no_argv.o ABSOLUTE
    ../clib/heapalloc.c                      0x00000000   Number         0  hrguard.o ABSOLUTE
    ../clib/heapaux.c                        0x00000000   Number         0  heapauxi.o ABSOLUTE
    ../clib/libinit.s                        0x00000000   Number         0  libshutdown.o ABSOLUTE
    ../clib/libinit.s                        0x00000000   Number         0  libinit.o ABSOLUTE
    ../clib/libinit.s                        0x00000000   Number         0  libinit2.o ABSOLUTE
    ../clib/libinit.s                        0x00000000   Number         0  libshutdown2.o ABSOLUTE
    ../clib/locale.s                         0x00000000   Number         0  lc_ctype_c.o ABSOLUTE
    ../clib/memcpset.s                       0x00000000   Number         0  rt_memclr.o ABSOLUTE
    ../clib/memcpset.s                       0x00000000   Number         0  strcmpv7m.o ABSOLUTE
    ../clib/memcpset.s                       0x00000000   Number         0  rt_memclr_w.o ABSOLUTE
    ../clib/misc.s                           0x00000000   Number         0  printf_stubs.o ABSOLUTE
    ../clib/printf.c                         0x00000000   Number         0  _sputc.o ABSOLUTE
    ../clib/printf.c                         0x00000000   Number         0  _printf_char_common.o ABSOLUTE
    ../clib/printf.c                         0x00000000   Number         0  __2sprintf.o ABSOLUTE
    ../clib/printf.c                         0x00000000   Number         0  __printf.o ABSOLUTE
    ../clib/printf.c                         0x00000000   Number         0  _printf_dec.o ABSOLUTE
    ../clib/printf.c                         0x00000000   Number         0  __printf_flags_wp.o ABSOLUTE
    ../clib/printf.c                         0x00000000   Number         0  __printf_flags_ss.o ABSOLUTE
    ../clib/printf.c                         0x00000000   Number         0  noretval__2sprintf.o ABSOLUTE
    ../clib/printf.c                         0x00000000   Number         0  _printf_intcommon.o ABSOLUTE
    ../clib/printf.c                         0x00000000   Number         0  __printf_wp.o ABSOLUTE
    ../clib/printf.c                         0x00000000   Number         0  _printf_pad.o ABSOLUTE
    ../clib/printf.c                         0x00000000   Number         0  __printf_ss_wp.o ABSOLUTE
    ../clib/printf.c                         0x00000000   Number         0  __printf_flags_ss_wp.o ABSOLUTE
    ../clib/printf.c                         0x00000000   Number         0  __printf_nopercent.o ABSOLUTE
    ../clib/printf.c                         0x00000000   Number         0  __printf_ss.o ABSOLUTE
    ../clib/printf.c                         0x00000000   Number         0  __printf_flags.o ABSOLUTE
    ../clib/printf_percent.s                 0x00000000   Number         0  _printf_percent_end.o ABSOLUTE
    ../clib/printf_percent.s                 0x00000000   Number         0  _printf_d.o ABSOLUTE
    ../clib/printf_percent.s                 0x00000000   Number         0  _printf_percent.o ABSOLUTE
    ../clib/scanf.c                          0x00000000   Number         0  _chval.o ABSOLUTE
    ../clib/scanf.c                          0x00000000   Number         0  strtol.o ABSOLUTE
    ../clib/scanf.c                          0x00000000   Number         0  atoi.o ABSOLUTE
    ../clib/scanf.c                          0x00000000   Number         0  _strtoul.o ABSOLUTE
    ../clib/signal.c                         0x00000000   Number         0  defsig_general.o ABSOLUTE
    ../clib/signal.c                         0x00000000   Number         0  defsig_rtmem_inner.o ABSOLUTE
    ../clib/signal.c                         0x00000000   Number         0  defsig_exit.o ABSOLUTE
    ../clib/signal.c                         0x00000000   Number         0  defsig_rtmem_formal.o ABSOLUTE
    ../clib/signal.c                         0x00000000   Number         0  defsig_rtmem_outer.o ABSOLUTE
    ../clib/signal.c                         0x00000000   Number         0  defsig_fpe_inner.o ABSOLUTE
    ../clib/signal.c                         0x00000000   Number         0  __raise.o ABSOLUTE
    ../clib/signal.c                         0x00000000   Number         0  defsig_abrt_inner.o ABSOLUTE
    ../clib/signal.c                         0x00000000   Number         0  defsig_rtred_inner.o ABSOLUTE
    ../clib/signal.c                         0x00000000   Number         0  defsig_stak_inner.o ABSOLUTE
    ../clib/signal.c                         0x00000000   Number         0  defsig_pvfn_inner.o ABSOLUTE
    ../clib/signal.c                         0x00000000   Number         0  defsig_cppl_inner.o ABSOLUTE
    ../clib/signal.c                         0x00000000   Number         0  defsig_segv_inner.o ABSOLUTE
    ../clib/signal.c                         0x00000000   Number         0  defsig_other.o ABSOLUTE
    ../clib/signal.s                         0x00000000   Number         0  defsig.o ABSOLUTE
    ../clib/stdlib.c                         0x00000000   Number         0  exit.o ABSOLUTE
    ../clib/string.c                         0x00000000   Number         0  strstr.o ABSOLUTE
    ../clib/string.c                         0x00000000   Number         0  strlen.o ABSOLUTE
    ../clib/string.c                         0x00000000   Number         0  strtok_r.o ABSOLUTE
    ../clib/string.c                         0x00000000   Number         0  strtok_int.o ABSOLUTE
    ../clib/string.c                         0x00000000   Number         0  strcspn.o ABSOLUTE
    ../clib/string.c                         0x00000000   Number         0  strspn.o ABSOLUTE
    ../fplib/fpinit.s                        0x00000000   Number         0  fpinit.o ABSOLUTE
    RTE\Device\STM32F103C8\startup_stm32f10x_md.s 0x00000000   Number         0  startup_stm32f10x_md.o ABSOLUTE
    RTE\Device\STM32F103C8\system_stm32f10x.c 0x00000000   Number         0  system_stm32f10x.o ABSOLUTE
    RTE\\Device\\STM32F103C8\\system_stm32f10x.c 0x00000000   Number         0  system_stm32f10x.o ABSOLUTE
    dc.s                                     0x00000000   Number         0  dc.o ABSOLUTE
    delay.c                                  0x00000000   Number         0  delay.o ABSOLUTE
    delay.c                                  0x00000000   Number         0  delay.o ABSOLUTE
    gpio.c                                   0x00000000   Number         0  gpio.o ABSOLUTE
    gpio.c                                   0x00000000   Number         0  gpio.o ABSOLUTE
    i2c.c                                    0x00000000   Number         0  i2c.o ABSOLUTE
    i2c.c                                    0x00000000   Number         0  i2c.o ABSOLUTE
    keyboard.c                               0x00000000   Number         0  keyboard.o ABSOLUTE
    keyboard.c                               0x00000000   Number         0  keyboard.o ABSOLUTE
    lcd.c                                    0x00000000   Number         0  lcd.o ABSOLUTE
    lcd.c                                    0x00000000   Number         0  lcd.o ABSOLUTE
    main.c                                   0x00000000   Number         0  main.o ABSOLUTE
    main.c                                   0x00000000   Number         0  main.o ABSOLUTE
    rtc.c                                    0x00000000   Number         0  rtc.o ABSOLUTE
    rtc.c                                    0x00000000   Number         0  rtc.o ABSOLUTE
    scheduler.c                              0x00000000   Number         0  scheduler.o ABSOLUTE
    scheduler.c                              0x00000000   Number         0  scheduler.o ABSOLUTE
    sysinit.c                                0x00000000   Number         0  sysinit.o ABSOLUTE
    sysinit.c                                0x00000000   Number         0  sysinit.o ABSOLUTE
    uart.c                                   0x00000000   Number         0  uart.o ABSOLUTE
    uart.c                                   0x00000000   Number         0  uart.o ABSOLUTE
    RESET                                    0x08000000   Section      236  startup_stm32f10x_md.o(RESET)
    !!!main                                  0x080000ec   Section        8  __main.o(!!!main)
    !!!scatter                               0x080000f4   Section       52  __scatter.o(!!!scatter)
    !!handler_copy                           0x08000128   Section       26  __scatter_copy.o(!!handler_copy)
    !!handler_zi                             0x08000144   Section       28  __scatter_zi.o(!!handler_zi)
    .ARM.Collect$$_printf_percent$$00000000  0x08000160   Section        0  _printf_percent.o(.ARM.Collect$$_printf_percent$$00000000)
    .ARM.Collect$$_printf_percent$$00000009  0x08000160   Section        6  _printf_d.o(.ARM.Collect$$_printf_percent$$00000009)
    .ARM.Collect$$_printf_percent$$00000017  0x08000166   Section        4  _printf_percent_end.o(.ARM.Collect$$_printf_percent$$00000017)
    .ARM.Collect$$libinit$$00000000          0x0800016a   Section        2  libinit.o(.ARM.Collect$$libinit$$00000000)
    .ARM.Collect$$libinit$$00000002          0x0800016c   Section        0  libinit2.o(.ARM.Collect$$libinit$$00000002)
    .ARM.Collect$$libinit$$00000004          0x0800016c   Section        0  libinit2.o(.ARM.Collect$$libinit$$00000004)
    .ARM.Collect$$libinit$$0000000A          0x0800016c   Section        0  libinit2.o(.ARM.Collect$$libinit$$0000000A)
    .ARM.Collect$$libinit$$0000000C          0x0800016c   Section        0  libinit2.o(.ARM.Collect$$libinit$$0000000C)
    .ARM.Collect$$libinit$$0000000E          0x0800016c   Section        0  libinit2.o(.ARM.Collect$$libinit$$0000000E)
    .ARM.Collect$$libinit$$0000000F          0x0800016c   Section        6  libinit2.o(.ARM.Collect$$libinit$$0000000F)
    .ARM.Collect$$libinit$$00000011          0x08000172   Section        0  libinit2.o(.ARM.Collect$$libinit$$00000011)
    .ARM.Collect$$libinit$$00000012          0x08000172   Section       12  libinit2.o(.ARM.Collect$$libinit$$00000012)
    .ARM.Collect$$libinit$$00000013          0x0800017e   Section        0  libinit2.o(.ARM.Collect$$libinit$$00000013)
    .ARM.Collect$$libinit$$00000015          0x0800017e   Section        0  libinit2.o(.ARM.Collect$$libinit$$00000015)
    .ARM.Collect$$libinit$$00000017          0x0800017e   Section        0  libinit2.o(.ARM.Collect$$libinit$$00000017)
    .ARM.Collect$$libinit$$00000019          0x0800017e   Section        0  libinit2.o(.ARM.Collect$$libinit$$00000019)
    .ARM.Collect$$libinit$$0000001B          0x0800017e   Section        0  libinit2.o(.ARM.Collect$$libinit$$0000001B)
    .ARM.Collect$$libinit$$0000001D          0x0800017e   Section        0  libinit2.o(.ARM.Collect$$libinit$$0000001D)
    .ARM.Collect$$libinit$$0000001F          0x0800017e   Section        0  libinit2.o(.ARM.Collect$$libinit$$0000001F)
    .ARM.Collect$$libinit$$00000021          0x0800017e   Section        0  libinit2.o(.ARM.Collect$$libinit$$00000021)
    .ARM.Collect$$libinit$$00000023          0x0800017e   Section        0  libinit2.o(.ARM.Collect$$libinit$$00000023)
    .ARM.Collect$$libinit$$00000025          0x0800017e   Section        0  libinit2.o(.ARM.Collect$$libinit$$00000025)
    .ARM.Collect$$libinit$$0000002C          0x0800017e   Section        0  libinit2.o(.ARM.Collect$$libinit$$0000002C)
    .ARM.Collect$$libinit$$0000002E          0x0800017e   Section        0  libinit2.o(.ARM.Collect$$libinit$$0000002E)
    .ARM.Collect$$libinit$$00000030          0x0800017e   Section        0  libinit2.o(.ARM.Collect$$libinit$$00000030)
    .ARM.Collect$$libinit$$00000032          0x0800017e   Section        0  libinit2.o(.ARM.Collect$$libinit$$00000032)
    .ARM.Collect$$libinit$$00000033          0x0800017e   Section        2  libinit2.o(.ARM.Collect$$libinit$$00000033)
    .ARM.Collect$$libshutdown$$00000000      0x08000180   Section        2  libshutdown.o(.ARM.Collect$$libshutdown$$00000000)
    .ARM.Collect$$libshutdown$$00000002      0x08000182   Section        0  libshutdown2.o(.ARM.Collect$$libshutdown$$00000002)
    .ARM.Collect$$libshutdown$$00000004      0x08000182   Section        0  libshutdown2.o(.ARM.Collect$$libshutdown$$00000004)
    .ARM.Collect$$libshutdown$$00000006      0x08000182   Section        0  libshutdown2.o(.ARM.Collect$$libshutdown$$00000006)
    .ARM.Collect$$libshutdown$$00000009      0x08000182   Section        0  libshutdown2.o(.ARM.Collect$$libshutdown$$00000009)
    .ARM.Collect$$libshutdown$$0000000C      0x08000182   Section        0  libshutdown2.o(.ARM.Collect$$libshutdown$$0000000C)
    .ARM.Collect$$libshutdown$$0000000E      0x08000182   Section        0  libshutdown2.o(.ARM.Collect$$libshutdown$$0000000E)
    .ARM.Collect$$libshutdown$$00000011      0x08000182   Section        0  libshutdown2.o(.ARM.Collect$$libshutdown$$00000011)
    .ARM.Collect$$libshutdown$$00000012      0x08000182   Section        2  libshutdown2.o(.ARM.Collect$$libshutdown$$00000012)
    .ARM.Collect$$rtentry$$00000000          0x08000184   Section        0  __rtentry.o(.ARM.Collect$$rtentry$$00000000)
    .ARM.Collect$$rtentry$$00000002          0x08000184   Section        0  __rtentry2.o(.ARM.Collect$$rtentry$$00000002)
    .ARM.Collect$$rtentry$$00000004          0x08000184   Section        6  __rtentry4.o(.ARM.Collect$$rtentry$$00000004)
    .ARM.Collect$$rtentry$$00000009          0x0800018a   Section        0  __rtentry2.o(.ARM.Collect$$rtentry$$00000009)
    .ARM.Collect$$rtentry$$0000000A          0x0800018a   Section        4  __rtentry2.o(.ARM.Collect$$rtentry$$0000000A)
    .ARM.Collect$$rtentry$$0000000C          0x0800018e   Section        0  __rtentry2.o(.ARM.Collect$$rtentry$$0000000C)
    .ARM.Collect$$rtentry$$0000000D          0x0800018e   Section        8  __rtentry2.o(.ARM.Collect$$rtentry$$0000000D)
    .ARM.Collect$$rtexit$$00000000           0x08000196   Section        2  rtexit.o(.ARM.Collect$$rtexit$$00000000)
    .ARM.Collect$$rtexit$$00000002           0x08000198   Section        0  rtexit2.o(.ARM.Collect$$rtexit$$00000002)
    .ARM.Collect$$rtexit$$00000003           0x08000198   Section        4  rtexit2.o(.ARM.Collect$$rtexit$$00000003)
    .ARM.Collect$$rtexit$$00000004           0x0800019c   Section        6  rtexit2.o(.ARM.Collect$$rtexit$$00000004)
    .text                                    0x080001a4   Section       64  startup_stm32f10x_md.o(.text)
    .text                                    0x080001e4   Section        0  noretval__2sprintf.o(.text)
    .text                                    0x0800020c   Section        0  _printf_pad.o(.text)
    .text                                    0x0800025c   Section        0  _printf_dec.o(.text)
    .text                                    0x080002d4   Section        0  __printf_flags_wp.o(.text)
    .text                                    0x0800040c   Section        0  atoi.o(.text)
    .text                                    0x08000426   Section        0  strtok_r.o(.text)
    .text                                    0x0800042a   Section        0  strstr.o(.text)
    .text                                    0x0800044e   Section        0  strlen.o(.text)
    .text                                    0x0800048c   Section       68  rt_memclr.o(.text)
    .text                                    0x080004d0   Section        0  heapauxi.o(.text)
    .text                                    0x080004d8   Section        8  rt_errno_addr_intlibspace.o(.text)
    .text                                    0x080004e0   Section        0  _printf_intcommon.o(.text)
    .text                                    0x08000594   Section        0  _printf_char_common.o(.text)
    _printf_input_char                       0x08000595   Thumb Code    10  _printf_char_common.o(.text)
    .text                                    0x080005c4   Section        0  _sputc.o(.text)
    .text                                    0x080005ce   Section        0  strtol.o(.text)
    .text                                    0x08000640   Section        0  strtok_int.o(.text)
    .text                                    0x08000684   Section       78  rt_memclr_w.o(.text)
    .text                                    0x080006d4   Section        8  libspace.o(.text)
    .text                                    0x080006dc   Section       16  rt_ctype_table.o(.text)
    .text                                    0x080006ec   Section        0  _strtoul.o(.text)
    .text                                    0x0800078a   Section        0  strcspn.o(.text)
    .text                                    0x080007aa   Section        0  strspn.o(.text)
    .text                                    0x080007c6   Section       74  sys_stackheap_outer.o(.text)
    .text                                    0x08000810   Section        8  rt_locale_intlibspace.o(.text)
    .text                                    0x08000818   Section        0  _chval.o(.text)
    .text                                    0x08000834   Section        0  exit.o(.text)
    .text                                    0x08000848   Section      128  strcmpv7m.o(.text)
    .text                                    0x080008c8   Section        0  sys_exit.o(.text)
    .text                                    0x080008d4   Section        2  use_no_semi.o(.text)
    .text                                    0x080008d6   Section        0  indicate_semi.o(.text)
    i.RTC_GetDateTime                        0x080008d8   Section        0  rtc.o(i.RTC_GetDateTime)
    i.RTC_SetDateTime                        0x080009bc   Section        0  rtc.o(i.RTC_SetDateTime)
    i.SetSysClock                            0x08000b0c   Section        0  system_stm32f10x.o(i.SetSysClock)
    SetSysClock                              0x08000b0d   Thumb Code     8  system_stm32f10x.o(i.SetSysClock)
    i.SetSysClockTo72                        0x08000b14   Section        0  system_stm32f10x.o(i.SetSysClockTo72)
    SetSysClockTo72                          0x08000b15   Thumb Code   214  system_stm32f10x.o(i.SetSysClockTo72)
    i.SysTick_Handler                        0x08000bf4   Section        0  main.o(i.SysTick_Handler)
    i.SystemInit                             0x08000c70   Section        0  system_stm32f10x.o(i.SystemInit)
    i.USART1_IRQHandler                      0x08000cd0   Section        0  main.o(i.USART1_IRQHandler)
    i._is_digit                              0x08000d08   Section        0  __printf_wp.o(i._is_digit)
    i.delay_ms                               0x08000d16   Section        0  delay.o(i.delay_ms)
    i.delay_ms_simple                        0x08000d30   Section        0  main.o(i.delay_ms_simple)
    i.delay_us                               0x08000d4a   Section        0  delay.o(i.delay_us)
    i.gpio_init                              0x08000d64   Section        0  gpio.o(i.gpio_init)
    i.i2cInit                                0x08000dac   Section        0  i2c.o(i.i2cInit)
    i.i2c_start                              0x08000e84   Section        0  i2c.o(i.i2c_start)
    i.i2c_stop                               0x08000ea8   Section        0  i2c.o(i.i2c_stop)
    i.i2c_write                              0x08000ec8   Section        0  i2c.o(i.i2c_write)
    i.i2c_write_byte                         0x08000ee4   Section        0  i2c.o(i.i2c_write_byte)
    i.keyboard_get_key                       0x08000f34   Section        0  keyboard.o(i.keyboard_get_key)
    i.keyboard_init                          0x08000f44   Section        0  keyboard.o(i.keyboard_init)
    i.keyboard_process_key                   0x08000f84   Section        0  keyboard.o(i.keyboard_process_key)
    i.keyboard_scan                          0x08001438   Section        0  keyboard.o(i.keyboard_scan)
    i.lcd_clear                              0x08001508   Section        0  lcd.o(i.lcd_clear)
    i.lcd_init                               0x08001518   Section        0  lcd.o(i.lcd_init)
    i.lcd_print_char                         0x08001580   Section        0  lcd.o(i.lcd_print_char)
    i.lcd_print_string                       0x0800158c   Section        0  lcd.o(i.lcd_print_string)
    i.lcd_send_command                       0x080015a2   Section        0  lcd.o(i.lcd_send_command)
    i.lcd_send_data                          0x080015c6   Section        0  lcd.o(i.lcd_send_data)
    i.lcd_send_nibble                        0x080015da   Section        0  lcd.o(i.lcd_send_nibble)
    lcd_send_nibble                          0x080015db   Thumb Code    98  lcd.o(i.lcd_send_nibble)
    i.lcd_set_cursor                         0x0800163c   Section        0  lcd.o(i.lcd_set_cursor)
    i.lcd_update_time                        0x08001658   Section        0  lcd.o(i.lcd_update_time)
    i.lcd_write_4bits                        0x080016cc   Section        0  lcd.o(i.lcd_write_4bits)
    lcd_write_4bits                          0x080016cd   Thumb Code    26  lcd.o(i.lcd_write_4bits)
    i.main                                   0x080016e8   Section        0  main.o(i.main)
    i.rtc_init                               0x08001838   Section        0  rtc.o(i.rtc_init)
    i.scheduler_check                        0x080018d8   Section        0  scheduler.o(i.scheduler_check)
    i.scheduler_init                         0x080019d8   Section        0  scheduler.o(i.scheduler_init)
    i.sysClockTo72                           0x08001a28   Section        0  sysinit.o(i.sysClockTo72)
    i.uart_help                              0x08001b24   Section        0  uart.o(i.uart_help)
    i.uart_init                              0x08001d14   Section        0  uart.o(i.uart_init)
    i.uart_process_char                      0x08001dfc   Section        0  uart.o(i.uart_process_char)
    i.uart_process_command                   0x08001e70   Section        0  uart.o(i.uart_process_command)
    i.uart_send_char                         0x08002394   Section        0  uart.o(i.uart_send_char)
    i.uart_send_string                       0x080023b0   Section        0  uart.o(i.uart_send_string)
    i.uart_send_time                         0x080023c8   Section        0  uart.o(i.uart_send_time)
    locale$$code                             0x08002428   Section       44  lc_ctype_c.o(locale$$code)
    .constdata                               0x08002454   Section       17  __printf_flags_wp.o(.constdata)
    maptable                                 0x08002454   Data          17  __printf_flags_wp.o(.constdata)
    locale$$data                             0x08002488   Section      272  lc_ctype_c.o(locale$$data)
    __lcctype_c_name                         0x0800248c   Data           2  lc_ctype_c.o(locale$$data)
    __lcctype_c_start                        0x08002494   Data           0  lc_ctype_c.o(locale$$data)
    __lcctype_c_end                          0x08002598   Data           0  lc_ctype_c.o(locale$$data)
    .data                                    0x20000000   Section       16  main.o(.data)
    tick_counter                             0x2000000c   Data           4  main.o(.data)
    .data                                    0x20000010   Section        2  uart.o(.data)
    uart_buffer_index                        0x20000010   Data           1  uart.o(.data)
    command_ready                            0x20000011   Data           1  uart.o(.data)
    .data                                    0x20000014   Section       11  keyboard.o(.data)
    last_key_state                           0x20000014   Data           1  keyboard.o(.data)
    debounce_counter                         0x20000018   Data           4  keyboard.o(.data)
    current_key                              0x2000001c   Data           1  keyboard.o(.data)
    key_pressed                              0x2000001d   Data           1  keyboard.o(.data)
    schedule_mode                            0x2000001e   Data           1  keyboard.o(.data)
    .data                                    0x2000001f   Section        1  scheduler.o(.data)
    device_state                             0x2000001f   Data           1  scheduler.o(.data)
    .bss                                     0x20000020   Section       11  rtc.o(.bss)
    .bss                                     0x2000002b   Section       64  uart.o(.bss)
    uart_buffer                              0x2000002b   Data          64  uart.o(.bss)
    .bss                                     0x2000006c   Section       96  libspace.o(.bss)
    HEAP                                     0x200000d0   Section      512  startup_stm32f10x_md.o(HEAP)
    Heap_Mem                                 0x200000d0   Data         512  startup_stm32f10x_md.o(HEAP)
    STACK                                    0x200002d0   Section     1024  startup_stm32f10x_md.o(STACK)
    Stack_Mem                                0x200002d0   Data        1024  startup_stm32f10x_md.o(STACK)
    __initial_sp                             0x200006d0   Data           0  startup_stm32f10x_md.o(STACK)

    Global Symbols

    Symbol Name                              Value     Ov Type        Size  Object(Section)

    BuildAttributes$$THM_ISAv4$P$D$K$B$S$PE$A:L22UL41UL21$X:L11$S22US41US21$IEEE1$IW$USESV6$~STKCKD$USESV7$~SHL$OSPACE$ROPI$EBA8$UX$STANDARDLIB$REQ8$PRES8$EABIv2 0x00000000   Number         0  anon$$obj.o ABSOLUTE
    __ARM_use_no_argv                        0x00000000   Number         0  main.o ABSOLUTE
    _printf_flags                            0x00000000   Number         0  printf_stubs.o ABSOLUTE
    _printf_return_value                     0x00000000   Number         0  printf_stubs.o ABSOLUTE
    _printf_sizespec                         0x00000000   Number         0  printf_stubs.o ABSOLUTE
    _printf_widthprec                        0x00000000   Number         0  printf_stubs.o ABSOLUTE
    __ARM_exceptions_init                     - Undefined Weak Reference
    __alloca_initialize                       - Undefined Weak Reference
    __arm_fini_                               - Undefined Weak Reference
    __arm_preinit_                            - Undefined Weak Reference
    __cpp_initialize__aeabi_                  - Undefined Weak Reference
    __cxa_finalize                            - Undefined Weak Reference
    __sigvec_lookup                           - Undefined Weak Reference
    _atexit_init                              - Undefined Weak Reference
    _call_atexit_fns                          - Undefined Weak Reference
    _clock_init                               - Undefined Weak Reference
    _fp_trap_init                             - Undefined Weak Reference
    _fp_trap_shutdown                         - Undefined Weak Reference
    _get_lc_collate                           - Undefined Weak Reference
    _get_lc_monetary                          - Undefined Weak Reference
    _get_lc_numeric                           - Undefined Weak Reference
    _get_lc_time                              - Undefined Weak Reference
    _getenv_init                              - Undefined Weak Reference
    _handle_redirection                       - Undefined Weak Reference
    _init_alloc                               - Undefined Weak Reference
    _init_user_alloc                          - Undefined Weak Reference
    _initio                                   - Undefined Weak Reference
    _printf_truncate_signed                   - Undefined Weak Reference
    _printf_truncate_unsigned                 - Undefined Weak Reference
    _rand_init                                - Undefined Weak Reference
    _signal_finish                            - Undefined Weak Reference
    _signal_init                              - Undefined Weak Reference
    _terminate_alloc                          - Undefined Weak Reference
    _terminate_user_alloc                     - Undefined Weak Reference
    _terminateio                              - Undefined Weak Reference
    __Vectors_Size                           0x000000ec   Number         0  startup_stm32f10x_md.o ABSOLUTE
    __Vectors                                0x08000000   Data           4  startup_stm32f10x_md.o(RESET)
    __Vectors_End                            0x080000ec   Data           0  startup_stm32f10x_md.o(RESET)
    __main                                   0x080000ed   Thumb Code     8  __main.o(!!!main)
    __scatterload                            0x080000f5   Thumb Code     0  __scatter.o(!!!scatter)
    __scatterload_rt2                        0x080000f5   Thumb Code    44  __scatter.o(!!!scatter)
    __scatterload_rt2_thumb_only             0x080000f5   Thumb Code     0  __scatter.o(!!!scatter)
    __scatterload_null                       0x08000103   Thumb Code     0  __scatter.o(!!!scatter)
    __scatterload_copy                       0x08000129   Thumb Code    26  __scatter_copy.o(!!handler_copy)
    __scatterload_zeroinit                   0x08000145   Thumb Code    28  __scatter_zi.o(!!handler_zi)
    _printf_d                                0x08000161   Thumb Code     0  _printf_d.o(.ARM.Collect$$_printf_percent$$00000009)
    _printf_percent                          0x08000161   Thumb Code     0  _printf_percent.o(.ARM.Collect$$_printf_percent$$00000000)
    _printf_percent_end                      0x08000167   Thumb Code     0  _printf_percent_end.o(.ARM.Collect$$_printf_percent$$00000017)
    __rt_lib_init                            0x0800016b   Thumb Code     0  libinit.o(.ARM.Collect$$libinit$$00000000)
    __rt_lib_init_fp_1                       0x0800016d   Thumb Code     0  libinit2.o(.ARM.Collect$$libinit$$00000002)
    __rt_lib_init_heap_1                     0x0800016d   Thumb Code     0  libinit2.o(.ARM.Collect$$libinit$$0000000A)
    __rt_lib_init_lc_common                  0x0800016d   Thumb Code     0  libinit2.o(.ARM.Collect$$libinit$$0000000F)
    __rt_lib_init_preinit_1                  0x0800016d   Thumb Code     0  libinit2.o(.ARM.Collect$$libinit$$00000004)
    __rt_lib_init_rand_1                     0x0800016d   Thumb Code     0  libinit2.o(.ARM.Collect$$libinit$$0000000E)
    __rt_lib_init_user_alloc_1               0x0800016d   Thumb Code     0  libinit2.o(.ARM.Collect$$libinit$$0000000C)
    __rt_lib_init_lc_collate_1               0x08000173   Thumb Code     0  libinit2.o(.ARM.Collect$$libinit$$00000011)
    __rt_lib_init_lc_ctype_2                 0x08000173   Thumb Code     0  libinit2.o(.ARM.Collect$$libinit$$00000012)
    __rt_lib_init_alloca_1                   0x0800017f   Thumb Code     0  libinit2.o(.ARM.Collect$$libinit$$0000002E)
    __rt_lib_init_argv_1                     0x0800017f   Thumb Code     0  libinit2.o(.ARM.Collect$$libinit$$0000002C)
    __rt_lib_init_atexit_1                   0x0800017f   Thumb Code     0  libinit2.o(.ARM.Collect$$libinit$$0000001B)
    __rt_lib_init_clock_1                    0x0800017f   Thumb Code     0  libinit2.o(.ARM.Collect$$libinit$$00000021)
    __rt_lib_init_cpp_1                      0x0800017f   Thumb Code     0  libinit2.o(.ARM.Collect$$libinit$$00000032)
    __rt_lib_init_exceptions_1               0x0800017f   Thumb Code     0  libinit2.o(.ARM.Collect$$libinit$$00000030)
    __rt_lib_init_fp_trap_1                  0x0800017f   Thumb Code     0  libinit2.o(.ARM.Collect$$libinit$$0000001F)
    __rt_lib_init_getenv_1                   0x0800017f   Thumb Code     0  libinit2.o(.ARM.Collect$$libinit$$00000023)
    __rt_lib_init_lc_ctype_1                 0x0800017f   Thumb Code     0  libinit2.o(.ARM.Collect$$libinit$$00000013)
    __rt_lib_init_lc_monetary_1              0x0800017f   Thumb Code     0  libinit2.o(.ARM.Collect$$libinit$$00000015)
    __rt_lib_init_lc_numeric_1               0x0800017f   Thumb Code     0  libinit2.o(.ARM.Collect$$libinit$$00000017)
    __rt_lib_init_lc_time_1                  0x0800017f   Thumb Code     0  libinit2.o(.ARM.Collect$$libinit$$00000019)
    __rt_lib_init_return                     0x0800017f   Thumb Code     0  libinit2.o(.ARM.Collect$$libinit$$00000033)
    __rt_lib_init_signal_1                   0x0800017f   Thumb Code     0  libinit2.o(.ARM.Collect$$libinit$$0000001D)
    __rt_lib_init_stdio_1                    0x0800017f   Thumb Code     0  libinit2.o(.ARM.Collect$$libinit$$00000025)
    __rt_lib_shutdown                        0x08000181   Thumb Code     0  libshutdown.o(.ARM.Collect$$libshutdown$$00000000)
    __rt_lib_shutdown_cpp_1                  0x08000183   Thumb Code     0  libshutdown2.o(.ARM.Collect$$libshutdown$$00000004)
    __rt_lib_shutdown_fini_1                 0x08000183   Thumb Code     0  libshutdown2.o(.ARM.Collect$$libshutdown$$00000002)
    __rt_lib_shutdown_fp_trap_1              0x08000183   Thumb Code     0  libshutdown2.o(.ARM.Collect$$libshutdown$$00000009)
    __rt_lib_shutdown_heap_1                 0x08000183   Thumb Code     0  libshutdown2.o(.ARM.Collect$$libshutdown$$00000011)
    __rt_lib_shutdown_return                 0x08000183   Thumb Code     0  libshutdown2.o(.ARM.Collect$$libshutdown$$00000012)
    __rt_lib_shutdown_signal_1               0x08000183   Thumb Code     0  libshutdown2.o(.ARM.Collect$$libshutdown$$0000000C)
    __rt_lib_shutdown_stdio_1                0x08000183   Thumb Code     0  libshutdown2.o(.ARM.Collect$$libshutdown$$00000006)
    __rt_lib_shutdown_user_alloc_1           0x08000183   Thumb Code     0  libshutdown2.o(.ARM.Collect$$libshutdown$$0000000E)
    __rt_entry                               0x08000185   Thumb Code     0  __rtentry.o(.ARM.Collect$$rtentry$$00000000)
    __rt_entry_presh_1                       0x08000185   Thumb Code     0  __rtentry2.o(.ARM.Collect$$rtentry$$00000002)
    __rt_entry_sh                            0x08000185   Thumb Code     0  __rtentry4.o(.ARM.Collect$$rtentry$$00000004)
    __rt_entry_li                            0x0800018b   Thumb Code     0  __rtentry2.o(.ARM.Collect$$rtentry$$0000000A)
    __rt_entry_postsh_1                      0x0800018b   Thumb Code     0  __rtentry2.o(.ARM.Collect$$rtentry$$00000009)
    __rt_entry_main                          0x0800018f   Thumb Code     0  __rtentry2.o(.ARM.Collect$$rtentry$$0000000D)
    __rt_entry_postli_1                      0x0800018f   Thumb Code     0  __rtentry2.o(.ARM.Collect$$rtentry$$0000000C)
    __rt_exit                                0x08000197   Thumb Code     0  rtexit.o(.ARM.Collect$$rtexit$$00000000)
    __rt_exit_ls                             0x08000199   Thumb Code     0  rtexit2.o(.ARM.Collect$$rtexit$$00000003)
    __rt_exit_prels_1                        0x08000199   Thumb Code     0  rtexit2.o(.ARM.Collect$$rtexit$$00000002)
    __rt_exit_exit                           0x0800019d   Thumb Code     0  rtexit2.o(.ARM.Collect$$rtexit$$00000004)
    Reset_Handler                            0x080001a5   Thumb Code     8  startup_stm32f10x_md.o(.text)
    NMI_Handler                              0x080001ad   Thumb Code     2  startup_stm32f10x_md.o(.text)
    HardFault_Handler                        0x080001af   Thumb Code     2  startup_stm32f10x_md.o(.text)
    MemManage_Handler                        0x080001b1   Thumb Code     2  startup_stm32f10x_md.o(.text)
    BusFault_Handler                         0x080001b3   Thumb Code     2  startup_stm32f10x_md.o(.text)
    UsageFault_Handler                       0x080001b5   Thumb Code     2  startup_stm32f10x_md.o(.text)
    SVC_Handler                              0x080001b7   Thumb Code     2  startup_stm32f10x_md.o(.text)
    DebugMon_Handler                         0x080001b9   Thumb Code     2  startup_stm32f10x_md.o(.text)
    PendSV_Handler                           0x080001bb   Thumb Code     2  startup_stm32f10x_md.o(.text)
    ADC1_2_IRQHandler                        0x080001bf   Thumb Code     0  startup_stm32f10x_md.o(.text)
    CAN1_RX1_IRQHandler                      0x080001bf   Thumb Code     0  startup_stm32f10x_md.o(.text)
    CAN1_SCE_IRQHandler                      0x080001bf   Thumb Code     0  startup_stm32f10x_md.o(.text)
    DMA1_Channel1_IRQHandler                 0x080001bf   Thumb Code     0  startup_stm32f10x_md.o(.text)
    DMA1_Channel2_IRQHandler                 0x080001bf   Thumb Code     0  startup_stm32f10x_md.o(.text)
    DMA1_Channel3_IRQHandler                 0x080001bf   Thumb Code     0  startup_stm32f10x_md.o(.text)
    DMA1_Channel4_IRQHandler                 0x080001bf   Thumb Code     0  startup_stm32f10x_md.o(.text)
    DMA1_Channel5_IRQHandler                 0x080001bf   Thumb Code     0  startup_stm32f10x_md.o(.text)
    DMA1_Channel6_IRQHandler                 0x080001bf   Thumb Code     0  startup_stm32f10x_md.o(.text)
    DMA1_Channel7_IRQHandler                 0x080001bf   Thumb Code     0  startup_stm32f10x_md.o(.text)
    EXTI0_IRQHandler                         0x080001bf   Thumb Code     0  startup_stm32f10x_md.o(.text)
    EXTI15_10_IRQHandler                     0x080001bf   Thumb Code     0  startup_stm32f10x_md.o(.text)
    EXTI1_IRQHandler                         0x080001bf   Thumb Code     0  startup_stm32f10x_md.o(.text)
    EXTI2_IRQHandler                         0x080001bf   Thumb Code     0  startup_stm32f10x_md.o(.text)
    EXTI3_IRQHandler                         0x080001bf   Thumb Code     0  startup_stm32f10x_md.o(.text)
    EXTI4_IRQHandler                         0x080001bf   Thumb Code     0  startup_stm32f10x_md.o(.text)
    EXTI9_5_IRQHandler                       0x080001bf   Thumb Code     0  startup_stm32f10x_md.o(.text)
    FLASH_IRQHandler                         0x080001bf   Thumb Code     0  startup_stm32f10x_md.o(.text)
    I2C1_ER_IRQHandler                       0x080001bf   Thumb Code     0  startup_stm32f10x_md.o(.text)
    I2C1_EV_IRQHandler                       0x080001bf   Thumb Code     0  startup_stm32f10x_md.o(.text)
    I2C2_ER_IRQHandler                       0x080001bf   Thumb Code     0  startup_stm32f10x_md.o(.text)
    I2C2_EV_IRQHandler                       0x080001bf   Thumb Code     0  startup_stm32f10x_md.o(.text)
    PVD_IRQHandler                           0x080001bf   Thumb Code     0  startup_stm32f10x_md.o(.text)
    RCC_IRQHandler                           0x080001bf   Thumb Code     0  startup_stm32f10x_md.o(.text)
    RTCAlarm_IRQHandler                      0x080001bf   Thumb Code     0  startup_stm32f10x_md.o(.text)
    RTC_IRQHandler                           0x080001bf   Thumb Code     0  startup_stm32f10x_md.o(.text)
    SPI1_IRQHandler                          0x080001bf   Thumb Code     0  startup_stm32f10x_md.o(.text)
    SPI2_IRQHandler                          0x080001bf   Thumb Code     0  startup_stm32f10x_md.o(.text)
    TAMPER_IRQHandler                        0x080001bf   Thumb Code     0  startup_stm32f10x_md.o(.text)
    TIM1_BRK_IRQHandler                      0x080001bf   Thumb Code     0  startup_stm32f10x_md.o(.text)
    TIM1_CC_IRQHandler                       0x080001bf   Thumb Code     0  startup_stm32f10x_md.o(.text)
    TIM1_TRG_COM_IRQHandler                  0x080001bf   Thumb Code     0  startup_stm32f10x_md.o(.text)
    TIM1_UP_IRQHandler                       0x080001bf   Thumb Code     0  startup_stm32f10x_md.o(.text)
    TIM2_IRQHandler                          0x080001bf   Thumb Code     0  startup_stm32f10x_md.o(.text)
    TIM3_IRQHandler                          0x080001bf   Thumb Code     0  startup_stm32f10x_md.o(.text)
    TIM4_IRQHandler                          0x080001bf   Thumb Code     0  startup_stm32f10x_md.o(.text)
    USART2_IRQHandler                        0x080001bf   Thumb Code     0  startup_stm32f10x_md.o(.text)
    USART3_IRQHandler                        0x080001bf   Thumb Code     0  startup_stm32f10x_md.o(.text)
    USBWakeUp_IRQHandler                     0x080001bf   Thumb Code     0  startup_stm32f10x_md.o(.text)
    USB_HP_CAN1_TX_IRQHandler                0x080001bf   Thumb Code     0  startup_stm32f10x_md.o(.text)
    USB_LP_CAN1_RX0_IRQHandler               0x080001bf   Thumb Code     0  startup_stm32f10x_md.o(.text)
    WWDG_IRQHandler                          0x080001bf   Thumb Code     0  startup_stm32f10x_md.o(.text)
    __user_initial_stackheap                 0x080001c1   Thumb Code     0  startup_stm32f10x_md.o(.text)
    __2sprintf                               0x080001e5   Thumb Code    34  noretval__2sprintf.o(.text)
    _printf_pre_padding                      0x0800020d   Thumb Code    44  _printf_pad.o(.text)
    _printf_post_padding                     0x08000239   Thumb Code    34  _printf_pad.o(.text)
    _printf_int_dec                          0x0800025d   Thumb Code   104  _printf_dec.o(.text)
    __printf                                 0x080002d5   Thumb Code   308  __printf_flags_wp.o(.text)
    atoi                                     0x0800040d   Thumb Code    26  atoi.o(.text)
    _strtok_r                                0x08000427   Thumb Code     4  strtok_r.o(.text)
    strtok_r                                 0x08000427   Thumb Code     0  strtok_r.o(.text)
    strstr                                   0x0800042b   Thumb Code    36  strstr.o(.text)
    strlen                                   0x0800044f   Thumb Code    62  strlen.o(.text)
    __aeabi_memclr                           0x0800048d   Thumb Code     0  rt_memclr.o(.text)
    __rt_memclr                              0x0800048d   Thumb Code    68  rt_memclr.o(.text)
    _memset                                  0x08000491   Thumb Code     0  rt_memclr.o(.text)
    __use_two_region_memory                  0x080004d1   Thumb Code     2  heapauxi.o(.text)
    __rt_heap_escrow$2region                 0x080004d3   Thumb Code     2  heapauxi.o(.text)
    __rt_heap_expand$2region                 0x080004d5   Thumb Code     2  heapauxi.o(.text)
    __aeabi_errno_addr                       0x080004d9   Thumb Code     8  rt_errno_addr_intlibspace.o(.text)
    __errno$intlibspace                      0x080004d9   Thumb Code     0  rt_errno_addr_intlibspace.o(.text)
    __rt_errno_addr$intlibspace              0x080004d9   Thumb Code     0  rt_errno_addr_intlibspace.o(.text)
    _printf_int_common                       0x080004e1   Thumb Code   178  _printf_intcommon.o(.text)
    _printf_char_common                      0x0800059f   Thumb Code    32  _printf_char_common.o(.text)
    _sputc                                   0x080005c5   Thumb Code    10  _sputc.o(.text)
    strtol                                   0x080005cf   Thumb Code   112  strtol.o(.text)
    __strtok_internal                        0x08000641   Thumb Code    64  strtok_int.o(.text)
    __aeabi_memclr4                          0x08000685   Thumb Code     0  rt_memclr_w.o(.text)
    __aeabi_memclr8                          0x08000685   Thumb Code     0  rt_memclr_w.o(.text)
    __rt_memclr_w                            0x08000685   Thumb Code    78  rt_memclr_w.o(.text)
    _memset_w                                0x08000689   Thumb Code     0  rt_memclr_w.o(.text)
    __user_libspace                          0x080006d5   Thumb Code     8  libspace.o(.text)
    __user_perproc_libspace                  0x080006d5   Thumb Code     0  libspace.o(.text)
    __user_perthread_libspace                0x080006d5   Thumb Code     0  libspace.o(.text)
    __rt_ctype_table                         0x080006dd   Thumb Code    16  rt_ctype_table.o(.text)
    _strtoul                                 0x080006ed   Thumb Code   158  _strtoul.o(.text)
    strcspn                                  0x0800078b   Thumb Code    32  strcspn.o(.text)
    strspn                                   0x080007ab   Thumb Code    28  strspn.o(.text)
    __user_setup_stackheap                   0x080007c7   Thumb Code    74  sys_stackheap_outer.o(.text)
    __rt_locale                              0x08000811   Thumb Code     8  rt_locale_intlibspace.o(.text)
    _chval                                   0x08000819   Thumb Code    28  _chval.o(.text)
    exit                                     0x08000835   Thumb Code    18  exit.o(.text)
    strcmp                                   0x08000849   Thumb Code   128  strcmpv7m.o(.text)
    _sys_exit                                0x080008c9   Thumb Code     8  sys_exit.o(.text)
    __I$use$semihosting                      0x080008d5   Thumb Code     0  use_no_semi.o(.text)
    __use_no_semihosting_swi                 0x080008d5   Thumb Code     2  use_no_semi.o(.text)
    __semihosting_library_function           0x080008d7   Thumb Code     0  indicate_semi.o(.text)
    RTC_GetDateTime                          0x080008d9   Thumb Code   210  rtc.o(i.RTC_GetDateTime)
    RTC_SetDateTime                          0x080009bd   Thumb Code   318  rtc.o(i.RTC_SetDateTime)
    SysTick_Handler                          0x08000bf5   Thumb Code   106  main.o(i.SysTick_Handler)
    SystemInit                               0x08000c71   Thumb Code    78  system_stm32f10x.o(i.SystemInit)
    USART1_IRQHandler                        0x08000cd1   Thumb Code    50  main.o(i.USART1_IRQHandler)
    _is_digit                                0x08000d09   Thumb Code    14  __printf_wp.o(i._is_digit)
    delay_ms                                 0x08000d17   Thumb Code    26  delay.o(i.delay_ms)
    delay_ms_simple                          0x08000d31   Thumb Code    26  main.o(i.delay_ms_simple)
    delay_us                                 0x08000d4b   Thumb Code    24  delay.o(i.delay_us)
    gpio_init                                0x08000d65   Thumb Code    62  gpio.o(i.gpio_init)
    i2cInit                                  0x08000dad   Thumb Code   200  i2c.o(i.i2cInit)
    i2c_start                                0x08000e85   Thumb Code    30  i2c.o(i.i2c_start)
    i2c_stop                                 0x08000ea9   Thumb Code    28  i2c.o(i.i2c_stop)
    i2c_write                                0x08000ec9   Thumb Code    22  i2c.o(i.i2c_write)
    i2c_write_byte                           0x08000ee5   Thumb Code    74  i2c.o(i.i2c_write_byte)
    keyboard_get_key                         0x08000f35   Thumb Code    12  keyboard.o(i.keyboard_get_key)
    keyboard_init                            0x08000f45   Thumb Code    56  keyboard.o(i.keyboard_init)
    keyboard_process_key                     0x08000f85   Thumb Code  1194  keyboard.o(i.keyboard_process_key)
    keyboard_scan                            0x08001439   Thumb Code   188  keyboard.o(i.keyboard_scan)
    lcd_clear                                0x08001509   Thumb Code    16  lcd.o(i.lcd_clear)
    lcd_init                                 0x08001519   Thumb Code   104  lcd.o(i.lcd_init)
    lcd_print_char                           0x08001581   Thumb Code    12  lcd.o(i.lcd_print_char)
    lcd_print_string                         0x0800158d   Thumb Code    22  lcd.o(i.lcd_print_string)
    lcd_send_command                         0x080015a3   Thumb Code    36  lcd.o(i.lcd_send_command)
    lcd_send_data                            0x080015c7   Thumb Code    20  lcd.o(i.lcd_send_data)
    lcd_set_cursor                           0x0800163d   Thumb Code    28  lcd.o(i.lcd_set_cursor)
    lcd_update_time                          0x08001659   Thumb Code    72  lcd.o(i.lcd_update_time)
    main                                     0x080016e9   Thumb Code   218  main.o(i.main)
    rtc_init                                 0x08001839   Thumb Code   148  rtc.o(i.rtc_init)
    scheduler_check                          0x080018d9   Thumb Code   242  scheduler.o(i.scheduler_check)
    scheduler_init                           0x080019d9   Thumb Code    68  scheduler.o(i.scheduler_init)
    sysClockTo72                             0x08001a29   Thumb Code   244  sysinit.o(i.sysClockTo72)
    uart_help                                0x08001b25   Thumb Code    70  uart.o(i.uart_help)
    uart_init                                0x08001d15   Thumb Code   208  uart.o(i.uart_init)
    uart_process_char                        0x08001dfd   Thumb Code    98  uart.o(i.uart_process_char)
    uart_process_command                     0x08001e71   Thumb Code   808  uart.o(i.uart_process_command)
    uart_send_char                           0x08002395   Thumb Code    22  uart.o(i.uart_send_char)
    uart_send_string                         0x080023b1   Thumb Code    22  uart.o(i.uart_send_string)
    uart_send_time                           0x080023c9   Thumb Code    46  uart.o(i.uart_send_time)
    _get_lc_ctype                            0x08002429   Thumb Code    44  lc_ctype_c.o(locale$$code)
    Region$$Table$$Base                      0x08002468   Number         0  anon$$obj.o(Region$$Table)
    Region$$Table$$Limit                     0x08002488   Number         0  anon$$obj.o(Region$$Table)
    __ctype                                  0x08002495   Data           0  lc_ctype_c.o(locale$$data)
    system_mode                              0x20000000   Data           1  main.o(.data)
    menu_position                            0x20000001   Data           1  main.o(.data)
    current_time                             0x20000002   Data           3  main.o(.data)
    current_date                             0x20000005   Data           4  main.o(.data)
    device_schedule                          0x20000020   Data          11  rtc.o(.bss)
    __libspace_start                         0x2000006c   Data          96  libspace.o(.bss)
    __temporary_stack_top$libspace           0x200000cc   Data           0  libspace.o(.bss)



==============================================================================

Memory Map of the image

  Image Entry point : 0x080001a5

  Load Region LR_1 (Base: 0x08000000, Size: 0x000025b8, Max: 0xffffffff, ABSOLUTE)

    Execution Region ER_RO (Exec base: 0x08000000, Load base: 0x08000000, Size: 0x00002598, Max: 0xffffffff, ABSOLUTE)

    Exec Addr    Load Addr    Size         Type   Attr      Idx    E Section Name        Object

    0x08000000   0x08000000   0x000000ec   Data   RO          541    RESET               startup_stm32f10x_md.o
    0x080000ec   0x080000ec   0x00000008   Code   RO          638  * !!!main             c_w.l(__main.o)
    0x080000f4   0x080000f4   0x00000034   Code   RO          837    !!!scatter          c_w.l(__scatter.o)
    0x08000128   0x08000128   0x0000001a   Code   RO          839    !!handler_copy      c_w.l(__scatter_copy.o)
    0x08000142   0x08000142   0x00000002   PAD
    0x08000144   0x08000144   0x0000001c   Code   RO          841    !!handler_zi        c_w.l(__scatter_zi.o)
    0x08000160   0x08000160   0x00000000   Code   RO          625    .ARM.Collect$$_printf_percent$$00000000  c_w.l(_printf_percent.o)
    0x08000160   0x08000160   0x00000006   Code   RO          624    .ARM.Collect$$_printf_percent$$00000009  c_w.l(_printf_d.o)
    0x08000166   0x08000166   0x00000004   Code   RO          652    .ARM.Collect$$_printf_percent$$00000017  c_w.l(_printf_percent_end.o)
    0x0800016a   0x0800016a   0x00000002   Code   RO          706    .ARM.Collect$$libinit$$00000000  c_w.l(libinit.o)
    0x0800016c   0x0800016c   0x00000000   Code   RO          712    .ARM.Collect$$libinit$$00000002  c_w.l(libinit2.o)
    0x0800016c   0x0800016c   0x00000000   Code   RO          714    .ARM.Collect$$libinit$$00000004  c_w.l(libinit2.o)
    0x0800016c   0x0800016c   0x00000000   Code   RO          717    .ARM.Collect$$libinit$$0000000A  c_w.l(libinit2.o)
    0x0800016c   0x0800016c   0x00000000   Code   RO          719    .ARM.Collect$$libinit$$0000000C  c_w.l(libinit2.o)
    0x0800016c   0x0800016c   0x00000000   Code   RO          721    .ARM.Collect$$libinit$$0000000E  c_w.l(libinit2.o)
    0x0800016c   0x0800016c   0x00000006   Code   RO          722    .ARM.Collect$$libinit$$0000000F  c_w.l(libinit2.o)
    0x08000172   0x08000172   0x00000000   Code   RO          724    .ARM.Collect$$libinit$$00000011  c_w.l(libinit2.o)
    0x08000172   0x08000172   0x0000000c   Code   RO          725    .ARM.Collect$$libinit$$00000012  c_w.l(libinit2.o)
    0x0800017e   0x0800017e   0x00000000   Code   RO          726    .ARM.Collect$$libinit$$00000013  c_w.l(libinit2.o)
    0x0800017e   0x0800017e   0x00000000   Code   RO          728    .ARM.Collect$$libinit$$00000015  c_w.l(libinit2.o)
    0x0800017e   0x0800017e   0x00000000   Code   RO          730    .ARM.Collect$$libinit$$00000017  c_w.l(libinit2.o)
    0x0800017e   0x0800017e   0x00000000   Code   RO          732    .ARM.Collect$$libinit$$00000019  c_w.l(libinit2.o)
    0x0800017e   0x0800017e   0x00000000   Code   RO          734    .ARM.Collect$$libinit$$0000001B  c_w.l(libinit2.o)
    0x0800017e   0x0800017e   0x00000000   Code   RO          736    .ARM.Collect$$libinit$$0000001D  c_w.l(libinit2.o)
    0x0800017e   0x0800017e   0x00000000   Code   RO          738    .ARM.Collect$$libinit$$0000001F  c_w.l(libinit2.o)
    0x0800017e   0x0800017e   0x00000000   Code   RO          740    .ARM.Collect$$libinit$$00000021  c_w.l(libinit2.o)
    0x0800017e   0x0800017e   0x00000000   Code   RO          742    .ARM.Collect$$libinit$$00000023  c_w.l(libinit2.o)
    0x0800017e   0x0800017e   0x00000000   Code   RO          744    .ARM.Collect$$libinit$$00000025  c_w.l(libinit2.o)
    0x0800017e   0x0800017e   0x00000000   Code   RO          748    .ARM.Collect$$libinit$$0000002C  c_w.l(libinit2.o)
    0x0800017e   0x0800017e   0x00000000   Code   RO          750    .ARM.Collect$$libinit$$0000002E  c_w.l(libinit2.o)
    0x0800017e   0x0800017e   0x00000000   Code   RO          752    .ARM.Collect$$libinit$$00000030  c_w.l(libinit2.o)
    0x0800017e   0x0800017e   0x00000000   Code   RO          754    .ARM.Collect$$libinit$$00000032  c_w.l(libinit2.o)
    0x0800017e   0x0800017e   0x00000002   Code   RO          755    .ARM.Collect$$libinit$$00000033  c_w.l(libinit2.o)
    0x08000180   0x08000180   0x00000002   Code   RO          775    .ARM.Collect$$libshutdown$$00000000  c_w.l(libshutdown.o)
    0x08000182   0x08000182   0x00000000   Code   RO          788    .ARM.Collect$$libshutdown$$00000002  c_w.l(libshutdown2.o)
    0x08000182   0x08000182   0x00000000   Code   RO          790    .ARM.Collect$$libshutdown$$00000004  c_w.l(libshutdown2.o)
    0x08000182   0x08000182   0x00000000   Code   RO          792    .ARM.Collect$$libshutdown$$00000006  c_w.l(libshutdown2.o)
    0x08000182   0x08000182   0x00000000   Code   RO          795    .ARM.Collect$$libshutdown$$00000009  c_w.l(libshutdown2.o)
    0x08000182   0x08000182   0x00000000   Code   RO          798    .ARM.Collect$$libshutdown$$0000000C  c_w.l(libshutdown2.o)
    0x08000182   0x08000182   0x00000000   Code   RO          800    .ARM.Collect$$libshutdown$$0000000E  c_w.l(libshutdown2.o)
    0x08000182   0x08000182   0x00000000   Code   RO          803    .ARM.Collect$$libshutdown$$00000011  c_w.l(libshutdown2.o)
    0x08000182   0x08000182   0x00000002   Code   RO          804    .ARM.Collect$$libshutdown$$00000012  c_w.l(libshutdown2.o)
    0x08000184   0x08000184   0x00000000   Code   RO          640    .ARM.Collect$$rtentry$$00000000  c_w.l(__rtentry.o)
    0x08000184   0x08000184   0x00000000   Code   RO          663    .ARM.Collect$$rtentry$$00000002  c_w.l(__rtentry2.o)
    0x08000184   0x08000184   0x00000006   Code   RO          675    .ARM.Collect$$rtentry$$00000004  c_w.l(__rtentry4.o)
    0x0800018a   0x0800018a   0x00000000   Code   RO          665    .ARM.Collect$$rtentry$$00000009  c_w.l(__rtentry2.o)
    0x0800018a   0x0800018a   0x00000004   Code   RO          666    .ARM.Collect$$rtentry$$0000000A  c_w.l(__rtentry2.o)
    0x0800018e   0x0800018e   0x00000000   Code   RO          668    .ARM.Collect$$rtentry$$0000000C  c_w.l(__rtentry2.o)
    0x0800018e   0x0800018e   0x00000008   Code   RO          669    .ARM.Collect$$rtentry$$0000000D  c_w.l(__rtentry2.o)
    0x08000196   0x08000196   0x00000002   Code   RO          707    .ARM.Collect$$rtexit$$00000000  c_w.l(rtexit.o)
    0x08000198   0x08000198   0x00000000   Code   RO          757    .ARM.Collect$$rtexit$$00000002  c_w.l(rtexit2.o)
    0x08000198   0x08000198   0x00000004   Code   RO          758    .ARM.Collect$$rtexit$$00000003  c_w.l(rtexit2.o)
    0x0800019c   0x0800019c   0x00000006   Code   RO          759    .ARM.Collect$$rtexit$$00000004  c_w.l(rtexit2.o)
    0x080001a2   0x080001a2   0x00000002   PAD
    0x080001a4   0x080001a4   0x00000040   Code   RO          542  * .text               startup_stm32f10x_md.o
    0x080001e4   0x080001e4   0x00000028   Code   RO          596    .text               c_w.l(noretval__2sprintf.o)
    0x0800020c   0x0800020c   0x0000004e   Code   RO          600    .text               c_w.l(_printf_pad.o)
    0x0800025a   0x0800025a   0x00000002   PAD
    0x0800025c   0x0800025c   0x00000078   Code   RO          602    .text               c_w.l(_printf_dec.o)
    0x080002d4   0x080002d4   0x00000138   Code   RO          616    .text               c_w.l(__printf_flags_wp.o)
    0x0800040c   0x0800040c   0x0000001a   Code   RO          626    .text               c_w.l(atoi.o)
    0x08000426   0x08000426   0x00000004   Code   RO          628    .text               c_w.l(strtok_r.o)
    0x0800042a   0x0800042a   0x00000024   Code   RO          630    .text               c_w.l(strstr.o)
    0x0800044e   0x0800044e   0x0000003e   Code   RO          632    .text               c_w.l(strlen.o)
    0x0800048c   0x0800048c   0x00000044   Code   RO          634    .text               c_w.l(rt_memclr.o)
    0x080004d0   0x080004d0   0x00000006   Code   RO          636    .text               c_w.l(heapauxi.o)
    0x080004d6   0x080004d6   0x00000002   PAD
    0x080004d8   0x080004d8   0x00000008   Code   RO          644    .text               c_w.l(rt_errno_addr_intlibspace.o)
    0x080004e0   0x080004e0   0x000000b2   Code   RO          646    .text               c_w.l(_printf_intcommon.o)
    0x08000592   0x08000592   0x00000002   PAD
    0x08000594   0x08000594   0x00000030   Code   RO          648    .text               c_w.l(_printf_char_common.o)
    0x080005c4   0x080005c4   0x0000000a   Code   RO          650    .text               c_w.l(_sputc.o)
    0x080005ce   0x080005ce   0x00000070   Code   RO          653    .text               c_w.l(strtol.o)
    0x0800063e   0x0800063e   0x00000002   PAD
    0x08000640   0x08000640   0x00000044   Code   RO          655    .text               c_w.l(strtok_int.o)
    0x08000684   0x08000684   0x0000004e   Code   RO          657    .text               c_w.l(rt_memclr_w.o)
    0x080006d2   0x080006d2   0x00000002   PAD
    0x080006d4   0x080006d4   0x00000008   Code   RO          659    .text               c_w.l(libspace.o)
    0x080006dc   0x080006dc   0x00000010   Code   RO          677    .text               c_w.l(rt_ctype_table.o)
    0x080006ec   0x080006ec   0x0000009e   Code   RO          681    .text               c_w.l(_strtoul.o)
    0x0800078a   0x0800078a   0x00000020   Code   RO          683    .text               c_w.l(strcspn.o)
    0x080007aa   0x080007aa   0x0000001c   Code   RO          685    .text               c_w.l(strspn.o)
    0x080007c6   0x080007c6   0x0000004a   Code   RO          687    .text               c_w.l(sys_stackheap_outer.o)
    0x08000810   0x08000810   0x00000008   Code   RO          692    .text               c_w.l(rt_locale_intlibspace.o)
    0x08000818   0x08000818   0x0000001c   Code   RO          694    .text               c_w.l(_chval.o)
    0x08000834   0x08000834   0x00000012   Code   RO          699    .text               c_w.l(exit.o)
    0x08000846   0x08000846   0x00000002   PAD
    0x08000848   0x08000848   0x00000080   Code   RO          709    .text               c_w.l(strcmpv7m.o)
    0x080008c8   0x080008c8   0x0000000c   Code   RO          767    .text               c_w.l(sys_exit.o)
    0x080008d4   0x080008d4   0x00000002   Code   RO          778    .text               c_w.l(use_no_semi.o)
    0x080008d6   0x080008d6   0x00000000   Code   RO          780    .text               c_w.l(indicate_semi.o)
    0x080008d6   0x080008d6   0x00000002   PAD
    0x080008d8   0x080008d8   0x000000e4   Code   RO          108    i.RTC_GetDateTime   rtc.o
    0x080009bc   0x080009bc   0x00000150   Code   RO          109    i.RTC_SetDateTime   rtc.o
    0x08000b0c   0x08000b0c   0x00000008   Code   RO          549    i.SetSysClock       system_stm32f10x.o
    0x08000b14   0x08000b14   0x000000e0   Code   RO          550    i.SetSysClockTo72   system_stm32f10x.o
    0x08000bf4   0x08000bf4   0x0000007c   Code   RO            4    i.SysTick_Handler   main.o
    0x08000c70   0x08000c70   0x00000060   Code   RO          552    i.SystemInit        system_stm32f10x.o
    0x08000cd0   0x08000cd0   0x00000038   Code   RO            5    i.USART1_IRQHandler  main.o
    0x08000d08   0x08000d08   0x0000000e   Code   RO          614    i._is_digit         c_w.l(__printf_wp.o)
    0x08000d16   0x08000d16   0x0000001a   Code   RO          488    i.delay_ms          delay.o
    0x08000d30   0x08000d30   0x0000001a   Code   RO            6    i.delay_ms_simple   main.o
    0x08000d4a   0x08000d4a   0x00000018   Code   RO          489    i.delay_us          delay.o
    0x08000d62   0x08000d62   0x00000002   PAD
    0x08000d64   0x08000d64   0x00000048   Code   RO          464    i.gpio_init         gpio.o
    0x08000dac   0x08000dac   0x000000d8   Code   RO          234    i.i2cInit           i2c.o
    0x08000e84   0x08000e84   0x00000024   Code   RO          235    i.i2c_start         i2c.o
    0x08000ea8   0x08000ea8   0x00000020   Code   RO          236    i.i2c_stop          i2c.o
    0x08000ec8   0x08000ec8   0x0000001c   Code   RO          237    i.i2c_write         i2c.o
    0x08000ee4   0x08000ee4   0x00000050   Code   RO          238    i.i2c_write_byte    i2c.o
    0x08000f34   0x08000f34   0x00000010   Code   RO          358    i.keyboard_get_key  keyboard.o
    0x08000f44   0x08000f44   0x00000040   Code   RO          359    i.keyboard_init     keyboard.o
    0x08000f84   0x08000f84   0x000004b4   Code   RO          360    i.keyboard_process_key  keyboard.o
    0x08001438   0x08001438   0x000000d0   Code   RO          361    i.keyboard_scan     keyboard.o
    0x08001508   0x08001508   0x00000010   Code   RO          282    i.lcd_clear         lcd.o
    0x08001518   0x08001518   0x00000068   Code   RO          283    i.lcd_init          lcd.o
    0x08001580   0x08001580   0x0000000c   Code   RO          284    i.lcd_print_char    lcd.o
    0x0800158c   0x0800158c   0x00000016   Code   RO          285    i.lcd_print_string  lcd.o
    0x080015a2   0x080015a2   0x00000024   Code   RO          286    i.lcd_send_command  lcd.o
    0x080015c6   0x080015c6   0x00000014   Code   RO          287    i.lcd_send_data     lcd.o
    0x080015da   0x080015da   0x00000062   Code   RO          288    i.lcd_send_nibble   lcd.o
    0x0800163c   0x0800163c   0x0000001c   Code   RO          289    i.lcd_set_cursor    lcd.o
    0x08001658   0x08001658   0x00000074   Code   RO          290    i.lcd_update_time   lcd.o
    0x080016cc   0x080016cc   0x0000001a   Code   RO          291    i.lcd_write_4bits   lcd.o
    0x080016e6   0x080016e6   0x00000002   PAD
    0x080016e8   0x080016e8   0x00000150   Code   RO            7    i.main              main.o
    0x08001838   0x08001838   0x000000a0   Code   RO          112    i.rtc_init          rtc.o
    0x080018d8   0x080018d8   0x00000100   Code   RO          407    i.scheduler_check   scheduler.o
    0x080019d8   0x080019d8   0x00000050   Code   RO          409    i.scheduler_init    scheduler.o
    0x08001a28   0x08001a28   0x000000fc   Code   RO          518    i.sysClockTo72      sysinit.o
    0x08001b24   0x08001b24   0x000001f0   Code   RO          163    i.uart_help         uart.o
    0x08001d14   0x08001d14   0x000000e8   Code   RO          164    i.uart_init         uart.o
    0x08001dfc   0x08001dfc   0x00000074   Code   RO          165    i.uart_process_char  uart.o
    0x08001e70   0x08001e70   0x00000524   Code   RO          166    i.uart_process_command  uart.o
    0x08002394   0x08002394   0x0000001c   Code   RO          167    i.uart_send_char    uart.o
    0x080023b0   0x080023b0   0x00000016   Code   RO          168    i.uart_send_string  uart.o
    0x080023c6   0x080023c6   0x00000002   PAD
    0x080023c8   0x080023c8   0x00000060   Code   RO          169    i.uart_send_time    uart.o
    0x08002428   0x08002428   0x0000002c   Code   RO          697    locale$$code        c_w.l(lc_ctype_c.o)
    0x08002454   0x08002454   0x00000011   Data   RO          617    .constdata          c_w.l(__printf_flags_wp.o)
    0x08002465   0x08002465   0x00000003   PAD
    0x08002468   0x08002468   0x00000020   Data   RO          835    Region$$Table       anon$$obj.o
    0x08002488   0x08002488   0x00000110   Data   RO          696    locale$$data        c_w.l(lc_ctype_c.o)


    Execution Region ER_RW (Exec base: 0x20000000, Load base: 0x08002598, Size: 0x00000020, Max: 0xffffffff, ABSOLUTE)

    Exec Addr    Load Addr    Size         Type   Attr      Idx    E Section Name        Object

    0x20000000   0x08002598   0x00000010   Data   RW            8    .data               main.o
    0x20000010   0x080025a8   0x00000002   Data   RW          171    .data               uart.o
    0x20000012   0x080025aa   0x00000002   PAD
    0x20000014   0x080025ac   0x0000000b   Data   RW          362    .data               keyboard.o
    0x2000001f   0x080025b7   0x00000001   Data   RW          413    .data               scheduler.o


    Execution Region ER_ZI (Exec base: 0x20000020, Load base: 0x080025b8, Size: 0x000006b0, Max: 0xffffffff, ABSOLUTE)

    Exec Addr    Load Addr    Size         Type   Attr      Idx    E Section Name        Object

    0x20000020        -       0x0000000b   Zero   RW          113    .bss                rtc.o
    0x2000002b        -       0x00000040   Zero   RW          170    .bss                uart.o
    0x2000006b   0x080025b8   0x00000001   PAD
    0x2000006c        -       0x00000060   Zero   RW          660    .bss                c_w.l(libspace.o)
    0x200000cc   0x080025b8   0x00000004   PAD
    0x200000d0        -       0x00000200   Zero   RW          540    HEAP                startup_stm32f10x_md.o
    0x200002d0        -       0x00000400   Zero   RW          539    STACK               startup_stm32f10x_md.o


==============================================================================

Image component sizes


      Code (inc. data)   RO Data    RW Data    ZI Data      Debug   Object Name

        50          0          0          0          0        990   delay.o
        72         10          0          0          0        360   gpio.o
       392         38          0          0          0       2046   i2c.o
      1492        184          0         11          0       2694   keyboard.o
       478         44          0          0          0       5705   lcd.o
       542        142          0         16          0     236648   main.o
       724         48          0          0         11       2373   rtc.o
       336         26          0          1          0       1621   scheduler.o
        64         26        236          0       1536        788   startup_stm32f10x_md.o
       252          8          0          0          0        459   sysinit.o
       328         28          0          0          0       1853   system_stm32f10x.o
      2306       1032          0          2         64      30041   uart.o

    ----------------------------------------------------------------------
      7042       1586        268         32       1612     285578   Object Totals
         0          0         32          0          0          0   (incl. Generated)
         6          0          0          2          1          0   (incl. Padding)

    ----------------------------------------------------------------------

      Code (inc. data)   RO Data    RW Data    ZI Data      Debug   Library Member Name

         8          0          0          0          0         68   __main.o
       312          4         17          0          0         92   __printf_flags_wp.o
        14          0          0          0          0         68   __printf_wp.o
         0          0          0          0          0          0   __rtentry.o
        12          0          0          0          0          0   __rtentry2.o
         6          0          0          0          0          0   __rtentry4.o
        52          8          0          0          0          0   __scatter.o
        26          0          0          0          0          0   __scatter_copy.o
        28          0          0          0          0          0   __scatter_zi.o
        28          0          0          0          0         68   _chval.o
        48          6          0          0          0         96   _printf_char_common.o
         6          0          0          0          0          0   _printf_d.o
       120         16          0          0          0         92   _printf_dec.o
       178          0          0          0          0         88   _printf_intcommon.o
        78          0          0          0          0        108   _printf_pad.o
         0          0          0          0          0          0   _printf_percent.o
         4          0          0          0          0          0   _printf_percent_end.o
        10          0          0          0          0         68   _sputc.o
       158          0          0          0          0         92   _strtoul.o
        26          0          0          0          0         80   atoi.o
        18          0          0          0          0         80   exit.o
         6          0          0          0          0        152   heapauxi.o
         0          0          0          0          0          0   indicate_semi.o
        44         10        272          0          0         76   lc_ctype_c.o
         2          0          0          0          0          0   libinit.o
        20          0          0          0          0          0   libinit2.o
         2          0          0          0          0          0   libshutdown.o
         2          0          0          0          0          0   libshutdown2.o
         8          4          0          0         96         68   libspace.o
        40          6          0          0          0         84   noretval__2sprintf.o
        16          4          0          0          0         76   rt_ctype_table.o
         8          4          0          0          0         68   rt_errno_addr_intlibspace.o
         8          4          0          0          0         68   rt_locale_intlibspace.o
        68          0          0          0          0         68   rt_memclr.o
        78          0          0          0          0         80   rt_memclr_w.o
         2          0          0          0          0          0   rtexit.o
        10          0          0          0          0          0   rtexit2.o
       128          0          0          0          0         68   strcmpv7m.o
        32          0          0          0          0         80   strcspn.o
        62          0          0          0          0         76   strlen.o
        28          0          0          0          0         80   strspn.o
        36          0          0          0          0         80   strstr.o
        68          4          0          0          0         84   strtok_int.o
         4          0          0          0          0         68   strtok_r.o
       112          0          0          0          0         88   strtol.o
        12          4          0          0          0         68   sys_exit.o
        74          0          0          0          0         80   sys_stackheap_outer.o
         2          0          0          0          0         68   use_no_semi.o

    ----------------------------------------------------------------------
      2022         74        292          0        100       2580   Library Totals
        18          0          3          0          4          0   (incl. Padding)

    ----------------------------------------------------------------------

      Code (inc. data)   RO Data    RW Data    ZI Data      Debug   Library Name

      2004         74        289          0         96       2580   c_w.l

    ----------------------------------------------------------------------
      2022         74        292          0        100       2580   Library Totals

    ----------------------------------------------------------------------

==============================================================================


      Code (inc. data)   RO Data    RW Data    ZI Data      Debug   

      9064       1660        560         32       1712     284670   Grand Totals
      9064       1660        560         32       1712     284670   ELF Image Totals
      9064       1660        560         32          0          0   ROM Totals

==============================================================================

    Total RO  Size (Code + RO Data)                 9624 (   9.40kB)
    Total RW  Size (RW Data + ZI Data)              1744 (   1.70kB)
    Total ROM Size (Code + RO Data + RW Data)       9656 (   9.43kB)

==============================================================================

