Component: ARM Compiler 5.06 update 7 (build 960) Tool: armlink [4d3601]

==============================================================================

Section Cross References

    main.o(i.main) refers to sysinit.o(i.sysClockTo72) for sysClockTo72
    main.o(i.main) refers to delay.o(i.DWTDelay_Init) for DWTDelay_Init
    main.o(i.main) refers to gpio.o(i.gpioInit) for gpioInit
    main.o(i.main) refers to i2c.o(i.i2cInit) for i2cInit
    main.o(i.main) refers to lcd.o(i.lcdInit) for lcdInit
    main.o(i.main) refers to rtc.o(i.rtcInit) for rtcInit
    main.o(i.main) refers to matrix_keyboard.o(i.keyboardInit) for keyboardInit
    main.o(i.main) refers to matrix_keyboard.o(i.getKeyPress) for getKeyPress
    main.o(i.main) refers to matrix_keyboard.o(i.keyboardProcessKey) for keyboardProcessKey
    main.o(i.main) refers to main.o(.data) for keyPress
    sysinit.o(i.sysClockTo72) refers to system_stm32f10x.o(.data) for SystemCoreClock
    i2c.o(i.i2cInit) refers to delay.o(i.delayDWT_ms) for delayDWT_ms
    i2c.o(i.i2cWriteByte) refers to i2c.o(i.i2cStart) for i2cStart
    i2c.o(i.i2cWriteByte) refers to i2c.o(i.i2cWrite) for i2cWrite
    i2c.o(i.i2cWriteByte) refers to i2c.o(i.i2cStop) for i2cStop
    i2c.o(i.i2cWriteByte) refers to delay.o(i.delayDWT_us) for delayDWT_us
    lcd.o(i.lcdClear) refers to lcd.o(i.lcdSendCommand) for lcdSendCommand
    lcd.o(i.lcdCursorOff) refers to lcd.o(i.lcdSendCommand) for lcdSendCommand
    lcd.o(i.lcdCursorOn) refers to lcd.o(i.lcdSendCommand) for lcdSendCommand
    lcd.o(i.lcdInit) refers to delay.o(i.delayDWT_ms) for delayDWT_ms
    lcd.o(i.lcdInit) refers to lcd.o(i.lcdSendNibble) for lcdSendNibble
    lcd.o(i.lcdInit) refers to lcd.o(i.lcdSendCommand) for lcdSendCommand
    lcd.o(i.lcdInit) refers to i2c.o(i.i2cWriteByte) for i2cWriteByte
    lcd.o(i.lcdPrintChar) refers to lcd.o(i.lcdSendData) for lcdSendData
    lcd.o(i.lcdPrintString) refers to lcd.o(i.lcdPrintChar) for lcdPrintChar
    lcd.o(i.lcdSendCommand) refers to lcd.o(i.lcdWrite4Bits) for lcdWrite4Bits
    lcd.o(i.lcdSendCommand) refers to delay.o(i.delayDWT_ms) for delayDWT_ms
    lcd.o(i.lcdSendData) refers to lcd.o(i.lcdWrite4Bits) for lcdWrite4Bits
    lcd.o(i.lcdSendData) refers to delay.o(i.delayDWT_ms) for delayDWT_ms
    lcd.o(i.lcdSendNibble) refers to i2c.o(i.i2cWriteByte) for i2cWriteByte
    lcd.o(i.lcdSendNibble) refers to delay.o(i.delayDWT_us) for delayDWT_us
    lcd.o(i.lcdSetCursor) refers to lcd.o(i.lcdSendCommand) for lcdSendCommand
    lcd.o(i.lcdUpdateTime) refers to _printf_pad.o(.text) for _printf_pre_padding
    lcd.o(i.lcdUpdateTime) refers to _printf_percent.o(.ARM.Collect$$_printf_percent$$00000000) for _printf_percent
    lcd.o(i.lcdUpdateTime) refers to _printf_d.o(.ARM.Collect$$_printf_percent$$00000009) for _printf_d
    lcd.o(i.lcdUpdateTime) refers to _printf_s.o(.ARM.Collect$$_printf_percent$$00000014) for _printf_s
    lcd.o(i.lcdUpdateTime) refers to _printf_dec.o(.text) for _printf_int_dec
    lcd.o(i.lcdUpdateTime) refers to _printf_str.o(.text) for _printf_str
    lcd.o(i.lcdUpdateTime) refers to lcd.o(i.lcdSetCursor) for lcdSetCursor
    lcd.o(i.lcdUpdateTime) refers to scheduler.o(i.getSchedulerState) for getSchedulerState
    lcd.o(i.lcdUpdateTime) refers to noretval__2sprintf.o(.text) for __2sprintf
    lcd.o(i.lcdUpdateTime) refers to lcd.o(i.lcdPrintString) for lcdPrintString
    lcd.o(i.lcdUpdateTime) refers to scheduler.o(i.getDeviceState) for getDeviceState
    lcd.o(i.lcdWrite4Bits) refers to lcd.o(i.lcdSendNibble) for lcdSendNibble
    delay.o(i.delayDWT_ms) refers to delay.o(i.getDWTCountDelay) for getDWTCountDelay
    delay.o(i.delayDWT_ms) refers to system_stm32f10x.o(.data) for SystemCoreClock
    delay.o(i.delayDWT_nb_ms) refers to delay.o(i.getDWTCountDelay) for getDWTCountDelay
    delay.o(i.delayDWT_nb_ms) refers to system_stm32f10x.o(.data) for SystemCoreClock
    delay.o(i.delayDWT_nb_us) refers to delay.o(i.getDWTCountDelay) for getDWTCountDelay
    delay.o(i.delayDWT_nb_us) refers to system_stm32f10x.o(.data) for SystemCoreClock
    delay.o(i.delayDWT_us) refers to delay.o(i.getDWTCountDelay) for getDWTCountDelay
    delay.o(i.delayDWT_us) refers to system_stm32f10x.o(.data) for SystemCoreClock
    delay.o(i.delaySimple_us) refers to system_stm32f10x.o(.data) for SystemCoreClock
    rtc.o(i.RTCConvertFromSeconds) refers to rtc.o(i.RTCIsLeapYear) for RTCIsLeapYear
    rtc.o(i.RTCConvertToSeconds) refers to rtc.o(i.RTCIsLeapYear) for RTCIsLeapYear
    rtc.o(i.RTCGetTimeDate) refers to rtc.o(i.RTCConvertFromSeconds) for RTCConvertFromSeconds
    rtc.o(i.RTCGetTimeDate) refers to rtc.o(.bss) for deviceSchedule
    rtc.o(i.RTCSetTimeDate) refers to rtc.o(i.RTCConvertToSeconds) for RTCConvertToSeconds
    rtc.o(i.RTC_IRQHandler) refers to rtc.o(i.RTCGetTimeDate) for RTCGetTimeDate
    rtc.o(i.RTC_IRQHandler) refers to lcd.o(i.lcdUpdateTime) for lcdUpdateTime
    rtc.o(i.RTC_IRQHandler) refers to scheduler.o(i.schedulerCheck) for schedulerCheck
[...]
    matrix_keyboard.o(i.displaySetSchedule) refers to _printf_pad.o(.text) for _printf_pre_padding
    matrix_keyboard.o(i.displaySetSchedule) refers to _printf_percent.o(.ARM.Collect$$_printf_percent$$00000000) for _printf_percent
    matrix_keyboard.o(i.displaySetSchedule) refers to _printf_d.o(.ARM.Collect$$_printf_percent$$00000009) for _printf_d
    matrix_keyboard.o(i.displaySetSchedule) refers to _printf_dec.o(.text) for _printf_int_dec
    matrix_keyboard.o(i.displaySetSchedule) refers to lcd.o(i.lcdClear) for lcdClear
    matrix_keyboard.o(i.displaySetSchedule) refers to lcd.o(i.lcdCursorOn) for lcdCursorOn
    matrix_keyboard.o(i.displaySetSchedule) refers to lcd.o(i.lcdSetCursor) for lcdSetCursor
    matrix_keyboard.o(i.displaySetSchedule) refers to lcd.o(i.lcdPrintString) for lcdPrintString
    matrix_keyboard.o(i.displaySetSchedule) refers to noretval__2sprintf.o(.text) for __2sprintf
    matrix_keyboard.o(i.displaySetSchedule) refers to matrix_keyboard.o(.data) for scheduleSubmode
    matrix_keyboard.o(i.displaySetSchedule) refers to matrix_keyboard.o(.bss) for scheduleTempTime
    matrix_keyboard.o(i.displaySetTime) refers to _printf_pad.o(.text) for _printf_pre_padding
    matrix_keyboard.o(i.displaySetTime) refers to _printf_percent.o(.ARM.Collect$$_printf_percent$$00000000) for _printf_percent
    matrix_keyboard.o(i.displaySetTime) refers to _printf_d.o(.ARM.Collect$$_printf_percent$$00000009) for _printf_d
    matrix_keyboard.o(i.displaySetTime) refers to _printf_dec.o(.text) for _printf_int_dec
    matrix_keyboard.o(i.displaySetTime) refers to lcd.o(i.lcdClear) for lcdClear
    matrix_keyboard.o(i.displaySetTime) refers to lcd.o(i.lcdCursorOn) for lcdCursorOn
    matrix_keyboard.o(i.displaySetTime) refers to lcd.o(i.lcdSetCursor) for lcdSetCursor
    matrix_keyboard.o(i.displaySetTime) refers to lcd.o(i.lcdPrintString) for lcdPrintString
    matrix_keyboard.o(i.displaySetTime) refers to noretval__2sprintf.o(.text) for __2sprintf
    matrix_keyboard.o(i.displaySetTime) refers to matrix_keyboard.o(.data) for setTimeSubmode
    matrix_keyboard.o(i.displaySetTime) refers to matrix_keyboard.o(.bss) for tempTime
    matrix_keyboard.o(i.displayUpdate) refers to _printf_pad.o(.text) for _printf_pre_padding
    matrix_keyboard.o(i.displayUpdate) refers to _printf_percent.o(.ARM.Collect$$_printf_percent$$00000000) for _printf_percent
    matrix_keyboard.o(i.displayUpdate) refers to _printf_d.o(.ARM.Collect$$_printf_percent$$00000009) for _printf_d
    matrix_keyboard.o(i.displayUpdate) refers to _printf_dec.o(.text) for _printf_int_dec
    matrix_keyboard.o(i.displayUpdate) refers to lcd.o(i.lcdClear) for lcdClear
    matrix_keyboard.o(i.displayUpdate) refers to lcd.o(i.lcdCursorOff) for lcdCursorOff
    matrix_keyboard.o(i.displayUpdate) refers to lcd.o(i.lcdSetCursor) for lcdSetCursor
    matrix_keyboard.o(i.displayUpdate) refers to noretval__2sprintf.o(.text) for __2sprintf
    matrix_keyboard.o(i.displayUpdate) refers to lcd.o(i.lcdPrintString) for lcdPrintString
    matrix_keyboard.o(i.displayUpdate) refers to matrix_keyboard.o(.data) for displayPage
    matrix_keyboard.o(i.displayUpdate) refers to rtc.o(.bss) for deviceSchedule
    matrix_keyboard.o(i.getKeyPress) refers to matrix_keyboard.o(i.scanKeyboard) for scanKeyboard
    matrix_keyboard.o(i.getKeyPress) refers to matrix_keyboard.o(.data) for prev_btn
    matrix_keyboard.o(i.keyboardProcessKey) refers to matrix_keyboard.o(i.displayUpdate) for displayUpdate
    matrix_keyboard.o(i.keyboardProcessKey) refers to matrix_keyboard.o(i.displaySetTime) for displaySetTime
    matrix_keyboard.o(i.keyboardProcessKey) refers to rt_memcpy_w.o(.text) for __aeabi_memcpy4
    matrix_keyboard.o(i.keyboardProcessKey) refers to matrix_keyboard.o(i.displaySetSchedule) for displaySetSchedule
    matrix_keyboard.o(i.keyboardProcessKey) refers to rtc.o(i.RTCSetTimeDate) for RTCSetTimeDate
    matrix_keyboard.o(i.keyboardProcessKey) refers to scheduler.o(i.schedulerSetOnTime) for schedulerSetOnTime
    matrix_keyboard.o(i.keyboardProcessKey) refers to scheduler.o(i.schedulerSetOffTime) for schedulerSetOffTime
    matrix_keyboard.o(i.keyboardProcessKey) refers to matrix_keyboard.o(.data) for currentState
    matrix_keyboard.o(i.keyboardProcessKey) refers to matrix_keyboard.o(.bss) for tempTime
    matrix_keyboard.o(i.keyboardProcessKey) refers to rtc.o(.bss) for currentTime
    matrix_keyboard.o(i.scanKeyboard) refers to matrix_keyboard.o(i.setColumn) for setColumn
    matrix_keyboard.o(i.scanKeyboard) refers to delay.o(i.delayDWT_us) for delayDWT_us
    matrix_keyboard.o(i.scanKeyboard) refers to matrix_keyboard.o(i.readString) for readString
    matrix_keyboard.o(i.scanKeyboard) refers to matrix_keyboard.o(.data) for keyb
    matrix_keyboard.o(i.ui_init) refers to matrix_keyboard.o(i.displayUpdate) for displayUpdate
    matrix_keyboard.o(i.ui_init) refers to matrix_keyboard.o(.data) for currentState
    startup_stm32f10x_md.o(STACK) refers (Special) to heapauxi.o(.text) for __use_two_region_memory
    startup_stm32f10x_md.o(HEAP) refers (Special) to heapauxi.o(.text) for __use_two_region_memory
    startup_stm32f10x_md.o(RESET) refers (Special) to heapauxi.o(.text) for __use_two_region_memory
    startup_stm32f10x_md.o(RESET) refers to startup_stm32f10x_md.o(STACK) for __initial_sp
    startup_stm32f10x_md.o(RESET) refers to startup_stm32f10x_md.o(.text) for Reset_Handler
    startup_stm32f10x_md.o(RESET) refers to rtc.o(i.RTC_IRQHandler) for RTC_IRQHandler
    startup_stm32f10x_md.o(.text) refers (Special) to heapauxi.o(.text) for __use_two_region_memory
    startup_stm32f10x_md.o(.text) refers to system_stm32f10x.o(i.SystemInit) for SystemInit
    startup_stm32f10x_md.o(.text) refers to __main.o(!!!main) for __main
    startup_stm32f10x_md.o(.text) refers to startup_stm32f10x_md.o(HEAP) for Heap_Mem
    startup_stm32f10x_md.o(.text) refers to startup_stm32f10x_md.o(STACK) for Stack_Mem
    system_stm32f10x.o(i.SystemCoreClockUpdate) refers to system_stm32f10x.o(.data) for SystemCoreClock
    system_stm32f10x.o(i.SystemInit) refers to system_stm32f10x.o(i.SetSysClock) for SetSysClock
    __2sprintf.o(.text) refers to _printf_char_common.o(.text) for _printf_char_common
    __2sprintf.o(.text) refers to _sputc.o(.text) for _sputc
    noretval__2sprintf.o(.text) refers to _printf_char_common.o(.text) for _printf_char_common
    noretval__2sprintf.o(.text) refers to _sputc.o(.text) for _sputc
    __printf.o(.text) refers to _printf_percent.o(.ARM.Collect$$_printf_percent$$00000000) for _printf_percent
    _printf_str.o(.text) refers (Special) to _printf_char.o(.text) for _printf_cs_common
    _printf_str.o(.text) refers (Weak) to _printf_pad.o(.text) for _printf_pre_padding
    _printf_str.o(.text) refers (Weak) to _printf_pad.o(.text) for _printf_post_padding
    _printf_dec.o(.text) refers to _printf_intcommon.o(.text) for _printf_int_common
    __printf_flags.o(.text) refers to _printf_percent.o(.ARM.Collect$$_printf_percent$$00000000) for _printf_percent
    __printf_flags.o(.text) refers to __printf_flags.o(.constdata) for .constdata
    __printf_ss.o(.text) refers to _printf_percent.o(.ARM.Collect$$_printf_percent$$00000000) for _printf_percent
    __printf_flags_ss.o(.text) refers to _printf_percent.o(.ARM.Collect$$_printf_percent$$00000000) for _printf_percent
    __printf_flags_ss.o(.text) refers to __printf_flags_ss.o(.constdata) for .constdata
    __printf_wp.o(.text) refers to __printf_wp.o(i._is_digit) for _is_digit
    __printf_wp.o(.text) refers to _printf_percent.o(.ARM.Collect$$_printf_percent$$00000000) for _printf_percent
    __printf_flags_wp.o(.text) refers to __printf_wp.o(i._is_digit) for _is_digit
    __printf_flags_wp.o(.text) refers to _printf_percent.o(.ARM.Collect$$_printf_percent$$00000000) for _printf_percent
    __printf_flags_wp.o(.text) refers to __printf_flags_wp.o(.constdata) for .constdata
    __printf_ss_wp.o(.text) refers to __printf_wp.o(i._is_digit) for _is_digit
    __printf_ss_wp.o(.text) refers to _printf_percent.o(.ARM.Collect$$_printf_percent$$00000000) for _printf_percent
    __printf_flags_ss_wp.o(.text) refers to __printf_wp.o(i._is_digit) for _is_digit
    __printf_flags_ss_wp.o(.text) refers to _printf_percent.o(.ARM.Collect$$_printf_percent$$00000000) for _printf_percent
    __printf_flags_ss_wp.o(.text) refers to __printf_flags_ss_wp.o(.constdata) for .constdata
    _printf_s.o(.ARM.Collect$$_printf_percent$$00000014) refers (Weak) to _printf_char.o(.text) for _printf_string
    _printf_d.o(.ARM.Collect$$_printf_percent$$00000009) refers (Weak) to _printf_dec.o(.text) for _printf_int_dec
    _printf_percent.o(.ARM.Collect$$_printf_percent$$00000000) refers (Special) to _printf_percent_end.o(.ARM.Collect$$_printf_percent$$00000017) for _printf_percent_end
    __main.o(!!!main) refers to __rtentry.o(.ARM.Collect$$rtentry$$00000000) for __rt_entry
    __rtentry.o(.ARM.Collect$$rtentry$$00000000) refers (Special) to __rtentry2.o(.ARM.Collect$$rtentry$$0000000A) for __rt_entry_li
    __rtentry.o(.ARM.Collect$$rtentry$$00000000) refers (Special) to __rtentry2.o(.ARM.Collect$$rtentry$$0000000D) for __rt_entry_main
    __rtentry.o(.ARM.Collect$$rtentry$$00000000) refers (Special) to __rtentry2.o(.ARM.Collect$$rtentry$$0000000C) for __rt_entry_postli_1
    __rtentry.o(.ARM.Collect$$rtentry$$00000000) refers (Special) to __rtentry2.o(.ARM.Collect$$rtentry$$00000009) for __rt_entry_postsh_1
    __rtentry.o(.ARM.Collect$$rtentry$$00000000) refers (Special) to __rtentry2.o(.ARM.Collect$$rtentry$$00000002) for __rt_entry_presh_1
    __rtentry.o(.ARM.Collect$$rtentry$$00000000) refers (Special) to __rtentry4.o(.ARM.Collect$$rtentry$$00000004) for __rt_entry_sh
    _printf_intcommon.o(.text) refers (Weak) to _printf_pad.o(.text) for _printf_pre_padding
    _printf_intcommon.o(.text) refers (Weak) to _printf_pad.o(.text) for _printf_pre_padding
    _printf_intcommon.o(.text) refers (Weak) to _printf_pad.o(.text) for _printf_post_padding
    _printf_char_common.o(.text) refers to __printf_flags_wp.o(.text) for __printf
    _printf_char.o(.text) refers (Weak) to _printf_str.o(.text) for _printf_str
    __rtentry2.o(.ARM.Collect$$rtentry$$00000008) refers to boardinit2.o(.text) for _platform_post_stackheap_init
    __rtentry2.o(.ARM.Collect$$rtentry$$0000000A) refers to libinit.o(.ARM.Collect$$libinit$$00000000) for __rt_lib_init
    __rtentry2.o(.ARM.Collect$$rtentry$$0000000B) refers to boardinit3.o(.text) for _platform_post_lib_init
    __rtentry2.o(.ARM.Collect$$rtentry$$0000000D) refers to main.o(i.main) for main
    __rtentry2.o(.ARM.Collect$$rtentry$$0000000D) refers to exit.o(.text) for exit
    __rtentry2.o(.ARM.exidx) refers to __rtentry2.o(.ARM.Collect$$rtentry$$00000001) for .ARM.Collect$$rtentry$$00000001
    __rtentry2.o(.ARM.exidx) refers to __rtentry2.o(.ARM.Collect$$rtentry$$00000008) for .ARM.Collect$$rtentry$$00000008
    __rtentry2.o(.ARM.exidx) refers to __rtentry2.o(.ARM.Collect$$rtentry$$0000000A) for .ARM.Collect$$rtentry$$0000000A
    __rtentry2.o(.ARM.exidx) refers to __rtentry2.o(.ARM.Collect$$rtentry$$0000000B) for .ARM.Collect$$rtentry$$0000000B
    __rtentry2.o(.ARM.exidx) refers to __rtentry2.o(.ARM.Collect$$rtentry$$0000000D) for .ARM.Collect$$rtentry$$0000000D
    __rtentry4.o(.ARM.Collect$$rtentry$$00000004) refers to sys_stackheap_outer.o(.text) for __user_setup_stackheap
    __rtentry4.o(.ARM.exidx) refers to __rtentry4.o(.ARM.Collect$$rtentry$$00000004) for .ARM.Collect$$rtentry$$00000004
    sys_stackheap_outer.o(.text) refers to libspace.o(.text) for __user_perproc_libspace
    sys_stackheap_outer.o(.text) refers to startup_stm32f10x_md.o(.text) for __user_initial_stackheap
    exit.o(.text) refers to rtexit.o(.ARM.Collect$$rtexit$$00000000) for __rt_exit
    libinit.o(.ARM.Collect$$libinit$$00000000) refers (Special) to libinit2.o(.ARM.Collect$$libinit$$0000002E) for __rt_lib_init_alloca_1
    libinit.o(.ARM.Collect$$libinit$$00000000) refers (Special) to libinit2.o(.ARM.Collect$$libinit$$0000002C) for __rt_lib_init_argv_1
    libinit.o(.ARM.Collect$$libinit$$00000000) refers (Special) to libinit2.o(.ARM.Collect$$libinit$$0000001B) for __rt_lib_init_atexit_1
    libinit.o(.ARM.Collect$$libinit$$00000000) refers (Special) to libinit2.o(.ARM.Collect$$libinit$$00000021) for __rt_lib_init_clock_1
    libinit.o(.ARM.Collect$$libinit$$00000000) refers (Special) to libinit2.o(.ARM.Collect$$libinit$$00000032) for __rt_lib_init_cpp_1
    libinit.o(.ARM.Collect$$libinit$$00000000) refers (Special) to libinit2.o(.ARM.Collect$$libinit$$00000030) for __rt_lib_init_exceptions_1
    libinit.o(.ARM.Collect$$libinit$$00000000) refers (Special) to libinit2.o(.ARM.Collect$$libinit$$00000002) for __rt_lib_init_fp_1
    libinit.o(.ARM.Collect$$libinit$$00000000) refers (Special) to libinit2.o(.ARM.Collect$$libinit$$0000001F) for __rt_lib_init_fp_trap_1
    libinit.o(.ARM.Collect$$libinit$$00000000) refers (Special) to libinit2.o(.ARM.Collect$$libinit$$00000023) for __rt_lib_init_getenv_1
    libinit.o(.ARM.Collect$$libinit$$00000000) refers (Special) to libinit2.o(.ARM.Collect$$libinit$$0000000A) for __rt_lib_init_heap_1
    libinit.o(.ARM.Collect$$libinit$$00000000) refers (Special) to libinit2.o(.ARM.Collect$$libinit$$00000011) for __rt_lib_init_lc_collate_1
    libinit.o(.ARM.Collect$$libinit$$00000000) refers (Special) to libinit2.o(.ARM.Collect$$libinit$$00000013) for __rt_lib_init_lc_ctype_1
    libinit.o(.ARM.Collect$$libinit$$00000000) refers (Special) to libinit2.o(.ARM.Collect$$libinit$$00000015) for __rt_lib_init_lc_monetary_1
    libinit.o(.ARM.Collect$$libinit$$00000000) refers (Special) to libinit2.o(.ARM.Collect$$libinit$$00000017) for __rt_lib_init_lc_numeric_1
    libinit.o(.ARM.Collect$$libinit$$00000000) refers (Special) to libinit2.o(.ARM.Collect$$libinit$$00000019) for __rt_lib_init_lc_time_1
    libinit.o(.ARM.Collect$$libinit$$00000000) refers (Special) to libinit2.o(.ARM.Collect$$libinit$$00000004) for __rt_lib_init_preinit_1
    libinit.o(.ARM.Collect$$libinit$$00000000) refers (Special) to libinit2.o(.ARM.Collect$$libinit$$0000000E) for __rt_lib_init_rand_1
    libinit.o(.ARM.Collect$$libinit$$00000000) refers (Special) to libinit2.o(.ARM.Collect$$libinit$$00000033) for __rt_lib_init_return
    libinit.o(.ARM.Collect$$libinit$$00000000) refers (Special) to libinit2.o(.ARM.Collect$$libinit$$0000001D) for __rt_lib_init_signal_1
    libinit.o(.ARM.Collect$$libinit$$00000000) refers (Special) to libinit2.o(.ARM.Collect$$libinit$$00000025) for __rt_lib_init_stdio_1
    libinit.o(.ARM.Collect$$libinit$$00000000) refers (Special) to libinit2.o(.ARM.Collect$$libinit$$0000000C) for __rt_lib_init_user_alloc_1
    libspace.o(.text) refers to libspace.o(.bss) for __libspace_start
    rtexit.o(.ARM.Collect$$rtexit$$00000000) refers (Special) to rtexit2.o(.ARM.Collect$$rtexit$$00000004) for __rt_exit_exit
    rtexit.o(.ARM.Collect$$rtexit$$00000000) refers (Special) to rtexit2.o(.ARM.Collect$$rtexit$$00000003) for __rt_exit_ls
    rtexit.o(.ARM.Collect$$rtexit$$00000000) refers (Special) to rtexit2.o(.ARM.Collect$$rtexit$$00000002) for __rt_exit_prels_1
    rtexit.o(.ARM.exidx) refers (Special) to rtexit2.o(.ARM.Collect$$rtexit$$00000004) for __rt_exit_exit
    rtexit.o(.ARM.exidx) refers (Special) to rtexit2.o(.ARM.Collect$$rtexit$$00000003) for __rt_exit_ls
    rtexit.o(.ARM.exidx) refers (Special) to rtexit2.o(.ARM.Collect$$rtexit$$00000002) for __rt_exit_prels_1
    rtexit.o(.ARM.exidx) refers to rtexit.o(.ARM.Collect$$rtexit$$00000000) for .ARM.Collect$$rtexit$$00000000
    libinit2.o(.ARM.Collect$$libinit$$00000010) refers to libinit2.o(.ARM.Collect$$libinit$$0000000F) for .ARM.Collect$$libinit$$0000000F
    libinit2.o(.ARM.Collect$$libinit$$00000012) refers to libinit2.o(.ARM.Collect$$libinit$$0000000F) for .ARM.Collect$$libinit$$0000000F
    libinit2.o(.ARM.Collect$$libinit$$00000014) refers to libinit2.o(.ARM.Collect$$libinit$$0000000F) for .ARM.Collect$$libinit$$0000000F
    libinit2.o(.ARM.Collect$$libinit$$00000016) refers to libinit2.o(.ARM.Collect$$libinit$$0000000F) for .ARM.Collect$$libinit$$0000000F
    libinit2.o(.ARM.Collect$$libinit$$00000018) refers to libinit2.o(.ARM.Collect$$libinit$$0000000F) for .ARM.Collect$$libinit$$0000000F
    libinit2.o(.ARM.Collect$$libinit$$00000026) refers to argv_veneer.o(.emb_text) for __ARM_argv_veneer
    libinit2.o(.ARM.Collect$$libinit$$00000027) refers to argv_veneer.o(.emb_text) for __ARM_argv_veneer
    rtexit2.o(.ARM.Collect$$rtexit$$00000003) refers to libshutdown.o(.ARM.Collect$$libshutdown$$00000000) for __rt_lib_shutdown
    rtexit2.o(.ARM.Collect$$rtexit$$00000004) refers to sys_exit.o(.text) for _sys_exit
    rtexit2.o(.ARM.exidx) refers to rtexit2.o(.ARM.Collect$$rtexit$$00000001) for .ARM.Collect$$rtexit$$00000001
    rtexit2.o(.ARM.exidx) refers to rtexit2.o(.ARM.Collect$$rtexit$$00000003) for .ARM.Collect$$rtexit$$00000003
    rtexit2.o(.ARM.exidx) refers to rtexit2.o(.ARM.Collect$$rtexit$$00000004) for .ARM.Collect$$rtexit$$00000004
    argv_veneer.o(.emb_text) refers to no_argv.o(.text) for __ARM_get_argv
    sys_exit.o(.text) refers (Special) to use_no_semi.o(.text) for __I$use$semihosting
    sys_exit.o(.text) refers (Special) to indicate_semi.o(.text) for __semihosting_library_function
    _get_argv_nomalloc.o(.text) refers (Special) to hrguard.o(.text) for __heap_region$guard
    _get_argv_nomalloc.o(.text) refers to defsig_rtmem_outer.o(.text) for __rt_SIGRTMEM
    _get_argv_nomalloc.o(.text) refers to sys_command.o(.text) for _sys_command_string
    libshutdown.o(.ARM.Collect$$libshutdown$$00000000) refers (Special) to libshutdown2.o(.ARM.Collect$$libshutdown$$00000004) for __rt_lib_shutdown_cpp_1
    libshutdown.o(.ARM.Collect$$libshutdown$$00000000) refers (Special) to libshutdown2.o(.ARM.Collect$$libshutdown$$00000002) for __rt_lib_shutdown_fini_1
    libshutdown.o(.ARM.Collect$$libshutdown$$00000000) refers (Special) to libshutdown2.o(.ARM.Collect$$libshutdown$$00000009) for __rt_lib_shutdown_fp_trap_1
    libshutdown.o(.ARM.Collect$$libshutdown$$00000000) refers (Special) to libshutdown2.o(.ARM.Collect$$libshutdown$$00000011) for __rt_lib_shutdown_heap_1
    libshutdown.o(.ARM.Collect$$libshutdown$$00000000) refers (Special) to libshutdown2.o(.ARM.Collect$$libshutdown$$00000012) for __rt_lib_shutdown_return
    libshutdown.o(.ARM.Collect$$libshutdown$$00000000) refers (Special) to libshutdown2.o(.ARM.Collect$$libshutdown$$0000000C) for __rt_lib_shutdown_signal_1
    libshutdown.o(.ARM.Collect$$libshutdown$$00000000) refers (Special) to libshutdown2.o(.ARM.Collect$$libshutdown$$00000006) for __rt_lib_shutdown_stdio_1
    libshutdown.o(.ARM.Collect$$libshutdown$$00000000) refers (Special) to libshutdown2.o(.ARM.Collect$$libshutdown$$0000000E) for __rt_lib_shutdown_user_alloc_1
    sys_command.o(.text) refers (Special) to use_no_semi.o(.text) for __I$use$semihosting
    sys_command.o(.text) refers (Special) to indicate_semi.o(.text) for __semihosting_library_function
    defsig_rtmem_outer.o(.text) refers to defsig_rtmem_inner.o(.text) for __rt_SIGRTMEM_inner
    defsig_rtmem_outer.o(.text) refers to defsig_exit.o(.text) for __sig_exit
    defsig_rtmem_formal.o(.text) refers to rt_raise.o(.text) for __rt_raise
    rt_raise.o(.text) refers to __raise.o(.text) for __raise
    rt_raise.o(.text) refers to sys_exit.o(.text) for _sys_exit
    defsig_exit.o(.text) refers to sys_exit.o(.text) for _sys_exit
    defsig_rtmem_inner.o(.text) refers to defsig_general.o(.text) for __default_signal_display
    __raise.o(.text) refers to defsig.o(CL$$defsig) for __default_signal_handler
    defsig_general.o(.text) refers to sys_wrch.o(.text) for _ttywrch
    sys_wrch.o(.text) refers (Special) to use_no_semi.o(.text) for __I$use$semihosting
    sys_wrch.o(.text) refers (Special) to indicate_semi.o(.text) for __semihosting_library_function
    defsig.o(CL$$defsig) refers to defsig_rtmem_inner.o(.text) for __rt_SIGRTMEM_inner
    defsig_abrt_inner.o(.text) refers to defsig_general.o(.text) for __default_signal_display
    defsig_fpe_inner.o(.text) refers to defsig_general.o(.text) for __default_signal_display
    defsig_rtred_inner.o(.text) refers to defsig_general.o(.text) for __default_signal_display
    defsig_stak_inner.o(.text) refers to defsig_general.o(.text) for __default_signal_display
    defsig_pvfn_inner.o(.text) refers to defsig_general.o(.text) for __default_signal_display
    defsig_cppl_inner.o(.text) refers to defsig_general.o(.text) for __default_signal_display
    defsig_segv_inner.o(.text) refers to defsig_general.o(.text) for __default_signal_display
    defsig_other.o(.text) refers to defsig_general.o(.text) for __default_signal_display


==============================================================================

Removing Unused input sections from the image.

    Removing main.o(.rev16_text), (4 bytes).
    Removing main.o(.revsh_text), (4 bytes).
    Removing main.o(.rrx_text), (6 bytes).
    Removing sysinit.o(.rev16_text), (4 bytes).
    Removing sysinit.o(.revsh_text), (4 bytes).
    Removing sysinit.o(.rrx_text), (6 bytes).
    Removing i2c.o(.rev16_text), (4 bytes).
    Removing i2c.o(.revsh_text), (4 bytes).
    Removing i2c.o(.rrx_text), (6 bytes).
    Removing lcd.o(.rev16_text), (4 bytes).
    Removing lcd.o(.revsh_text), (4 bytes).
    Removing lcd.o(.rrx_text), (6 bytes).
    Removing delay.o(.rev16_text), (4 bytes).
    Removing delay.o(.revsh_text), (4 bytes).
    Removing delay.o(.rrx_text), (6 bytes).
    Removing delay.o(i.delayDWT_nb_ms), (40 bytes).
    Removing delay.o(i.delayDWT_nb_us), (44 bytes).
    Removing delay.o(i.delaySimple_us), (60 bytes).
    Removing rtc.o(.rev16_text), (4 bytes).
    Removing rtc.o(.revsh_text), (4 bytes).
    Removing rtc.o(.rrx_text), (6 bytes).
    Removing gpio.o(.rev16_text), (4 bytes).
    Removing gpio.o(.revsh_text), (4 bytes).
    Removing gpio.o(.rrx_text), (6 bytes).
    Removing scheduler.o(.rev16_text), (4 bytes).
    Removing scheduler.o(.revsh_text), (4 bytes).
    Removing scheduler.o(.rrx_text), (6 bytes).
    Removing matrix_keyboard.o(.rev16_text), (4 bytes).
    Removing matrix_keyboard.o(.revsh_text), (4 bytes).
    Removing matrix_keyboard.o(.rrx_text), (6 bytes).
    Removing matrix_keyboard.o(i.ui_init), (28 bytes).
    Removing system_stm32f10x.o(.rev16_text), (4 bytes).
    Removing system_stm32f10x.o(.revsh_text), (4 bytes).
    Removing system_stm32f10x.o(.rrx_text), (6 bytes).
    Removing system_stm32f10x.o(i.SystemCoreClockUpdate), (164 bytes).

35 unused section(s) (total 476 bytes) removed from the image.

==============================================================================

Image Symbol Table

    Local Symbols

    Symbol Name                              Value     Ov Type        Size  Object(Section)

    ../clib/angel/boardlib.s                 0x00000000   Number         0  boardshut.o ABSOLUTE
    ../clib/angel/boardlib.s                 0x00000000   Number         0  boardinit1.o ABSOLUTE
    ../clib/angel/boardlib.s                 0x00000000   Number         0  boardinit3.o ABSOLUTE
    ../clib/angel/boardlib.s                 0x00000000   Number         0  boardinit2.o ABSOLUTE
    ../clib/angel/handlers.s                 0x00000000   Number         0  __scatter_copy.o ABSOLUTE
    ../clib/angel/handlers.s                 0x00000000   Number         0  __scatter_zi.o ABSOLUTE
    ../clib/angel/kernel.s                   0x00000000   Number         0  rtexit2.o ABSOLUTE
    ../clib/angel/kernel.s                   0x00000000   Number         0  __rtentry4.o ABSOLUTE
    ../clib/angel/kernel.s                   0x00000000   Number         0  __rtentry.o ABSOLUTE
    ../clib/angel/kernel.s                   0x00000000   Number         0  __rtentry2.o ABSOLUTE
    ../clib/angel/kernel.s                   0x00000000   Number         0  rtexit.o ABSOLUTE
    ../clib/angel/rt.s                       0x00000000   Number         0  rt_raise.o ABSOLUTE
    ../clib/angel/scatter.s                  0x00000000   Number         0  __scatter.o ABSOLUTE
    ../clib/angel/startup.s                  0x00000000   Number         0  __main.o ABSOLUTE
    ../clib/angel/sys.s                      0x00000000   Number         0  libspace.o ABSOLUTE
    ../clib/angel/sys.s                      0x00000000   Number         0  indicate_semi.o ABSOLUTE
    ../clib/angel/sys.s                      0x00000000   Number         0  use_no_semi.o ABSOLUTE
    ../clib/angel/sys.s                      0x00000000   Number         0  sys_stackheap_outer.o ABSOLUTE
    ../clib/angel/sysapp.c                   0x00000000   Number         0  sys_command.o ABSOLUTE
    ../clib/angel/sysapp.c                   0x00000000   Number         0  sys_wrch.o ABSOLUTE
    ../clib/angel/sysapp.c                   0x00000000   Number         0  sys_exit.o ABSOLUTE
    ../clib/armsys.c                         0x00000000   Number         0  _get_argv_nomalloc.o ABSOLUTE
    ../clib/armsys.c                         0x00000000   Number         0  argv_veneer.o ABSOLUTE
    ../clib/armsys.c                         0x00000000   Number         0  argv_veneer.o ABSOLUTE
    ../clib/armsys.c                         0x00000000   Number         0  no_argv.o ABSOLUTE
    ../clib/heapalloc.c                      0x00000000   Number         0  hrguard.o ABSOLUTE
    ../clib/heapaux.c                        0x00000000   Number         0  heapauxi.o ABSOLUTE
    ../clib/libinit.s                        0x00000000   Number         0  libinit.o ABSOLUTE
    ../clib/libinit.s                        0x00000000   Number         0  libinit2.o ABSOLUTE
    ../clib/libinit.s                        0x00000000   Number         0  libshutdown2.o ABSOLUTE
    ../clib/libinit.s                        0x00000000   Number         0  libshutdown.o ABSOLUTE
    ../clib/memcpset.s                       0x00000000   Number         0  rt_memcpy_w.o ABSOLUTE
    ../clib/misc.s                           0x00000000   Number         0  printf_stubs.o ABSOLUTE
    ../clib/printf.c                         0x00000000   Number         0  _printf_intcommon.o ABSOLUTE
    ../clib/printf.c                         0x00000000   Number         0  __2sprintf.o ABSOLUTE
    ../clib/printf.c                         0x00000000   Number         0  __printf_ss_wp.o ABSOLUTE
    ../clib/printf.c                         0x00000000   Number         0  noretval__2sprintf.o ABSOLUTE
    ../clib/printf.c                         0x00000000   Number         0  __printf.o ABSOLUTE
    ../clib/printf.c                         0x00000000   Number         0  _printf_pad.o ABSOLUTE
    ../clib/printf.c                         0x00000000   Number         0  _printf_str.o ABSOLUTE
    ../clib/printf.c                         0x00000000   Number         0  _printf_dec.o ABSOLUTE
    ../clib/printf.c                         0x00000000   Number         0  __printf_flags.o ABSOLUTE
    ../clib/printf.c                         0x00000000   Number         0  __printf_ss.o ABSOLUTE
    ../clib/printf.c                         0x00000000   Number         0  __printf_flags_ss.o ABSOLUTE
    ../clib/printf.c                         0x00000000   Number         0  __printf_wp.o ABSOLUTE
    ../clib/printf.c                         0x00000000   Number         0  __printf_nopercent.o ABSOLUTE
    ../clib/printf.c                         0x00000000   Number         0  __printf_flags_wp.o ABSOLUTE
    ../clib/printf.c                         0x00000000   Number         0  __printf_flags_ss_wp.o ABSOLUTE
    ../clib/printf.c                         0x00000000   Number         0  _printf_char.o ABSOLUTE
    ../clib/printf.c                         0x00000000   Number         0  _sputc.o ABSOLUTE
    ../clib/printf.c                         0x00000000   Number         0  _printf_char_common.o ABSOLUTE
    ../clib/printf_percent.s                 0x00000000   Number         0  _printf_percent_end.o ABSOLUTE
    ../clib/printf_percent.s                 0x00000000   Number         0  _printf_s.o ABSOLUTE
    ../clib/printf_percent.s                 0x00000000   Number         0  _printf_percent.o ABSOLUTE
    ../clib/printf_percent.s                 0x00000000   Number         0  _printf_d.o ABSOLUTE
    ../clib/signal.c                         0x00000000   Number         0  __raise.o ABSOLUTE
    ../clib/signal.c                         0x00000000   Number         0  defsig_rtmem_inner.o ABSOLUTE
    ../clib/signal.c                         0x00000000   Number         0  defsig_rtmem_formal.o ABSOLUTE
    ../clib/signal.c                         0x00000000   Number         0  defsig_rtmem_outer.o ABSOLUTE
    ../clib/signal.c                         0x00000000   Number         0  defsig_pvfn_inner.o ABSOLUTE
    ../clib/signal.c                         0x00000000   Number         0  defsig_other.o ABSOLUTE
    ../clib/signal.c                         0x00000000   Number         0  defsig_segv_inner.o ABSOLUTE
    ../clib/signal.c                         0x00000000   Number         0  defsig_cppl_inner.o ABSOLUTE
    ../clib/signal.c                         0x00000000   Number         0  defsig_exit.o ABSOLUTE
    ../clib/signal.c                         0x00000000   Number         0  defsig_stak_inner.o ABSOLUTE
    ../clib/signal.c                         0x00000000   Number         0  defsig_rtred_inner.o ABSOLUTE
    ../clib/signal.c                         0x00000000   Number         0  defsig_fpe_inner.o ABSOLUTE
    ../clib/signal.c                         0x00000000   Number         0  defsig_abrt_inner.o ABSOLUTE
    ../clib/signal.c                         0x00000000   Number         0  defsig_general.o ABSOLUTE
    ../clib/signal.s                         0x00000000   Number         0  defsig.o ABSOLUTE
    ../clib/stdlib.c                         0x00000000   Number         0  exit.o ABSOLUTE
    ../fplib/fpinit.s                        0x00000000   Number         0  fpinit.o ABSOLUTE
    Core\\delay.c                            0x00000000   Number         0  delay.o ABSOLUTE
    Core\\gpio.c                             0x00000000   Number         0  gpio.o ABSOLUTE
    Core\\i2c.c                              0x00000000   Number         0  i2c.o ABSOLUTE
    Core\\lcd.c                              0x00000000   Number         0  lcd.o ABSOLUTE
    Core\\matrix_keyboard.c                  0x00000000   Number         0  matrix_keyboard.o ABSOLUTE
    Core\\rtc.c                              0x00000000   Number         0  rtc.o ABSOLUTE
    Core\\scheduler.c                        0x00000000   Number         0  scheduler.o ABSOLUTE
    Core\\sysinit.c                          0x00000000   Number         0  sysinit.o ABSOLUTE
    Core\delay.c                             0x00000000   Number         0  delay.o ABSOLUTE
    Core\gpio.c                              0x00000000   Number         0  gpio.o ABSOLUTE
    Core\i2c.c                               0x00000000   Number         0  i2c.o ABSOLUTE
    Core\lcd.c                               0x00000000   Number         0  lcd.o ABSOLUTE
    Core\matrix_keyboard.c                   0x00000000   Number         0  matrix_keyboard.o ABSOLUTE
    Core\rtc.c                               0x00000000   Number         0  rtc.o ABSOLUTE
    Core\scheduler.c                         0x00000000   Number         0  scheduler.o ABSOLUTE
    Core\sysinit.c                           0x00000000   Number         0  sysinit.o ABSOLUTE
    RTE\Device\STM32F103C8\startup_stm32f10x_md.s 0x00000000   Number         0  startup_stm32f10x_md.o ABSOLUTE
    RTE\Device\STM32F103C8\system_stm32f10x.c 0x00000000   Number         0  system_stm32f10x.o ABSOLUTE
    RTE\\Device\\STM32F103C8\\system_stm32f10x.c 0x00000000   Number         0  system_stm32f10x.o ABSOLUTE
    dc.s                                     0x00000000   Number         0  dc.o ABSOLUTE
    main.c                                   0x00000000   Number         0  main.o ABSOLUTE
    main.c                                   0x00000000   Number         0  main.o ABSOLUTE
    RESET                                    0x08000000   Section      236  startup_stm32f10x_md.o(RESET)
    !!!main                                  0x080000ec   Section        8  __main.o(!!!main)
    !!!scatter                               0x080000f4   Section       52  __scatter.o(!!!scatter)
    !!handler_copy                           0x08000128   Section       26  __scatter_copy.o(!!handler_copy)
    !!handler_zi                             0x08000144   Section       28  __scatter_zi.o(!!handler_zi)
    .ARM.Collect$$_printf_percent$$00000000  0x08000160   Section        0  _printf_percent.o(.ARM.Collect$$_printf_percent$$00000000)
    .ARM.Collect$$_printf_percent$$00000009  0x08000160   Section        6  _printf_d.o(.ARM.Collect$$_printf_percent$$00000009)
    .ARM.Collect$$_printf_percent$$00000014  0x08000166   Section        6  _printf_s.o(.ARM.Collect$$_printf_percent$$00000014)
    .ARM.Collect$$_printf_percent$$00000017  0x0800016c   Section        4  _printf_percent_end.o(.ARM.Collect$$_printf_percent$$00000017)
    .ARM.Collect$$libinit$$00000000          0x08000170   Section        2  libinit.o(.ARM.Collect$$libinit$$00000000)
    .ARM.Collect$$libinit$$00000002          0x08000172   Section        0  libinit2.o(.ARM.Collect$$libinit$$00000002)
    .ARM.Collect$$libinit$$00000004          0x08000172   Section        0  libinit2.o(.ARM.Collect$$libinit$$00000004)
    .ARM.Collect$$libinit$$0000000A          0x08000172   Section        0  libinit2.o(.ARM.Collect$$libinit$$0000000A)
    .ARM.Collect$$libinit$$0000000C          0x08000172   Section        0  libinit2.o(.ARM.Collect$$libinit$$0000000C)
    .ARM.Collect$$libinit$$0000000E          0x08000172   Section        0  libinit2.o(.ARM.Collect$$libinit$$0000000E)
    .ARM.Collect$$libinit$$00000011          0x08000172   Section        0  libinit2.o(.ARM.Collect$$libinit$$00000011)
    .ARM.Collect$$libinit$$00000013          0x08000172   Section        0  libinit2.o(.ARM.Collect$$libinit$$00000013)
    .ARM.Collect$$libinit$$00000015          0x08000172   Section        0  libinit2.o(.ARM.Collect$$libinit$$00000015)
    .ARM.Collect$$libinit$$00000017          0x08000172   Section        0  libinit2.o(.ARM.Collect$$libinit$$00000017)
    .ARM.Collect$$libinit$$00000019          0x08000172   Section        0  libinit2.o(.ARM.Collect$$libinit$$00000019)
    .ARM.Collect$$libinit$$0000001B          0x08000172   Section        0  libinit2.o(.ARM.Collect$$libinit$$0000001B)
    .ARM.Collect$$libinit$$0000001D          0x08000172   Section        0  libinit2.o(.ARM.Collect$$libinit$$0000001D)
    .ARM.Collect$$libinit$$0000001F          0x08000172   Section        0  libinit2.o(.ARM.Collect$$libinit$$0000001F)
    .ARM.Collect$$libinit$$00000021          0x08000172   Section        0  libinit2.o(.ARM.Collect$$libinit$$00000021)
    .ARM.Collect$$libinit$$00000023          0x08000172   Section        0  libinit2.o(.ARM.Collect$$libinit$$00000023)
    .ARM.Collect$$libinit$$00000025          0x08000172   Section        0  libinit2.o(.ARM.Collect$$libinit$$00000025)
    .ARM.Collect$$libinit$$0000002C          0x08000172   Section        0  libinit2.o(.ARM.Collect$$libinit$$0000002C)
    .ARM.Collect$$libinit$$0000002E          0x08000172   Section        0  libinit2.o(.ARM.Collect$$libinit$$0000002E)
    .ARM.Collect$$libinit$$00000030          0x08000172   Section        0  libinit2.o(.ARM.Collect$$libinit$$00000030)
    .ARM.Collect$$libinit$$00000032          0x08000172   Section        0  libinit2.o(.ARM.Collect$$libinit$$00000032)
    .ARM.Collect$$libinit$$00000033          0x08000172   Section        2  libinit2.o(.ARM.Collect$$libinit$$00000033)
    .ARM.Collect$$libshutdown$$00000000      0x08000174   Section        2  libshutdown.o(.ARM.Collect$$libshutdown$$00000000)
    .ARM.Collect$$libshutdown$$00000002      0x08000176   Section        0  libshutdown2.o(.ARM.Collect$$libshutdown$$00000002)
    .ARM.Collect$$libshutdown$$00000004      0x08000176   Section        0  libshutdown2.o(.ARM.Collect$$libshutdown$$00000004)
    .ARM.Collect$$libshutdown$$00000006      0x08000176   Section        0  libshutdown2.o(.ARM.Collect$$libshutdown$$00000006)
    .ARM.Collect$$libshutdown$$00000009      0x08000176   Section        0  libshutdown2.o(.ARM.Collect$$libshutdown$$00000009)
    .ARM.Collect$$libshutdown$$0000000C      0x08000176   Section        0  libshutdown2.o(.ARM.Collect$$libshutdown$$0000000C)
    .ARM.Collect$$libshutdown$$0000000E      0x08000176   Section        0  libshutdown2.o(.ARM.Collect$$libshutdown$$0000000E)
    .ARM.Collect$$libshutdown$$00000011      0x08000176   Section        0  libshutdown2.o(.ARM.Collect$$libshutdown$$00000011)
    .ARM.Collect$$libshutdown$$00000012      0x08000176   Section        2  libshutdown2.o(.ARM.Collect$$libshutdown$$00000012)
    .ARM.Collect$$rtentry$$00000000          0x08000178   Section        0  __rtentry.o(.ARM.Collect$$rtentry$$00000000)
    .ARM.Collect$$rtentry$$00000002          0x08000178   Section        0  __rtentry2.o(.ARM.Collect$$rtentry$$00000002)
    .ARM.Collect$$rtentry$$00000004          0x08000178   Section        6  __rtentry4.o(.ARM.Collect$$rtentry$$00000004)
    .ARM.Collect$$rtentry$$00000009          0x0800017e   Section        0  __rtentry2.o(.ARM.Collect$$rtentry$$00000009)
    .ARM.Collect$$rtentry$$0000000A          0x0800017e   Section        4  __rtentry2.o(.ARM.Collect$$rtentry$$0000000A)
    .ARM.Collect$$rtentry$$0000000C          0x08000182   Section        0  __rtentry2.o(.ARM.Collect$$rtentry$$0000000C)
    .ARM.Collect$$rtentry$$0000000D          0x08000182   Section        8  __rtentry2.o(.ARM.Collect$$rtentry$$0000000D)
    .ARM.Collect$$rtexit$$00000000           0x0800018a   Section        2  rtexit.o(.ARM.Collect$$rtexit$$00000000)
    .ARM.Collect$$rtexit$$00000002           0x0800018c   Section        0  rtexit2.o(.ARM.Collect$$rtexit$$00000002)
    .ARM.Collect$$rtexit$$00000003           0x0800018c   Section        4  rtexit2.o(.ARM.Collect$$rtexit$$00000003)
    .ARM.Collect$$rtexit$$00000004           0x08000190   Section        6  rtexit2.o(.ARM.Collect$$rtexit$$00000004)
    .text                                    0x08000198   Section       64  startup_stm32f10x_md.o(.text)
    .text                                    0x080001d8   Section        0  noretval__2sprintf.o(.text)
    .text                                    0x08000200   Section        0  _printf_pad.o(.text)
    .text                                    0x0800024e   Section        0  _printf_str.o(.text)
    .text                                    0x080002a0   Section        0  _printf_dec.o(.text)
    .text                                    0x08000318   Section        0  __printf_flags_wp.o(.text)
    .text                                    0x08000450   Section      100  rt_memcpy_w.o(.text)
    .text                                    0x080004b4   Section        0  heapauxi.o(.text)
    .text                                    0x080004ba   Section        0  _printf_intcommon.o(.text)
    .text                                    0x0800056c   Section        0  _printf_char_common.o(.text)
    _printf_input_char                       0x0800056d   Thumb Code    10  _printf_char_common.o(.text)
    .text                                    0x0800059c   Section        0  _sputc.o(.text)
    .text                                    0x080005a6   Section        0  _printf_char.o(.text)
    .text                                    0x080005d2   Section       74  sys_stackheap_outer.o(.text)
    .text                                    0x0800061c   Section        0  exit.o(.text)
    .text                                    0x08000630   Section        8  libspace.o(.text)
    .text                                    0x08000638   Section        0  sys_exit.o(.text)
    .text                                    0x08000644   Section        2  use_no_semi.o(.text)
    .text                                    0x08000646   Section        0  indicate_semi.o(.text)
    i.DWTDelay_Init                          0x08000648   Section        0  delay.o(i.DWTDelay_Init)
    i.RTCConvertFromSeconds                  0x08000670   Section        0  rtc.o(i.RTCConvertFromSeconds)
    i.RTCConvertToSeconds                    0x08000758   Section        0  rtc.o(i.RTCConvertToSeconds)
    i.RTCGetTimeDate                         0x080007f4   Section        0  rtc.o(i.RTCGetTimeDate)
    i.RTCInitClockSource                     0x08000850   Section        0  rtc.o(i.RTCInitClockSource)
    i.RTCIsLeapYear                          0x080008a4   Section        0  rtc.o(i.RTCIsLeapYear)
    i.RTCSetTimeDate                         0x080008d8   Section        0  rtc.o(i.RTCSetTimeDate)
    i.RTC_IRQHandler                         0x08000930   Section        0  rtc.o(i.RTC_IRQHandler)
    i.SetSysClock                            0x080009a4   Section        0  system_stm32f10x.o(i.SetSysClock)
    SetSysClock                              0x080009a5   Thumb Code     2  system_stm32f10x.o(i.SetSysClock)
    i.SystemInit                             0x080009a8   Section        0  system_stm32f10x.o(i.SystemInit)
    i._is_digit                              0x08000a08   Section        0  __printf_wp.o(i._is_digit)
    i.delayDWT_ms                            0x08000a18   Section        0  delay.o(i.delayDWT_ms)
    i.delayDWT_us                            0x08000a44   Section        0  delay.o(i.delayDWT_us)
    i.deviceOff                              0x08000a70   Section        0  scheduler.o(i.deviceOff)
    i.deviceOffandSchedulerStatusOn          0x08000aa4   Section        0  scheduler.o(i.deviceOffandSchedulerStatusOn)
    i.deviceOn                               0x08000adc   Section        0  scheduler.o(i.deviceOn)
    i.displaySetSchedule                     0x08000b14   Section        0  matrix_keyboard.o(i.displaySetSchedule)
    displaySetSchedule                       0x08000b15   Thumb Code   314  matrix_keyboard.o(i.displaySetSchedule)
    i.displaySetTime                         0x08000cb4   Section        0  matrix_keyboard.o(i.displaySetTime)
    displaySetTime                           0x08000cb5   Thumb Code   156  matrix_keyboard.o(i.displaySetTime)
    i.displayUpdate                          0x08000d94   Section        0  matrix_keyboard.o(i.displayUpdate)
    displayUpdate                            0x08000d95   Thumb Code   176  matrix_keyboard.o(i.displayUpdate)
    i.getDWTCountDelay                       0x08000e84   Section        0  delay.o(i.getDWTCountDelay)
    i.getDeviceState                         0x08000e90   Section        0  scheduler.o(i.getDeviceState)
    i.getKeyPress                            0x08000e9c   Section        0  matrix_keyboard.o(i.getKeyPress)
    i.getSchedulerState                      0x08000f5c   Section        0  scheduler.o(i.getSchedulerState)
    i.gpioInit                               0x08000f68   Section        0  gpio.o(i.gpioInit)
    i.i2cInit                                0x08000fcc   Section        0  i2c.o(i.i2cInit)
    i.i2cStart                               0x080010a4   Section        0  i2c.o(i.i2cStart)
    i.i2cStop                                0x080010d4   Section        0  i2c.o(i.i2cStop)
    i.i2cWrite                               0x08001104   Section        0  i2c.o(i.i2cWrite)
    i.i2cWriteByte                           0x0800112c   Section        0  i2c.o(i.i2cWriteByte)
    i.keyboardInit                           0x080011b0   Section        0  matrix_keyboard.o(i.keyboardInit)
    i.keyboardProcessKey                     0x08001208   Section        0  matrix_keyboard.o(i.keyboardProcessKey)
    i.lcdClear                               0x080016d8   Section        0  lcd.o(i.lcdClear)
    i.lcdCursorOff                           0x080016e2   Section        0  lcd.o(i.lcdCursorOff)
    i.lcdCursorOn                            0x080016ec   Section        0  lcd.o(i.lcdCursorOn)
    i.lcdInit                                0x080016f6   Section        0  lcd.o(i.lcdInit)
    i.lcdPrintChar                           0x0800175e   Section        0  lcd.o(i.lcdPrintChar)
    i.lcdPrintString                         0x0800176a   Section        0  lcd.o(i.lcdPrintString)
    i.lcdSendCommand                         0x08001780   Section        0  lcd.o(i.lcdSendCommand)
    i.lcdSendData                            0x080017a4   Section        0  lcd.o(i.lcdSendData)
    i.lcdSendNibble                          0x080017b8   Section        0  lcd.o(i.lcdSendNibble)
    lcdSendNibble                            0x080017b9   Thumb Code   102  lcd.o(i.lcdSendNibble)
    i.lcdSetCursor                           0x0800181e   Section        0  lcd.o(i.lcdSetCursor)
    i.lcdUpdateTime                          0x0800183c   Section        0  lcd.o(i.lcdUpdateTime)
    i.lcdWrite4Bits                          0x080018e0   Section        0  lcd.o(i.lcdWrite4Bits)
    lcdWrite4Bits                            0x080018e1   Thumb Code    26  lcd.o(i.lcdWrite4Bits)
    i.main                                   0x080018fc   Section        0  main.o(i.main)
    i.readString                             0x08001938   Section        0  matrix_keyboard.o(i.readString)
    i.rtcInit                                0x0800197c   Section        0  rtc.o(i.rtcInit)
    i.scanKeyboard                           0x08001b60   Section        0  matrix_keyboard.o(i.scanKeyboard)
    i.schedulerCheck                         0x08001bdc   Section        0  scheduler.o(i.schedulerCheck)
    i.schedulerSetOffTime                    0x08001c18   Section        0  scheduler.o(i.schedulerSetOffTime)
    i.schedulerSetOnTime                     0x08001c68   Section        0  scheduler.o(i.schedulerSetOnTime)
    i.setColumn                              0x08001cb4   Section        0  matrix_keyboard.o(i.setColumn)
    i.sysClockTo72                           0x08001d10   Section        0  sysinit.o(i.sysClockTo72)
    .constdata                               0x08001e1c   Section       17  __printf_flags_wp.o(.constdata)
    maptable                                 0x08001e1c   Data          17  __printf_flags_wp.o(.constdata)
    .data                                    0x20000000   Section        4  main.o(.data)
    .data                                    0x20000004   Section        2  scheduler.o(.data)
    schedulerState                           0x20000004   Data           1  scheduler.o(.data)
    deviceState                              0x20000005   Data           1  scheduler.o(.data)
    .data                                    0x20000008   Section      100  matrix_keyboard.o(.data)
    setTimeSubmode                           0x2000000a   Data           1  matrix_keyboard.o(.data)
    TimeEditPos                              0x2000000b   Data           1  matrix_keyboard.o(.data)
    scheduleSubmode                          0x2000000c   Data           1  matrix_keyboard.o(.data)
    scheduleEditPos                          0x2000000d   Data           1  matrix_keyboard.o(.data)
    bounce                                   0x20000050   Data           4  matrix_keyboard.o(.data)
    btnOld                                   0x20000054   Data           4  matrix_keyboard.o(.data)
    prev_btn                                 0x20000058   Data           4  matrix_keyboard.o(.data)
    countShort                               0x2000005c   Data           4  matrix_keyboard.o(.data)
    countLong                                0x20000060   Data           4  matrix_keyboard.o(.data)
    longHandled                              0x20000064   Data           4  matrix_keyboard.o(.data)
    shortHandled                             0x20000068   Data           4  matrix_keyboard.o(.data)
    .data                                    0x2000006c   Section       20  system_stm32f10x.o(.data)
    .bss                                     0x20000080   Section       42  rtc.o(.bss)
    .bss                                     0x200000ac   Section       44  matrix_keyboard.o(.bss)
    tempTime                                 0x200000ac   Data          10  matrix_keyboard.o(.bss)
    scheduleTempTime                         0x200000b8   Data          32  matrix_keyboard.o(.bss)
    .bss                                     0x200000d8   Section       96  libspace.o(.bss)
    HEAP                                     0x20000138   Section      512  startup_stm32f10x_md.o(HEAP)
    Heap_Mem                                 0x20000138   Data         512  startup_stm32f10x_md.o(HEAP)
    STACK                                    0x20000338   Section     1024  startup_stm32f10x_md.o(STACK)
    Stack_Mem                                0x20000338   Data        1024  startup_stm32f10x_md.o(STACK)
    __initial_sp                             0x20000738   Data           0  startup_stm32f10x_md.o(STACK)

    Global Symbols

    Symbol Name                              Value     Ov Type        Size  Object(Section)

    BuildAttributes$$THM_ISAv4$P$D$K$B$S$PE$A:L22UL41UL21$X:L11$S22US41US21$IEEE1$IW$USESV6$~STKCKD$USESV7$~SHL$OSPACE$ROPI$EBA8$UX$STANDARDLIB$REQ8$PRES8$EABIv2 0x00000000   Number         0  anon$$obj.o ABSOLUTE
    __ARM_use_no_argv                        0x00000000   Number         0  main.o ABSOLUTE
    _printf_flags                            0x00000000   Number         0  printf_stubs.o ABSOLUTE
    _printf_return_value                     0x00000000   Number         0  printf_stubs.o ABSOLUTE
    _printf_sizespec                         0x00000000   Number         0  printf_stubs.o ABSOLUTE
    _printf_widthprec                        0x00000000   Number         0  printf_stubs.o ABSOLUTE
    __ARM_exceptions_init                     - Undefined Weak Reference
    __alloca_initialize                       - Undefined Weak Reference
    __arm_fini_                               - Undefined Weak Reference
    __arm_preinit_                            - Undefined Weak Reference
    __cpp_initialize__aeabi_                  - Undefined Weak Reference
    __cxa_finalize                            - Undefined Weak Reference
    __rt_locale                               - Undefined Weak Reference
    __sigvec_lookup                           - Undefined Weak Reference
    _atexit_init                              - Undefined Weak Reference
    _call_atexit_fns                          - Undefined Weak Reference
    _clock_init                               - Undefined Weak Reference
    _fp_trap_init                             - Undefined Weak Reference
    _fp_trap_shutdown                         - Undefined Weak Reference
    _get_lc_collate                           - Undefined Weak Reference
    _get_lc_ctype                             - Undefined Weak Reference
    _get_lc_monetary                          - Undefined Weak Reference
    _get_lc_numeric                           - Undefined Weak Reference
    _get_lc_time                              - Undefined Weak Reference
    _getenv_init                              - Undefined Weak Reference
    _handle_redirection                       - Undefined Weak Reference
    _init_alloc                               - Undefined Weak Reference
    _init_user_alloc                          - Undefined Weak Reference
    _initio                                   - Undefined Weak Reference
    _printf_mbtowc                            - Undefined Weak Reference
    _printf_truncate_signed                   - Undefined Weak Reference
    _printf_truncate_unsigned                 - Undefined Weak Reference
    _rand_init                                - Undefined Weak Reference
    _signal_finish                            - Undefined Weak Reference
    _signal_init                              - Undefined Weak Reference
    _terminate_alloc                          - Undefined Weak Reference
    _terminate_user_alloc                     - Undefined Weak Reference
    _terminateio                              - Undefined Weak Reference
    __Vectors_Size                           0x000000ec   Number         0  startup_stm32f10x_md.o ABSOLUTE
    __Vectors                                0x08000000   Data           4  startup_stm32f10x_md.o(RESET)
    __Vectors_End                            0x080000ec   Data           0  startup_stm32f10x_md.o(RESET)
    __main                                   0x080000ed   Thumb Code     8  __main.o(!!!main)
    __scatterload                            0x080000f5   Thumb Code     0  __scatter.o(!!!scatter)
    __scatterload_rt2                        0x080000f5   Thumb Code    44  __scatter.o(!!!scatter)
    __scatterload_rt2_thumb_only             0x080000f5   Thumb Code     0  __scatter.o(!!!scatter)
    __scatterload_null                       0x08000103   Thumb Code     0  __scatter.o(!!!scatter)
    __scatterload_copy                       0x08000129   Thumb Code    26  __scatter_copy.o(!!handler_copy)
    __scatterload_zeroinit                   0x08000145   Thumb Code    28  __scatter_zi.o(!!handler_zi)
    _printf_d                                0x08000161   Thumb Code     0  _printf_d.o(.ARM.Collect$$_printf_percent$$00000009)
    _printf_percent                          0x08000161   Thumb Code     0  _printf_percent.o(.ARM.Collect$$_printf_percent$$00000000)
    _printf_s                                0x08000167   Thumb Code     0  _printf_s.o(.ARM.Collect$$_printf_percent$$00000014)
    _printf_percent_end                      0x0800016d   Thumb Code     0  _printf_percent_end.o(.ARM.Collect$$_printf_percent$$00000017)
    __rt_lib_init                            0x08000171   Thumb Code     0  libinit.o(.ARM.Collect$$libinit$$00000000)
    __rt_lib_init_alloca_1                   0x08000173   Thumb Code     0  libinit2.o(.ARM.Collect$$libinit$$0000002E)
    __rt_lib_init_argv_1                     0x08000173   Thumb Code     0  libinit2.o(.ARM.Collect$$libinit$$0000002C)
    __rt_lib_init_atexit_1                   0x08000173   Thumb Code     0  libinit2.o(.ARM.Collect$$libinit$$0000001B)
    __rt_lib_init_clock_1                    0x08000173   Thumb Code     0  libinit2.o(.ARM.Collect$$libinit$$00000021)
    __rt_lib_init_cpp_1                      0x08000173   Thumb Code     0  libinit2.o(.ARM.Collect$$libinit$$00000032)
    __rt_lib_init_exceptions_1               0x08000173   Thumb Code     0  libinit2.o(.ARM.Collect$$libinit$$00000030)
    __rt_lib_init_fp_1                       0x08000173   Thumb Code     0  libinit2.o(.ARM.Collect$$libinit$$00000002)
    __rt_lib_init_fp_trap_1                  0x08000173   Thumb Code     0  libinit2.o(.ARM.Collect$$libinit$$0000001F)
    __rt_lib_init_getenv_1                   0x08000173   Thumb Code     0  libinit2.o(.ARM.Collect$$libinit$$00000023)
    __rt_lib_init_heap_1                     0x08000173   Thumb Code     0  libinit2.o(.ARM.Collect$$libinit$$0000000A)
    __rt_lib_init_lc_collate_1               0x08000173   Thumb Code     0  libinit2.o(.ARM.Collect$$libinit$$00000011)
    __rt_lib_init_lc_ctype_1                 0x08000173   Thumb Code     0  libinit2.o(.ARM.Collect$$libinit$$00000013)
    __rt_lib_init_lc_monetary_1              0x08000173   Thumb Code     0  libinit2.o(.ARM.Collect$$libinit$$00000015)
    __rt_lib_init_lc_numeric_1               0x08000173   Thumb Code     0  libinit2.o(.ARM.Collect$$libinit$$00000017)
    __rt_lib_init_lc_time_1                  0x08000173   Thumb Code     0  libinit2.o(.ARM.Collect$$libinit$$00000019)
    __rt_lib_init_preinit_1                  0x08000173   Thumb Code     0  libinit2.o(.ARM.Collect$$libinit$$00000004)
    __rt_lib_init_rand_1                     0x08000173   Thumb Code     0  libinit2.o(.ARM.Collect$$libinit$$0000000E)
    __rt_lib_init_return                     0x08000173   Thumb Code     0  libinit2.o(.ARM.Collect$$libinit$$00000033)
    __rt_lib_init_signal_1                   0x08000173   Thumb Code     0  libinit2.o(.ARM.Collect$$libinit$$0000001D)
    __rt_lib_init_stdio_1                    0x08000173   Thumb Code     0  libinit2.o(.ARM.Collect$$libinit$$00000025)
    __rt_lib_init_user_alloc_1               0x08000173   Thumb Code     0  libinit2.o(.ARM.Collect$$libinit$$0000000C)
    __rt_lib_shutdown                        0x08000175   Thumb Code     0  libshutdown.o(.ARM.Collect$$libshutdown$$00000000)
    __rt_lib_shutdown_cpp_1                  0x08000177   Thumb Code     0  libshutdown2.o(.ARM.Collect$$libshutdown$$00000004)
    __rt_lib_shutdown_fini_1                 0x08000177   Thumb Code     0  libshutdown2.o(.ARM.Collect$$libshutdown$$00000002)
    __rt_lib_shutdown_fp_trap_1              0x08000177   Thumb Code     0  libshutdown2.o(.ARM.Collect$$libshutdown$$00000009)
    __rt_lib_shutdown_heap_1                 0x08000177   Thumb Code     0  libshutdown2.o(.ARM.Collect$$libshutdown$$00000011)
    __rt_lib_shutdown_return                 0x08000177   Thumb Code     0  libshutdown2.o(.ARM.Collect$$libshutdown$$00000012)
    __rt_lib_shutdown_signal_1               0x08000177   Thumb Code     0  libshutdown2.o(.ARM.Collect$$libshutdown$$0000000C)
    __rt_lib_shutdown_stdio_1                0x08000177   Thumb Code     0  libshutdown2.o(.ARM.Collect$$libshutdown$$00000006)
    __rt_lib_shutdown_user_alloc_1           0x08000177   Thumb Code     0  libshutdown2.o(.ARM.Collect$$libshutdown$$0000000E)
    __rt_entry                               0x08000179   Thumb Code     0  __rtentry.o(.ARM.Collect$$rtentry$$00000000)
    __rt_entry_presh_1                       0x08000179   Thumb Code     0  __rtentry2.o(.ARM.Collect$$rtentry$$00000002)
    __rt_entry_sh                            0x08000179   Thumb Code     0  __rtentry4.o(.ARM.Collect$$rtentry$$00000004)
    __rt_entry_li                            0x0800017f   Thumb Code     0  __rtentry2.o(.ARM.Collect$$rtentry$$0000000A)
    __rt_entry_postsh_1                      0x0800017f   Thumb Code     0  __rtentry2.o(.ARM.Collect$$rtentry$$00000009)
    __rt_entry_main                          0x08000183   Thumb Code     0  __rtentry2.o(.ARM.Collect$$rtentry$$0000000D)
    __rt_entry_postli_1                      0x08000183   Thumb Code     0  __rtentry2.o(.ARM.Collect$$rtentry$$0000000C)
    __rt_exit                                0x0800018b   Thumb Code     0  rtexit.o(.ARM.Collect$$rtexit$$00000000)
    __rt_exit_ls                             0x0800018d   Thumb Code     0  rtexit2.o(.ARM.Collect$$rtexit$$00000003)
    __rt_exit_prels_1                        0x0800018d   Thumb Code     0  rtexit2.o(.ARM.Collect$$rtexit$$00000002)
    __rt_exit_exit                           0x08000191   Thumb Code     0  rtexit2.o(.ARM.Collect$$rtexit$$00000004)
    Reset_Handler                            0x08000199   Thumb Code     8  startup_stm32f10x_md.o(.text)
    NMI_Handler                              0x080001a1   Thumb Code     2  startup_stm32f10x_md.o(.text)
    HardFault_Handler                        0x080001a3   Thumb Code     2  startup_stm32f10x_md.o(.text)
    MemManage_Handler                        0x080001a5   Thumb Code     2  startup_stm32f10x_md.o(.text)
    BusFault_Handler                         0x080001a7   Thumb Code     2  startup_stm32f10x_md.o(.text)
    UsageFault_Handler                       0x080001a9   Thumb Code     2  startup_stm32f10x_md.o(.text)
    SVC_Handler                              0x080001ab   Thumb Code     2  startup_stm32f10x_md.o(.text)
    DebugMon_Handler                         0x080001ad   Thumb Code     2  startup_stm32f10x_md.o(.text)
    PendSV_Handler                           0x080001af   Thumb Code     2  startup_stm32f10x_md.o(.text)
    SysTick_Handler                          0x080001b1   Thumb Code     2  startup_stm32f10x_md.o(.text)
    ADC1_2_IRQHandler                        0x080001b3   Thumb Code     0  startup_stm32f10x_md.o(.text)
    CAN1_RX1_IRQHandler                      0x080001b3   Thumb Code     0  startup_stm32f10x_md.o(.text)
    CAN1_SCE_IRQHandler                      0x080001b3   Thumb Code     0  startup_stm32f10x_md.o(.text)
    DMA1_Channel1_IRQHandler                 0x080001b3   Thumb Code     0  startup_stm32f10x_md.o(.text)
    DMA1_Channel2_IRQHandler                 0x080001b3   Thumb Code     0  startup_stm32f10x_md.o(.text)
    DMA1_Channel3_IRQHandler                 0x080001b3   Thumb Code     0  startup_stm32f10x_md.o(.text)
    DMA1_Channel4_IRQHandler                 0x080001b3   Thumb Code     0  startup_stm32f10x_md.o(.text)
    DMA1_Channel5_IRQHandler                 0x080001b3   Thumb Code     0  startup_stm32f10x_md.o(.text)
    DMA1_Channel6_IRQHandler                 0x080001b3   Thumb Code     0  startup_stm32f10x_md.o(.text)
    DMA1_Channel7_IRQHandler                 0x080001b3   Thumb Code     0  startup_stm32f10x_md.o(.text)
    EXTI0_IRQHandler                         0x080001b3   Thumb Code     0  startup_stm32f10x_md.o(.text)
    EXTI15_10_IRQHandler                     0x080001b3   Thumb Code     0  startup_stm32f10x_md.o(.text)
    EXTI1_IRQHandler                         0x080001b3   Thumb Code     0  startup_stm32f10x_md.o(.text)
    EXTI2_IRQHandler                         0x080001b3   Thumb Code     0  startup_stm32f10x_md.o(.text)
    EXTI3_IRQHandler                         0x080001b3   Thumb Code     0  startup_stm32f10x_md.o(.text)
    EXTI4_IRQHandler                         0x080001b3   Thumb Code     0  startup_stm32f10x_md.o(.text)
    EXTI9_5_IRQHandler                       0x080001b3   Thumb Code     0  startup_stm32f10x_md.o(.text)
    FLASH_IRQHandler                         0x080001b3   Thumb Code     0  startup_stm32f10x_md.o(.text)
    I2C1_ER_IRQHandler                       0x080001b3   Thumb Code     0  startup_stm32f10x_md.o(.text)
    I2C1_EV_IRQHandler                       0x080001b3   Thumb Code     0  startup_stm32f10x_md.o(.text)
    I2C2_ER_IRQHandler                       0x080001b3   Thumb Code     0  startup_stm32f10x_md.o(.text)
    I2C2_EV_IRQHandler                       0x080001b3   Thumb Code     0  startup_stm32f10x_md.o(.text)
    PVD_IRQHandler                           0x080001b3   Thumb Code     0  startup_stm32f10x_md.o(.text)
    RCC_IRQHandler                           0x080001b3   Thumb Code     0  startup_stm32f10x_md.o(.text)
    RTCAlarm_IRQHandler                      0x080001b3   Thumb Code     0  startup_stm32f10x_md.o(.text)
    SPI1_IRQHandler                          0x080001b3   Thumb Code     0  startup_stm32f10x_md.o(.text)
    SPI2_IRQHandler                          0x080001b3   Thumb Code     0  startup_stm32f10x_md.o(.text)
    TAMPER_IRQHandler                        0x080001b3   Thumb Code     0  startup_stm32f10x_md.o(.text)
    TIM1_BRK_IRQHandler                      0x080001b3   Thumb Code     0  startup_stm32f10x_md.o(.text)
    TIM1_CC_IRQHandler                       0x080001b3   Thumb Code     0  startup_stm32f10x_md.o(.text)
    TIM1_TRG_COM_IRQHandler                  0x080001b3   Thumb Code     0  startup_stm32f10x_md.o(.text)
    TIM1_UP_IRQHandler                       0x080001b3   Thumb Code     0  startup_stm32f10x_md.o(.text)
    TIM2_IRQHandler                          0x080001b3   Thumb Code     0  startup_stm32f10x_md.o(.text)
    TIM3_IRQHandler                          0x080001b3   Thumb Code     0  startup_stm32f10x_md.o(.text)
    TIM4_IRQHandler                          0x080001b3   Thumb Code     0  startup_stm32f10x_md.o(.text)
    USART1_IRQHandler                        0x080001b3   Thumb Code     0  startup_stm32f10x_md.o(.text)
    USART2_IRQHandler                        0x080001b3   Thumb Code     0  startup_stm32f10x_md.o(.text)
    USART3_IRQHandler                        0x080001b3   Thumb Code     0  startup_stm32f10x_md.o(.text)
    USBWakeUp_IRQHandler                     0x080001b3   Thumb Code     0  startup_stm32f10x_md.o(.text)
    USB_HP_CAN1_TX_IRQHandler                0x080001b3   Thumb Code     0  startup_stm32f10x_md.o(.text)
    USB_LP_CAN1_RX0_IRQHandler               0x080001b3   Thumb Code     0  startup_stm32f10x_md.o(.text)
    WWDG_IRQHandler                          0x080001b3   Thumb Code     0  startup_stm32f10x_md.o(.text)
    __user_initial_stackheap                 0x080001b5   Thumb Code     0  startup_stm32f10x_md.o(.text)
    __2sprintf                               0x080001d9   Thumb Code    34  noretval__2sprintf.o(.text)
    _printf_pre_padding                      0x08000201   Thumb Code    44  _printf_pad.o(.text)
    _printf_post_padding                     0x0800022d   Thumb Code    34  _printf_pad.o(.text)
    _printf_str                              0x0800024f   Thumb Code    82  _printf_str.o(.text)
    _printf_int_dec                          0x080002a1   Thumb Code   104  _printf_dec.o(.text)
    __printf                                 0x08000319   Thumb Code   308  __printf_flags_wp.o(.text)
    __aeabi_memcpy4                          0x08000451   Thumb Code     0  rt_memcpy_w.o(.text)
    __aeabi_memcpy8                          0x08000451   Thumb Code     0  rt_memcpy_w.o(.text)
    __rt_memcpy_w                            0x08000451   Thumb Code   100  rt_memcpy_w.o(.text)
    _memcpy_lastbytes_aligned                0x08000499   Thumb Code     0  rt_memcpy_w.o(.text)
    __use_two_region_memory                  0x080004b5   Thumb Code     2  heapauxi.o(.text)
    __rt_heap_escrow$2region                 0x080004b7   Thumb Code     2  heapauxi.o(.text)
    __rt_heap_expand$2region                 0x080004b9   Thumb Code     2  heapauxi.o(.text)
    _printf_int_common                       0x080004bb   Thumb Code   178  _printf_intcommon.o(.text)
    _printf_char_common                      0x08000577   Thumb Code    32  _printf_char_common.o(.text)
    _sputc                                   0x0800059d   Thumb Code    10  _sputc.o(.text)
    _printf_cs_common                        0x080005a7   Thumb Code    20  _printf_char.o(.text)
    _printf_char                             0x080005bb   Thumb Code    16  _printf_char.o(.text)
    _printf_string                           0x080005cb   Thumb Code     8  _printf_char.o(.text)
    __user_setup_stackheap                   0x080005d3   Thumb Code    74  sys_stackheap_outer.o(.text)
    exit                                     0x0800061d   Thumb Code    18  exit.o(.text)
    __user_libspace                          0x08000631   Thumb Code     8  libspace.o(.text)
    __user_perproc_libspace                  0x08000631   Thumb Code     0  libspace.o(.text)
    __user_perthread_libspace                0x08000631   Thumb Code     0  libspace.o(.text)
    _sys_exit                                0x08000639   Thumb Code     8  sys_exit.o(.text)
    __I$use$semihosting                      0x08000645   Thumb Code     0  use_no_semi.o(.text)
    __use_no_semihosting_swi                 0x08000645   Thumb Code     2  use_no_semi.o(.text)
    __semihosting_library_function           0x08000647   Thumb Code     0  indicate_semi.o(.text)
    DWTDelay_Init                            0x08000649   Thumb Code    30  delay.o(i.DWTDelay_Init)
    RTCConvertFromSeconds                    0x08000671   Thumb Code   216  rtc.o(i.RTCConvertFromSeconds)
    RTCConvertToSeconds                      0x08000759   Thumb Code   138  rtc.o(i.RTCConvertToSeconds)
    RTCGetTimeDate                           0x080007f5   Thumb Code    82  rtc.o(i.RTCGetTimeDate)
    RTCInitClockSource                       0x08000851   Thumb Code    74  rtc.o(i.RTCInitClockSource)
    RTCIsLeapYear                            0x080008a5   Thumb Code    52  rtc.o(i.RTCIsLeapYear)
    RTCSetTimeDate                           0x080008d9   Thumb Code    84  rtc.o(i.RTCSetTimeDate)
    RTC_IRQHandler                           0x08000931   Thumb Code    98  rtc.o(i.RTC_IRQHandler)
    SystemInit                               0x080009a9   Thumb Code    78  system_stm32f10x.o(i.SystemInit)
    _is_digit                                0x08000a09   Thumb Code    14  __printf_wp.o(i._is_digit)
    delayDWT_ms                              0x08000a19   Thumb Code    38  delay.o(i.delayDWT_ms)
    delayDWT_us                              0x08000a45   Thumb Code    36  delay.o(i.delayDWT_us)
    deviceOff                                0x08000a71   Thumb Code    40  scheduler.o(i.deviceOff)
    deviceOffandSchedulerStatusOn            0x08000aa5   Thumb Code    44  scheduler.o(i.deviceOffandSchedulerStatusOn)
    deviceOn                                 0x08000add   Thumb Code    42  scheduler.o(i.deviceOn)
    getDWTCountDelay                         0x08000e85   Thumb Code     6  delay.o(i.getDWTCountDelay)
    getDeviceState                           0x08000e91   Thumb Code     6  scheduler.o(i.getDeviceState)
    getKeyPress                              0x08000e9d   Thumb Code   168  matrix_keyboard.o(i.getKeyPress)
    getSchedulerState                        0x08000f5d   Thumb Code     6  scheduler.o(i.getSchedulerState)
    gpioInit                                 0x08000f69   Thumb Code    90  gpio.o(i.gpioInit)
    i2cInit                                  0x08000fcd   Thumb Code   200  i2c.o(i.i2cInit)
    i2cStart                                 0x080010a5   Thumb Code    40  i2c.o(i.i2cStart)
    i2cStop                                  0x080010d5   Thumb Code    38  i2c.o(i.i2cStop)
    i2cWrite                                 0x08001105   Thumb Code    32  i2c.o(i.i2cWrite)
    i2cWriteByte                             0x0800112d   Thumb Code   122  i2c.o(i.i2cWriteByte)
    keyboardInit                             0x080011b1   Thumb Code    76  matrix_keyboard.o(i.keyboardInit)
    keyboardProcessKey                       0x08001209   Thumb Code  1222  matrix_keyboard.o(i.keyboardProcessKey)
    lcdClear                                 0x080016d9   Thumb Code    10  lcd.o(i.lcdClear)
    lcdCursorOff                             0x080016e3   Thumb Code    10  lcd.o(i.lcdCursorOff)
    lcdCursorOn                              0x080016ed   Thumb Code    10  lcd.o(i.lcdCursorOn)
    lcdInit                                  0x080016f7   Thumb Code   104  lcd.o(i.lcdInit)
    lcdPrintChar                             0x0800175f   Thumb Code    12  lcd.o(i.lcdPrintChar)
    lcdPrintString                           0x0800176b   Thumb Code    22  lcd.o(i.lcdPrintString)
    lcdSendCommand                           0x08001781   Thumb Code    36  lcd.o(i.lcdSendCommand)
    lcdSendData                              0x080017a5   Thumb Code    20  lcd.o(i.lcdSendData)
    lcdSetCursor                             0x0800181f   Thumb Code    28  lcd.o(i.lcdSetCursor)
    lcdUpdateTime                            0x0800183d   Thumb Code   106  lcd.o(i.lcdUpdateTime)
    main                                     0x080018fd   Thumb Code    56  main.o(i.main)
    readString                               0x08001939   Thumb Code    62  matrix_keyboard.o(i.readString)
    rtcInit                                  0x0800197d   Thumb Code   456  rtc.o(i.rtcInit)
    scanKeyboard                             0x08001b61   Thumb Code   110  matrix_keyboard.o(i.scanKeyboard)
    schedulerCheck                           0x08001bdd   Thumb Code    56  scheduler.o(i.schedulerCheck)
    schedulerSetOffTime                      0x08001c19   Thumb Code    72  scheduler.o(i.schedulerSetOffTime)
    schedulerSetOnTime                       0x08001c69   Thumb Code    68  scheduler.o(i.schedulerSetOnTime)
    setColumn                                0x08001cb5   Thumb Code    88  matrix_keyboard.o(i.setColumn)
    sysClockTo72                             0x08001d11   Thumb Code   250  sysinit.o(i.sysClockTo72)
    Region$$Table$$Base                      0x08001e30   Number         0  anon$$obj.o(Region$$Table)
    Region$$Table$$Limit                     0x08001e50   Number         0  anon$$obj.o(Region$$Table)
    keyPress                                 0x20000000   Data           4  main.o(.data)
    currentState                             0x20000008   Data           1  matrix_keyboard.o(.data)
    displayPage                              0x20000009   Data           1  matrix_keyboard.o(.data)
    keyb                                     0x20000010   Data          64  matrix_keyboard.o(.data)
    SystemCoreClock                          0x2000006c   Data           4  system_stm32f10x.o(.data)
    AHBPrescTable                            0x20000070   Data          16  system_stm32f10x.o(.data)
    deviceSchedule                           0x20000080   Data          32  rtc.o(.bss)
    currentTime                              0x200000a0   Data          10  rtc.o(.bss)
    __libspace_start                         0x200000d8   Data          96  libspace.o(.bss)
    __temporary_stack_top$libspace           0x20000138   Data           0  libspace.o(.bss)



==============================================================================

Memory Map of the image

  Image Entry point : 0x08000199

  Load Region LR_1 (Base: 0x08000000, Size: 0x00001ed0, Max: 0xffffffff, ABSOLUTE)

    Execution Region ER_RO (Exec base: 0x08000000, Load base: 0x08000000, Size: 0x00001e50, Max: 0xffffffff, ABSOLUTE)

    Exec Addr    Load Addr    Size         Type   Attr      Idx    E Section Name        Object

    0x08000000   0x08000000   0x000000ec   Data   RO          583    RESET               startup_stm32f10x_md.o
    0x080000ec   0x080000ec   0x00000008   Code   RO          670  * !!!main             c_w.l(__main.o)
    0x080000f4   0x080000f4   0x00000034   Code   RO          840    !!!scatter          c_w.l(__scatter.o)
    0x08000128   0x08000128   0x0000001a   Code   RO          842    !!handler_copy      c_w.l(__scatter_copy.o)
    0x08000142   0x08000142   0x00000002   PAD
    0x08000144   0x08000144   0x0000001c   Code   RO          844    !!handler_zi        c_w.l(__scatter_zi.o)
    0x08000160   0x08000160   0x00000000   Code   RO          665    .ARM.Collect$$_printf_percent$$00000000  c_w.l(_printf_percent.o)
    0x08000160   0x08000160   0x00000006   Code   RO          664    .ARM.Collect$$_printf_percent$$00000009  c_w.l(_printf_d.o)
    0x08000166   0x08000166   0x00000006   Code   RO          663    .ARM.Collect$$_printf_percent$$00000014  c_w.l(_printf_s.o)
    0x0800016c   0x0800016c   0x00000004   Code   RO          681    .ARM.Collect$$_printf_percent$$00000017  c_w.l(_printf_percent_end.o)
    0x08000170   0x08000170   0x00000002   Code   RO          708    .ARM.Collect$$libinit$$00000000  c_w.l(libinit.o)
    0x08000172   0x08000172   0x00000000   Code   RO          715    .ARM.Collect$$libinit$$00000002  c_w.l(libinit2.o)
    0x08000172   0x08000172   0x00000000   Code   RO          717    .ARM.Collect$$libinit$$00000004  c_w.l(libinit2.o)
    0x08000172   0x08000172   0x00000000   Code   RO          720    .ARM.Collect$$libinit$$0000000A  c_w.l(libinit2.o)
    0x08000172   0x08000172   0x00000000   Code   RO          722    .ARM.Collect$$libinit$$0000000C  c_w.l(libinit2.o)
    0x08000172   0x08000172   0x00000000   Code   RO          724    .ARM.Collect$$libinit$$0000000E  c_w.l(libinit2.o)
    0x08000172   0x08000172   0x00000000   Code   RO          727    .ARM.Collect$$libinit$$00000011  c_w.l(libinit2.o)
    0x08000172   0x08000172   0x00000000   Code   RO          729    .ARM.Collect$$libinit$$00000013  c_w.l(libinit2.o)
    0x08000172   0x08000172   0x00000000   Code   RO          731    .ARM.Collect$$libinit$$00000015  c_w.l(libinit2.o)
    0x08000172   0x08000172   0x00000000   Code   RO          733    .ARM.Collect$$libinit$$00000017  c_w.l(libinit2.o)
    0x08000172   0x08000172   0x00000000   Code   RO          735    .ARM.Collect$$libinit$$00000019  c_w.l(libinit2.o)
    0x08000172   0x08000172   0x00000000   Code   RO          737    .ARM.Collect$$libinit$$0000001B  c_w.l(libinit2.o)
    0x08000172   0x08000172   0x00000000   Code   RO          739    .ARM.Collect$$libinit$$0000001D  c_w.l(libinit2.o)
    0x08000172   0x08000172   0x00000000   Code   RO          741    .ARM.Collect$$libinit$$0000001F  c_w.l(libinit2.o)
    0x08000172   0x08000172   0x00000000   Code   RO          743    .ARM.Collect$$libinit$$00000021  c_w.l(libinit2.o)
    0x08000172   0x08000172   0x00000000   Code   RO          745    .ARM.Collect$$libinit$$00000023  c_w.l(libinit2.o)
    0x08000172   0x08000172   0x00000000   Code   RO          747    .ARM.Collect$$libinit$$00000025  c_w.l(libinit2.o)
    0x08000172   0x08000172   0x00000000   Code   RO          751    .ARM.Collect$$libinit$$0000002C  c_w.l(libinit2.o)
    0x08000172   0x08000172   0x00000000   Code   RO          753    .ARM.Collect$$libinit$$0000002E  c_w.l(libinit2.o)
    0x08000172   0x08000172   0x00000000   Code   RO          755    .ARM.Collect$$libinit$$00000030  c_w.l(libinit2.o)
    0x08000172   0x08000172   0x00000000   Code   RO          757    .ARM.Collect$$libinit$$00000032  c_w.l(libinit2.o)
    0x08000172   0x08000172   0x00000002   Code   RO          758    .ARM.Collect$$libinit$$00000033  c_w.l(libinit2.o)
    0x08000174   0x08000174   0x00000002   Code   RO          778    .ARM.Collect$$libshutdown$$00000000  c_w.l(libshutdown.o)
    0x08000176   0x08000176   0x00000000   Code   RO          791    .ARM.Collect$$libshutdown$$00000002  c_w.l(libshutdown2.o)
    0x08000176   0x08000176   0x00000000   Code   RO          793    .ARM.Collect$$libshutdown$$00000004  c_w.l(libshutdown2.o)
    0x08000176   0x08000176   0x00000000   Code   RO          795    .ARM.Collect$$libshutdown$$00000006  c_w.l(libshutdown2.o)
    0x08000176   0x08000176   0x00000000   Code   RO          798    .ARM.Collect$$libshutdown$$00000009  c_w.l(libshutdown2.o)
    0x08000176   0x08000176   0x00000000   Code   RO          801    .ARM.Collect$$libshutdown$$0000000C  c_w.l(libshutdown2.o)
    0x08000176   0x08000176   0x00000000   Code   RO          803    .ARM.Collect$$libshutdown$$0000000E  c_w.l(libshutdown2.o)
    0x08000176   0x08000176   0x00000000   Code   RO          806    .ARM.Collect$$libshutdown$$00000011  c_w.l(libshutdown2.o)
    0x08000176   0x08000176   0x00000002   Code   RO          807    .ARM.Collect$$libshutdown$$00000012  c_w.l(libshutdown2.o)
    0x08000178   0x08000178   0x00000000   Code   RO          672    .ARM.Collect$$rtentry$$00000000  c_w.l(__rtentry.o)
    0x08000178   0x08000178   0x00000000   Code   RO          683    .ARM.Collect$$rtentry$$00000002  c_w.l(__rtentry2.o)
    0x08000178   0x08000178   0x00000006   Code   RO          695    .ARM.Collect$$rtentry$$00000004  c_w.l(__rtentry4.o)
    0x0800017e   0x0800017e   0x00000000   Code   RO          685    .ARM.Collect$$rtentry$$00000009  c_w.l(__rtentry2.o)
    0x0800017e   0x0800017e   0x00000004   Code   RO          686    .ARM.Collect$$rtentry$$0000000A  c_w.l(__rtentry2.o)
    0x08000182   0x08000182   0x00000000   Code   RO          688    .ARM.Collect$$rtentry$$0000000C  c_w.l(__rtentry2.o)
    0x08000182   0x08000182   0x00000008   Code   RO          689    .ARM.Collect$$rtentry$$0000000D  c_w.l(__rtentry2.o)
    0x0800018a   0x0800018a   0x00000002   Code   RO          712    .ARM.Collect$$rtexit$$00000000  c_w.l(rtexit.o)
    0x0800018c   0x0800018c   0x00000000   Code   RO          760    .ARM.Collect$$rtexit$$00000002  c_w.l(rtexit2.o)
    0x0800018c   0x0800018c   0x00000004   Code   RO          761    .ARM.Collect$$rtexit$$00000003  c_w.l(rtexit2.o)
    0x08000190   0x08000190   0x00000006   Code   RO          762    .ARM.Collect$$rtexit$$00000004  c_w.l(rtexit2.o)
    0x08000196   0x08000196   0x00000002   PAD
    0x08000198   0x08000198   0x00000040   Code   RO          584  * .text               startup_stm32f10x_md.o
    0x080001d8   0x080001d8   0x00000028   Code   RO          633    .text               c_w.l(noretval__2sprintf.o)
    0x08000200   0x08000200   0x0000004e   Code   RO          637    .text               c_w.l(_printf_pad.o)
    0x0800024e   0x0800024e   0x00000052   Code   RO          639    .text               c_w.l(_printf_str.o)
    0x080002a0   0x080002a0   0x00000078   Code   RO          641    .text               c_w.l(_printf_dec.o)
    0x08000318   0x08000318   0x00000138   Code   RO          655    .text               c_w.l(__printf_flags_wp.o)
    0x08000450   0x08000450   0x00000064   Code   RO          666    .text               c_w.l(rt_memcpy_w.o)
    0x080004b4   0x080004b4   0x00000006   Code   RO          668    .text               c_w.l(heapauxi.o)
    0x080004ba   0x080004ba   0x000000b2   Code   RO          673    .text               c_w.l(_printf_intcommon.o)
    0x0800056c   0x0800056c   0x00000030   Code   RO          675    .text               c_w.l(_printf_char_common.o)
    0x0800059c   0x0800059c   0x0000000a   Code   RO          677    .text               c_w.l(_sputc.o)
    0x080005a6   0x080005a6   0x0000002c   Code   RO          679    .text               c_w.l(_printf_char.o)
    0x080005d2   0x080005d2   0x0000004a   Code   RO          699    .text               c_w.l(sys_stackheap_outer.o)
    0x0800061c   0x0800061c   0x00000012   Code   RO          701    .text               c_w.l(exit.o)
    0x0800062e   0x0800062e   0x00000002   PAD
    0x08000630   0x08000630   0x00000008   Code   RO          709    .text               c_w.l(libspace.o)
    0x08000638   0x08000638   0x0000000c   Code   RO          770    .text               c_w.l(sys_exit.o)
    0x08000644   0x08000644   0x00000002   Code   RO          781    .text               c_w.l(use_no_semi.o)
    0x08000646   0x08000646   0x00000000   Code   RO          783    .text               c_w.l(indicate_semi.o)
    0x08000646   0x08000646   0x00000002   PAD
    0x08000648   0x08000648   0x00000028   Code   RO          271    i.DWTDelay_Init     delay.o
    0x08000670   0x08000670   0x000000e8   Code   RO          331    i.RTCConvertFromSeconds  rtc.o
    0x08000758   0x08000758   0x0000009c   Code   RO          332    i.RTCConvertToSeconds  rtc.o
    0x080007f4   0x080007f4   0x0000005c   Code   RO          333    i.RTCGetTimeDate    rtc.o
    0x08000850   0x08000850   0x00000054   Code   RO          334    i.RTCInitClockSource  rtc.o
    0x080008a4   0x080008a4   0x00000034   Code   RO          335    i.RTCIsLeapYear     rtc.o
    0x080008d8   0x080008d8   0x00000058   Code   RO          336    i.RTCSetTimeDate    rtc.o
    0x08000930   0x08000930   0x00000074   Code   RO          337    i.RTC_IRQHandler    rtc.o
    0x080009a4   0x080009a4   0x00000002   Code   RO          591    i.SetSysClock       system_stm32f10x.o
    0x080009a6   0x080009a6   0x00000002   PAD
    0x080009a8   0x080009a8   0x00000060   Code   RO          593    i.SystemInit        system_stm32f10x.o
    0x08000a08   0x08000a08   0x0000000e   Code   RO          653    i._is_digit         c_w.l(__printf_wp.o)
    0x08000a16   0x08000a16   0x00000002   PAD
    0x08000a18   0x08000a18   0x0000002c   Code   RO          272    i.delayDWT_ms       delay.o
    0x08000a44   0x08000a44   0x0000002c   Code   RO          275    i.delayDWT_us       delay.o
    0x08000a70   0x08000a70   0x00000034   Code   RO          432    i.deviceOff         scheduler.o
    0x08000aa4   0x08000aa4   0x00000038   Code   RO          433    i.deviceOffandSchedulerStatusOn  scheduler.o
    0x08000adc   0x08000adc   0x00000038   Code   RO          434    i.deviceOn          scheduler.o
    0x08000b14   0x08000b14   0x000001a0   Code   RO          501    i.displaySetSchedule  matrix_keyboard.o
    0x08000cb4   0x08000cb4   0x000000e0   Code   RO          502    i.displaySetTime    matrix_keyboard.o
    0x08000d94   0x08000d94   0x000000f0   Code   RO          503    i.displayUpdate     matrix_keyboard.o
    0x08000e84   0x08000e84   0x0000000c   Code   RO          277    i.getDWTCountDelay  delay.o
    0x08000e90   0x08000e90   0x0000000c   Code   RO          435    i.getDeviceState    scheduler.o
    0x08000e9c   0x08000e9c   0x000000c0   Code   RO          504    i.getKeyPress       matrix_keyboard.o
    0x08000f5c   0x08000f5c   0x0000000c   Code   RO          436    i.getSchedulerState  scheduler.o
    0x08000f68   0x08000f68   0x00000064   Code   RO          405    i.gpioInit          gpio.o
    0x08000fcc   0x08000fcc   0x000000d8   Code   RO          116    i.i2cInit           i2c.o
    0x080010a4   0x080010a4   0x00000030   Code   RO          117    i.i2cStart          i2c.o
    0x080010d4   0x080010d4   0x00000030   Code   RO          118    i.i2cStop           i2c.o
    0x08001104   0x08001104   0x00000028   Code   RO          119    i.i2cWrite          i2c.o
    0x0800112c   0x0800112c   0x00000084   Code   RO          120    i.i2cWriteByte      i2c.o
    0x080011b0   0x080011b0   0x00000058   Code   RO          505    i.keyboardInit      matrix_keyboard.o
    0x08001208   0x08001208   0x000004d0   Code   RO          506    i.keyboardProcessKey  matrix_keyboard.o
    0x080016d8   0x080016d8   0x0000000a   Code   RO          173    i.lcdClear          lcd.o
    0x080016e2   0x080016e2   0x0000000a   Code   RO          174    i.lcdCursorOff      lcd.o
    0x080016ec   0x080016ec   0x0000000a   Code   RO          175    i.lcdCursorOn       lcd.o
    0x080016f6   0x080016f6   0x00000068   Code   RO          176    i.lcdInit           lcd.o
    0x0800175e   0x0800175e   0x0000000c   Code   RO          177    i.lcdPrintChar      lcd.o
    0x0800176a   0x0800176a   0x00000016   Code   RO          178    i.lcdPrintString    lcd.o
    0x08001780   0x08001780   0x00000024   Code   RO          179    i.lcdSendCommand    lcd.o
    0x080017a4   0x080017a4   0x00000014   Code   RO          180    i.lcdSendData       lcd.o
    0x080017b8   0x080017b8   0x00000066   Code   RO          181    i.lcdSendNibble     lcd.o
    0x0800181e   0x0800181e   0x0000001c   Code   RO          182    i.lcdSetCursor      lcd.o
    0x0800183a   0x0800183a   0x00000002   PAD
    0x0800183c   0x0800183c   0x000000a4   Code   RO          183    i.lcdUpdateTime     lcd.o
    0x080018e0   0x080018e0   0x0000001a   Code   RO          184    i.lcdWrite4Bits     lcd.o
    0x080018fa   0x080018fa   0x00000002   PAD
    0x080018fc   0x080018fc   0x0000003c   Code   RO            4    i.main              main.o
    0x08001938   0x08001938   0x00000044   Code   RO          507    i.readString        matrix_keyboard.o
    0x0800197c   0x0800197c   0x000001e4   Code   RO          338    i.rtcInit           rtc.o
    0x08001b60   0x08001b60   0x0000007c   Code   RO          508    i.scanKeyboard      matrix_keyboard.o
    0x08001bdc   0x08001bdc   0x0000003c   Code   RO          437    i.schedulerCheck    scheduler.o
    0x08001c18   0x08001c18   0x00000050   Code   RO          438    i.schedulerSetOffTime  scheduler.o
    0x08001c68   0x08001c68   0x0000004c   Code   RO          439    i.schedulerSetOnTime  scheduler.o
    0x08001cb4   0x08001cb4   0x0000005c   Code   RO          509    i.setColumn         matrix_keyboard.o
    0x08001d10   0x08001d10   0x0000010c   Code   RO           89    i.sysClockTo72      sysinit.o
    0x08001e1c   0x08001e1c   0x00000011   Data   RO          656    .constdata          c_w.l(__printf_flags_wp.o)
    0x08001e2d   0x08001e2d   0x00000003   PAD
    0x08001e30   0x08001e30   0x00000020   Data   RO          838    Region$$Table       anon$$obj.o


    Execution Region ER_RW (Exec base: 0x20000000, Load base: 0x08001e50, Size: 0x00000080, Max: 0xffffffff, ABSOLUTE)

    Exec Addr    Load Addr    Size         Type   Attr      Idx    E Section Name        Object

    0x20000000   0x08001e50   0x00000004   Data   RW            5    .data               main.o
    0x20000004   0x08001e54   0x00000002   Data   RW          440    .data               scheduler.o
    0x20000006   0x08001e56   0x00000002   PAD
    0x20000008   0x08001e58   0x00000064   Data   RW          512    .data               matrix_keyboard.o
    0x2000006c   0x08001ebc   0x00000014   Data   RW          594    .data               system_stm32f10x.o


    Execution Region ER_ZI (Exec base: 0x20000080, Load base: 0x08001ed0, Size: 0x000006b8, Max: 0xffffffff, ABSOLUTE)

    Exec Addr    Load Addr    Size         Type   Attr      Idx    E Section Name        Object

    0x20000080        -       0x0000002a   Zero   RW          339    .bss                rtc.o
    0x200000aa   0x08001ed0   0x00000002   PAD
    0x200000ac        -       0x0000002c   Zero   RW          511    .bss                matrix_keyboard.o
    0x200000d8        -       0x00000060   Zero   RW          710    .bss                c_w.l(libspace.o)
    0x20000138        -       0x00000200   Zero   RW          582    HEAP                startup_stm32f10x_md.o
    0x20000338        -       0x00000400   Zero   RW          581    STACK               startup_stm32f10x_md.o


==============================================================================

Image component sizes


      Code (inc. data)   RO Data    RW Data    ZI Data      Debug   Object Name

       140         30          0          0          0       1771   delay.o
       100         10          0          0          0        395   gpio.o
       484         52          0          0          0       6217   i2c.o
       544         58          0          0          0       6439   lcd.o
        60          4          0          4          0     208526   main.o
      2676        344          0        100         44       7063   matrix_keyboard.o
      1304        104          0          0         42      30899   rtc.o
       404         70          0          2          0       4105   scheduler.o
        64         26        236          0       1536        804   startup_stm32f10x_md.o
       268         18          0          0          0        491   sysinit.o
        98         18          0         20          0       1545   system_stm32f10x.o

    ----------------------------------------------------------------------
      6148        734        268        128       1624     268255   Object Totals
         0          0         32          0          0          0   (incl. Generated)
         6          0          0          2          2          0   (incl. Padding)

    ----------------------------------------------------------------------

      Code (inc. data)   RO Data    RW Data    ZI Data      Debug   Library Member Name

         8          0          0          0          0         68   __main.o
       312          4         17          0          0         92   __printf_flags_wp.o
        14          0          0          0          0         68   __printf_wp.o
         0          0          0          0          0          0   __rtentry.o
        12          0          0          0          0          0   __rtentry2.o
         6          0          0          0          0          0   __rtentry4.o
        52          8          0          0          0          0   __scatter.o
        26          0          0          0          0          0   __scatter_copy.o
        28          0          0          0          0          0   __scatter_zi.o
        44          0          0          0          0        108   _printf_char.o
        48          6          0          0          0         96   _printf_char_common.o
         6          0          0          0          0          0   _printf_d.o
       120         16          0          0          0         92   _printf_dec.o
       178          0          0          0          0         88   _printf_intcommon.o
        78          0          0          0          0        108   _printf_pad.o
         0          0          0          0          0          0   _printf_percent.o
         4          0          0          0          0          0   _printf_percent_end.o
         6          0          0          0          0          0   _printf_s.o
        82          0          0          0          0         80   _printf_str.o
        10          0          0          0          0         68   _sputc.o
        18          0          0          0          0         80   exit.o
         6          0          0          0          0        152   heapauxi.o
         0          0          0          0          0          0   indicate_semi.o
         2          0          0          0          0          0   libinit.o
         2          0          0          0          0          0   libinit2.o
         2          0          0          0          0          0   libshutdown.o
         2          0          0          0          0          0   libshutdown2.o
         8          4          0          0         96         68   libspace.o
        40          6          0          0          0         84   noretval__2sprintf.o
       100          0          0          0          0         80   rt_memcpy_w.o
         2          0          0          0          0          0   rtexit.o
        10          0          0          0          0          0   rtexit2.o
        12          4          0          0          0         68   sys_exit.o
        74          0          0          0          0         80   sys_stackheap_outer.o
         2          0          0          0          0         68   use_no_semi.o

    ----------------------------------------------------------------------
      1324         48         20          0         96       1548   Library Totals
        10          0          3          0          0          0   (incl. Padding)

    ----------------------------------------------------------------------

      Code (inc. data)   RO Data    RW Data    ZI Data      Debug   Library Name

      1314         48         17          0         96       1548   c_w.l

    ----------------------------------------------------------------------
      1324         48         20          0         96       1548   Library Totals

    ----------------------------------------------------------------------

==============================================================================


      Code (inc. data)   RO Data    RW Data    ZI Data      Debug   

      7472        782        288        128       1720     266627   Grand Totals
      7472        782        288        128       1720     266627   ELF Image Totals
      7472        782        288        128          0          0   ROM Totals

==============================================================================

    Total RO  Size (Code + RO Data)                 7760 (   7.58kB)
    Total RW  Size (RW Data + ZI Data)              1848 (   1.80kB)
    Total ROM Size (Code + RO Data + RW Data)       7888 (   7.70kB)

==============================================================================

